[ +101 ms] executing: sysctl hw.optional.arm64
[  +12 ms] Exit code 0 from: sysctl hw.optional.arm64
[        ] hw.optional.arm64: 1
[  +16 ms] Artifact Instance of 'MaterialFonts' is not required, skipping update.
[        ] Artifact Instance of 'GradleWrapper' is not required, skipping update.
[        ] Artifact Instance of 'AndroidGenSnapshotArtifacts' is not required, skipping update.
[        ] Artifact Instance of 'AndroidInternalBuildArtifacts' is not required, skipping update.
[        ] Artifact Instance of 'IOSEngineArtifacts' is not required, skipping update.
[        ] Artifact Instance of 'FlutterWebSdk' is not required, skipping update.
[   +2 ms] Artifact Instance of 'LegacyCanvasKitRemover' is not required, skipping update.
[        ] Artifact Instance of 'FlutterSdk' is not required, skipping update.
[        ] Artifact Instance of 'WindowsEngineArtifacts' is not required, skipping update.
[        ] Artifact Instance of 'MacOSEngineArtifacts' is not required, skipping update.
[        ] Artifact Instance of 'LinuxEngineArtifacts' is not required, skipping update.
[        ] Artifact Instance of 'LinuxFuchsiaSDKArtifacts' is not required, skipping update.
[        ] Artifact Instance of 'MacOSFuchsiaSDKArtifacts' is not required, skipping update.
[        ] Artifact Instance of 'FlutterRunnerSDKArtifacts' is not required, skipping update.
[        ] Artifact Instance of 'FlutterRunnerDebugSymbols' is not required, skipping update.
[        ] Artifact Instance of 'IosUsbArtifacts' is not required, skipping update.
[        ] Artifact Instance of 'IosUsbArtifacts' is not required, skipping update.
[        ] Artifact Instance of 'IosUsbArtifacts' is not required, skipping update.
[        ] Artifact Instance of 'IosUsbArtifacts' is not required, skipping update.
[        ] Artifact Instance of 'IosUsbArtifacts' is not required, skipping update.
[        ] Artifact Instance of 'IosUsbArtifacts' is not required, skipping update.
[        ] Artifact Instance of 'FontSubsetArtifacts' is not required, skipping update.
[        ] Artifact Instance of 'PubDependencies' is not required, skipping update.
[   +1 ms] executing: [/opt/homebrew/share/flutter/] git -c log.showSignature=false log HEAD -n 1 --pretty=format:%ad --date=iso
[  +63 ms] Exit code 0 from: git -c log.showSignature=false log HEAD -n 1 --pretty=format:%ad --date=iso
[   +4 ms] 2026-01-28 13:43:12 -0800
[  +25 ms] Artifact Instance of 'AndroidGenSnapshotArtifacts' is not required, skipping update.
[        ] Artifact Instance of 'AndroidInternalBuildArtifacts' is not required, skipping update.
[        ] Artifact Instance of 'IOSEngineArtifacts' is not required, skipping update.
[        ] Artifact Instance of 'FlutterWebSdk' is not required, skipping update.
[        ] Artifact Instance of 'FlutterEngineStamp' is not required, skipping update.
[        ] Artifact Instance of 'LegacyCanvasKitRemover' is not required, skipping update.
[   +3 ms] Artifact Instance of 'WindowsEngineArtifacts' is not required, skipping update.
[        ] Artifact Instance of 'MacOSEngineArtifacts' is not required, skipping update.
[        ] Artifact Instance of 'LinuxEngineArtifacts' is not required, skipping update.
[        ] Artifact Instance of 'LinuxFuchsiaSDKArtifacts' is not required, skipping update.
[        ] Artifact Instance of 'MacOSFuchsiaSDKArtifacts' is not required, skipping update.
[        ] Artifact Instance of 'FlutterRunnerSDKArtifacts' is not required, skipping update.
[        ] Artifact Instance of 'FlutterRunnerDebugSymbols' is not required, skipping update.
[  +72 ms] Artifact Instance of 'MaterialFonts' is not required, skipping update.
[        ] Artifact Instance of 'GradleWrapper' is not required, skipping update.
[   +2 ms] Artifact Instance of 'AndroidInternalBuildArtifacts' is not required, skipping update.
[        ] Artifact Instance of 'IOSEngineArtifacts' is not required, skipping update.
[        ] Artifact Instance of 'FlutterWebSdk' is not required, skipping update.
[        ] Artifact Instance of 'FlutterEngineStamp' is not required, skipping update.
[        ] Artifact Instance of 'LegacyCanvasKitRemover' is not required, skipping update.
[        ] Artifact Instance of 'FlutterSdk' is not required, skipping update.
[        ] Artifact Instance of 'WindowsEngineArtifacts' is not required, skipping update.
[        ] Artifact Instance of 'MacOSEngineArtifacts' is not required, skipping update.
[        ] Artifact Instance of 'LinuxEngineArtifacts' is not required, skipping update.
[        ] Artifact Instance of 'LinuxFuchsiaSDKArtifacts' is not required, skipping update.
[        ] Artifact Instance of 'MacOSFuchsiaSDKArtifacts' is not required, skipping update.
[        ] Artifact Instance of 'FlutterRunnerSDKArtifacts' is not required, skipping update.
[        ] Artifact Instance of 'FlutterRunnerDebugSymbols' is not required, skipping update.
[        ] Artifact Instance of 'IosUsbArtifacts' is not required, skipping update.
[        ] Artifact Instance of 'IosUsbArtifacts' is not required, skipping update.
[        ] Artifact Instance of 'IosUsbArtifacts' is not required, skipping update.
[        ] Artifact Instance of 'IosUsbArtifacts' is not required, skipping update.
[        ] Artifact Instance of 'IosUsbArtifacts' is not required, skipping update.
[        ] Artifact Instance of 'IosUsbArtifacts' is not required, skipping update.
[        ] Artifact Instance of 'FontSubsetArtifacts' is not required, skipping update.
[        ] Artifact Instance of 'PubDependencies' is not required, skipping update.
[ +160 ms] Skipping pub get: version match.
[+1622 ms] Found plugin google_sign_in at /Users/devaananth/.pub-cache/hosted/pub.dev/google_sign_in-6.3.0/
[  +13 ms] Found plugin google_sign_in_web at /Users/devaananth/.pub-cache/hosted/pub.dev/google_sign_in_web-0.12.4+4/
[  +60 ms] Found plugin google_sign_in_ios at /Users/devaananth/.pub-cache/hosted/pub.dev/google_sign_in_ios-5.9.0/
[   +9 ms] Found plugin google_sign_in_android at /Users/devaananth/.pub-cache/hosted/pub.dev/google_sign_in_android-6.2.1/
[   +7 ms] Found plugin firebase_core at /Users/devaananth/.pub-cache/hosted/pub.dev/firebase_core-4.6.0/
[  +16 ms] Found plugin firebase_core_web at /Users/devaananth/.pub-cache/hosted/pub.dev/firebase_core_web-3.5.1/
[  +15 ms] Found plugin firebase_auth at /Users/devaananth/.pub-cache/hosted/pub.dev/firebase_auth-6.3.0/
[  +10 ms] Found plugin firebase_auth_web at /Users/devaananth/.pub-cache/hosted/pub.dev/firebase_auth_web-6.1.4/
[  +42 ms] Found plugin cloud_firestore at /Users/devaananth/.pub-cache/hosted/pub.dev/cloud_firestore-6.2.0/
[  +12 ms] Found plugin cloud_firestore_web at /Users/devaananth/.pub-cache/hosted/pub.dev/cloud_firestore_web-5.2.0/
[ +137 ms] Found plugin google_sign_in at /Users/devaananth/.pub-cache/hosted/pub.dev/google_sign_in-6.3.0/
[   +3 ms] Found plugin google_sign_in_web at /Users/devaananth/.pub-cache/hosted/pub.dev/google_sign_in_web-0.12.4+4/
[  +19 ms] Found plugin google_sign_in_ios at /Users/devaananth/.pub-cache/hosted/pub.dev/google_sign_in_ios-5.9.0/
[   +3 ms] Found plugin google_sign_in_android at /Users/devaananth/.pub-cache/hosted/pub.dev/google_sign_in_android-6.2.1/
[   +4 ms] Found plugin firebase_core at /Users/devaananth/.pub-cache/hosted/pub.dev/firebase_core-4.6.0/
[   +2 ms] Found plugin firebase_core_web at /Users/devaananth/.pub-cache/hosted/pub.dev/firebase_core_web-3.5.1/
[   +4 ms] Found plugin firebase_auth at /Users/devaananth/.pub-cache/hosted/pub.dev/firebase_auth-6.3.0/
[   +3 ms] Found plugin firebase_auth_web at /Users/devaananth/.pub-cache/hosted/pub.dev/firebase_auth_web-6.1.4/
[   +8 ms] Found plugin cloud_firestore at /Users/devaananth/.pub-cache/hosted/pub.dev/cloud_firestore-6.2.0/
[   +3 ms] Found plugin cloud_firestore_web at /Users/devaananth/.pub-cache/hosted/pub.dev/cloud_firestore_web-5.2.0/
[  +28 ms] Skipping generating web_plugin_registrant.dart because it is up-to-date.
[  +79 ms] Found plugin google_sign_in at /Users/devaananth/.pub-cache/hosted/pub.dev/google_sign_in-6.3.0/
[   +2 ms] Found plugin google_sign_in_web at /Users/devaananth/.pub-cache/hosted/pub.dev/google_sign_in_web-0.12.4+4/
[  +12 ms] Found plugin google_sign_in_ios at /Users/devaananth/.pub-cache/hosted/pub.dev/google_sign_in_ios-5.9.0/
[   +3 ms] Found plugin google_sign_in_android at /Users/devaananth/.pub-cache/hosted/pub.dev/google_sign_in_android-6.2.1/
[   +6 ms] Found plugin firebase_core at /Users/devaananth/.pub-cache/hosted/pub.dev/firebase_core-4.6.0/
[   +2 ms] Found plugin firebase_core_web at /Users/devaananth/.pub-cache/hosted/pub.dev/firebase_core_web-3.5.1/
[   +3 ms] Found plugin firebase_auth at /Users/devaananth/.pub-cache/hosted/pub.dev/firebase_auth-6.3.0/
[   +7 ms] Found plugin firebase_auth_web at /Users/devaananth/.pub-cache/hosted/pub.dev/firebase_auth_web-6.1.4/
[   +8 ms] Found plugin cloud_firestore at /Users/devaananth/.pub-cache/hosted/pub.dev/cloud_firestore-6.2.0/
[   +2 ms] Found plugin cloud_firestore_web at /Users/devaananth/.pub-cache/hosted/pub.dev/cloud_firestore_web-5.2.0/
[  +14 ms] Generating /Users/devaananth/VS_code/Hackathon_1/android/app/src/main/java/io/flutter/plugins/GeneratedPluginRegistrant.java
[  +22 ms] Skipping generating GeneratedPluginRegistrant.java because it is up-to-date.
[  +16 ms] Skipping generating generated_plugin_registrant.h because it is up-to-date.
[   +5 ms] Skipping generating generated_plugin_registrant.cc because it is up-to-date.
[   +3 ms] Skipping generating generated_plugins.cmake because it is up-to-date.
[  +15 ms] Skipping generating generated_plugin_registrant.h because it is up-to-date.
[   +5 ms] Skipping generating generated_plugin_registrant.cc because it is up-to-date.
[   +4 ms] Skipping generating generated_plugins.cmake because it is up-to-date.
[   +4 ms] Skipping generating GeneratedPluginRegistrant.h because it is up-to-date.
[   +3 ms] Skipping generating GeneratedPluginRegistrant.m because it is up-to-date.
[   +5 ms] Skipping generating GeneratedPluginRegistrant.swift because it is up-to-date.
[ +485 ms] executing: sysctl hw.optional.arm64
[ +325 ms] Exit code 0 from: sysctl hw.optional.arm64
[   +5 ms] hw.optional.arm64: 1
[        ] executing: /usr/bin/arch -arm64e xcrun xcodebuild -version
[ +840 ms] Exit code 0 from: /usr/bin/arch -arm64e xcrun xcodebuild -version
[   +1 ms] Xcode 26.4
           Build version 17E192
[ +372 ms] executing: /usr/bin/plutil -convert xml1 -o - /Applications/Android Studio.app/Contents/Info.plist
[  +23 ms] Exit code 0 from: /usr/bin/plutil -convert xml1 -o - /Applications/Android Studio.app/Contents/Info.plist
[        ] <?xml version="1.0" encoding="UTF-8"?>
           <!DOCTYPE plist PUBLIC "-//Apple//DTD PLIST 1.0//EN" "http://www.apple.com/DTDs/PropertyList-1.0.dtd">
           <plist version="1.0">
           <dict>
           	<key>CFBundleDevelopmentRegion</key>
           	<string>English</string>
           	<key>CFBundleDocumentTypes</key>
           	<array>
           		<dict>
           			<key>CFBundleTypeExtensions</key>
           			<array>
           				<string>ipr</string>
           			</array>
           			<key>CFBundleTypeIconFile</key>
           			<string>studio.icns</string>
           			<key>CFBundleTypeName</key>
           			<string>Android Studio Project File</string>
           			<key>CFBundleTypeRole</key>
           			<string>Editor</string>
           		</dict>
           		<dict>
           			<key>CFBundleTypeExtensions</key>
           			<array>
           				<string>*</string>
           			</array>
           			<key>CFBundleTypeName</key>
           			<string>All documents</string>
           			<key>CFBundleTypeOSTypes</key>
           			<array>
           				<string>****</string>
           			</array>
           			<key>CFBundleTypeRole</key>
           			<string>Editor</string>
           			<key>LSTypeIsPackage</key>
           			<false/>
           		</dict>
           	</array>
           	<key>CFBundleExecutable</key>
           	<string>studio</string>
           	<key>CFBundleGetInfoString</key>
           	<string>Android Studio 2025.3, build AI-253.30387.90.2532.14935130. Copyright JetBrains s.r.o., (c) 2000-2026</string>
           	<key>CFBundleIconFile</key>
           	<string>studio.icns</string>
           	<key>CFBundleIdentifier</key>
           	<string>com.google.android.studio</string>
           	<key>CFBundleInfoDictionaryVersion</key>
           	<string>6.0</string>
           	<key>CFBundleName</key>
           	<string>Android Studio</string>
           	<key>CFBundlePackageType</key>
           	<string>APPL</string>
           	<key>CFBundleShortVersionString</key>
           	<string>2025.3</string>
           	<key>CFBundleURLTypes</key>
           	<array>
           		<dict>
           			<key>CFBundleTypeRole</key>
           			<string>Editor</string>
           			<key>CFBundleURLName</key>
           			<string>Stacktrace</string>
           			<key>CFBundleURLSchemes</key>
           			<array>
           				<string>idea</string>
           			</array>
           		</dict>
           	</array>
           	<key>CFBundleVersion</key>
           	<string>AI-253.30387.90.2532.14935130</string>
           	<key>LSApplicationCategoryType</key>
           	<string>public.app-category.developer-tools</string>
           	<key>LSArchitecturePriority</key>
           	<array>
           		<string>arm64</string>
           	</array>
           	<key>LSMinimumSystemVersion</key>
           	<string>10.13</string>
           	<key>LSRequiresNativeExecution</key>
           	<string>YES</string>
           	<key>NSAppleEventsUsageDescription</key>
           	<string>An application in Android Studio requests the ability to send Apple events.</string>
           	<key>NSBluetoothAlwaysUsageDescription</key>
           	<string>An application in Android Studio requests access to Bluetooth.</string>
           	<key>NSCameraUsageDescription</key>
           	<string>An application in Android Studio requests access to the device's camera.</string>
           	<key>NSDesktopFolderUsageDescription</key>
           	<string>An application in Android Studio requests access to the user's Desktop folder.</string>
           	<key>NSDocumentsFolderUsageDescription</key>
           	<string>An application in Android Studio requests access to the user's Documents folder.</string>
           	<key>NSDownloadsFolderUsageDescription</key>
           	<string>An application in Android Studio requests access to the user's Downloads folder.</string>
           	<key>NSHighResolutionCapable</key>
           	<true/>
           	<key>NSLocalNetworkUsageDescription</key>
           	<string>Android Studio's features, such as SSH and database connectivity, require permissions for accessing the local network and sending broadcast requests.</string>
           	<key>NSLocationUsageDescription</key>
           	<string>An application in Android Studio requests access to the user's location information.</string>
           	<key>NSMicrophoneUsageDescription</key>
           	<string>An application in Android Studio requests access to the device's microphone.</string>
           	<key>NSNetworkVolumesUsageDescription</key>
           	<string>An application in Android Studio requests access to files on a network volume.</string>
           	<key>NSRemovableVolumesUsageDescription</key>
           	<string>An application in Android Studio requests access to files on a removable volume.</string>
           	<key>NSSupportsAutomaticGraphicsSwitching</key>
           	<true/>
           </dict>
           </plist>
[  +18 ms] executing: /Applications/Android Studio.app/Contents/jbr/Contents/Home/bin/java -version
[ +374 ms] Exit code 0 from: /Applications/Android Studio.app/Contents/jbr/Contents/Home/bin/java -version
[        ] openjdk version "21.0.9" 2025-10-21
           OpenJDK Runtime Environment (build 21.0.9+-14787801-b1163.94)
           OpenJDK 64-Bit Server VM (build 21.0.9+-14787801-b1163.94, mixed mode)
[  +19 ms] Top-level Gradle build file not found, skipping migration of task "clean".
[   +4 ms] executing: /Applications/Android Studio.app/Contents/jbr/Contents/Home/bin/java --version
[ +180 ms] Exit code 0 from: /Applications/Android Studio.app/Contents/jbr/Contents/Home/bin/java --version
[   +1 ms] openjdk 21.0.9 2025-10-21
           OpenJDK Runtime Environment (build 21.0.9+-14787801-b1163.94)
           OpenJDK 64-Bit Server VM (build 21.0.9+-14787801-b1163.94, mixed mode)
[   +4 ms] Version of Java is different than impacted version, no migration attempted.
[  +26 ms] CMake project not found, skipping support Android 15 16k page size migration.
[   +6 ms] Using gradle from /Users/devaananth/VS_code/Hackathon_1/android/gradlew.
[  +37 ms] LocalFile: '/Users/devaananth/VS_code/Hackathon_1/android/build.gradle.kts' doesn't provide an AGP version. Checking settings.
[   +1 ms] LocalFile: '/Users/devaananth/VS_code/Hackathon_1/android/settings.gradle.kts' provides AGP version: 8.11.1
[  +78 ms] Running Gradle task 'assembleDebug'...
[  +11 ms] executing: [/Users/devaananth/VS_code/Hackathon_1/android/] /Users/devaananth/VS_code/Hackathon_1/android/gradlew --full-stacktrace --info -Pverbose=true -Ptarget-platform=android-arm,android-arm64,android-x64 -Ptarget=lib/main.dart -Pbase-application-name=android.app.Application -Pdart-defines=RkxVVFRFUl9WRVJTSU9OPTMuMzguOQ==,RkxVVFRFUl9DSEFOTkVMPXN0YWJsZQ==,RkxVVFRFUl9HSVRfVVJMPWh0dHBzOi8vZ2l0aHViLmNvbS9mbHV0dGVyL2ZsdXR0ZXIuZ2l0,RkxVVFRFUl9GUkFNRVdPUktfUkVWSVNJT049NjczMjNkZTI4NQ==,RkxVVFRFUl9FTkdJTkVfUkVWSVNJT049NTg3YzE4Zjg3Mw==,RkxVVFRFUl9EQVJUX1ZFUlNJT049My4xMC44 -Pdart-obfuscation=false -Ptrack-widget-creation=true -Ptree-shake-icons=false assembleDebug
[+1543 ms] Initialized native services in: /Users/devaananth/.gradle/native
[   +1 ms] Initialized jansi services in: /Users/devaananth/.gradle/native
[ +638 ms] Found daemon DaemonInfo{pid=93368, address=[6179b0fb-6b8d-4484-8cae-c727b0e55925 port:54094, addresses:[/127.0.0.1]], state=Idle, lastBusy=1775107421076, context=DefaultDaemonContext[uid=ebf84693-7c27-435f-a01a-9e445af8bfdf,javaHome=/Users/devaananth/.antigravity/extensions/redhat.java-1.53.0-darwin-arm64/jre/21.0.10-macosx-aarch64,javaVersion=21,javaVendor=Eclipse Adoptium,daemonRegistryDir=/Users/devaananth/.gradle/daemon,pid=93368,idleTimeout=10800000,priority=NORMAL,applyInstrumentationAgent=true,nativeServicesMode=ENABLED,daemonOpts=-XX:MaxMetaspaceSize=4G,-XX:ReservedCodeCacheSize=512m,-XX:+HeapDumpOnOutOfMemoryError,-Xmx8G,-Dfile.encoding=UTF-8,-Duser.country=GB,-Duser.language=en,-Duser.variant]} however its context does not match the desired criteria.
[        ] JVM is incompatible.
[        ] Wanted: DaemonRequestContext{jvmCriteria=/Applications/Android Studio.app/Contents/jbr/Contents/Home (no JDK specified, using current Java home), daemonOpts=[-XX:MaxMetaspaceSize=4G, -XX:ReservedCodeCacheSize=512m, -XX:+HeapDumpOnOutOfMemoryError, -Xmx8G, -Dfile.encoding=UTF-8, -Duser.country=GB, -Duser.language=en, -Duser.variant], applyInstrumentationAgent=true, nativeServicesMode=ENABLED, priority=NORMAL}
[        ] Actual: DefaultDaemonContext[uid=ebf84693-7c27-435f-a01a-9e445af8bfdf,javaHome=/Users/devaananth/.antigravity/extensions/redhat.java-1.53.0-darwin-arm64/jre/21.0.10-macosx-aarch64,javaVersion=21,javaVendor=Eclipse Adoptium,daemonRegistryDir=/Users/devaananth/.gradle/daemon,pid=93368,idleTimeout=10800000,priority=NORMAL,applyInstrumentationAgent=true,nativeServicesMode=ENABLED,daemonOpts=-XX:MaxMetaspaceSize=4G,-XX:ReservedCodeCacheSize=512m,-XX:+HeapDumpOnOutOfMemoryError,-Xmx8G,-Dfile.encoding=UTF-8,-Duser.country=GB,-Duser.language=en,-Duser.variant]
[        ]   Looking for a different daemon...
[        ] The client will now receive all logging from the daemon (pid: 10449). The daemon log file: /Users/devaananth/.gradle/daemon/8.14/daemon-10449.out.log
[        ] Starting 31st build in daemon [uptime: 2 hrs 26 mins 50.752 secs, performance: 99%, GC rate: 0.00/s, heap usage: 0% of 8 GiB, non-heap usage: 5% of 4 GiB]
[        ] Using 8 worker leases.
[  +95 ms] Now considering [/Users/devaananth/VS_code/Hackathon_1/android, /opt/homebrew/share/flutter/packages/flutter_tools/gradle] as hierarchies to watch
[        ] Watching the file system is configured to be enabled if available
[        ] File system watching is active
[        ] Starting Build
[  +97 ms] Now considering [/opt/homebrew/share/flutter/packages/flutter_tools/gradle, /Users/devaananth/VS_code/Hackathon_1/android] as hierarchies to watch
[ +402 ms] > Configure project :gradle
[        ] Evaluating project ':gradle' using build file '/opt/homebrew/share/flutter/packages/flutter_tools/gradle/build.gradle.kts'.
[        ] Resolved plugin [id: 'org.gradle.java-gradle-plugin']
[        ] Resolved plugin [id: 'org.gradle.groovy']
[        ] Resolved plugin [id: 'org.gradle.kotlin.kotlin-dsl', version: '5.2.0']
[        ] Resolved plugin [id: 'org.jetbrains.kotlin.jvm', version: '1.9.20']
[        ] Using Kotlin Gradle Plugin gradle85 variant
[        ] kotlin scripting plugin: created the scripting discovery configuration: kotlinScriptDef
[        ] kotlin scripting plugin: created the scripting discovery configuration: testKotlinScriptDef
[        ] file or directory '/opt/homebrew/share/flutter/packages/flutter_tools/gradle/src/main/java', not found
[        ] Resolved plugin [id: 'dev.flutter.flutter-plugin-loader', version: '1.0.0']
[        ] Resolved plugin [id: 'com.android.application', version: '8.11.1', apply: false]
[        ] Resolved plugin [id: 'org.jetbrains.kotlin.android', version: '2.2.20', apply: false]
[        ] Resolved plugin [id: 'com.google.gms.google-services', version: '4.4.4', apply: false]
[        ] Resolve mutations for :gradle:checkKotlinGradlePluginConfigurationErrors (Thread[#3949,Execution worker,5,main]) started.
[        ] :gradle:checkKotlinGradlePluginConfigurationErrors (Thread[#3949,Execution worker,5,main]) started.
[        ] > Task :gradle:checkKotlinGradlePluginConfigurationErrors SKIPPED
[        ] Skipping task ':gradle:checkKotlinGradlePluginConfigurationErrors' as task onlyIf 'errorDiagnostics are present' is false.
[        ] Resolve mutations for :gradle:compileKotlin (Thread[#3949,Execution worker,5,main]) started.
[        ] :gradle:compileKotlin (Thread[#3949,Execution worker,5,main]) started.
[  +93 ms] > Task :gradle:compileKotlin UP-TO-DATE
[        ] Caching disabled for task ':gradle:compileKotlin' because:
[        ]   Build cache is disabled
[   +1 ms] Skipping task ':gradle:compileKotlin' as it is up-to-date.
[        ] Resolve mutations for :gradle:compileJava (Thread[#3949,Execution worker,5,main]) started.
[        ] :gradle:compileJava (Thread[#3949,Execution worker,5,main]) started.
[        ] > Task :gradle:compileJava NO-SOURCE
[        ] Skipping task ':gradle:compileJava' as it has no source files and no previous output files.
[        ] Resolve mutations for :gradle:compileGroovy (Thread[#3954,Execution worker Thread 6,5,main]) started.
[        ] :gradle:compileGroovy (Thread[#3954,Execution worker Thread 6,5,main]) started.
[        ] > Task :gradle:compileGroovy NO-SOURCE
[        ] Skipping task ':gradle:compileGroovy' as it has no source files and no previous output files.
[        ] Resolve mutations for :gradle:pluginDescriptors (Thread[#3954,Execution worker Thread 6,5,main]) started.
[        ] :gradle:pluginDescriptors (Thread[#3954,Execution worker Thread 6,5,main]) started.
[        ] > Task :gradle:pluginDescriptors UP-TO-DATE
[        ] Caching disabled for task ':gradle:pluginDescriptors' because:
[        ]   Build cache is disabled
[        ]   Not worth caching
[        ] Skipping task ':gradle:pluginDescriptors' as it is up-to-date.
[        ] Resolve mutations for :gradle:processResources (Thread[#3954,Execution worker Thread 6,5,main]) started.
[        ] :gradle:processResources (Thread[#3954,Execution worker Thread 6,5,main]) started.
[        ] > Task :gradle:processResources UP-TO-DATE
[        ] Caching disabled for task ':gradle:processResources' because:
[        ]   Build cache is disabled
[        ]   Not worth caching
[        ] Skipping task ':gradle:processResources' as it is up-to-date.
[        ] Resolve mutations for :gradle:classes (Thread[#3954,Execution worker Thread 6,5,main]) started.
[        ] :gradle:classes (Thread[#3954,Execution worker Thread 6,5,main]) started.
[        ] > Task :gradle:classes UP-TO-DATE
[        ] Skipping task ':gradle:classes' as it has no actions.
[        ] Resolve mutations for :gradle:jar (Thread[#3954,Execution worker Thread 6,5,main]) started.
[        ] :gradle:jar (Thread[#3954,Execution worker Thread 6,5,main]) started.
[        ] > Task :gradle:jar UP-TO-DATE
[        ] Caching disabled for task ':gradle:jar' because:
[        ]   Build cache is disabled
[        ]   Not worth caching
[        ] Skipping task ':gradle:jar' as it is up-to-date.
[ +194 ms] Settings evaluated using settings file '/Users/devaananth/VS_code/Hackathon_1/android/settings.gradle.kts'.
[        ] Projects loaded. Root project using build file '/Users/devaananth/VS_code/Hackathon_1/android/build.gradle.kts'.
[        ] Included projects: [root project 'android', project ':app', project ':cloud_firestore', project ':firebase_auth', project ':firebase_core', project ':google_sign_in_android']
[ +199 ms] > Configure project :app
[        ] Evaluating project ':app' using build file '/Users/devaananth/VS_code/Hackathon_1/android/app/build.gradle.kts'.
[        ] Resolved plugin [id: 'com.android.application']
[        ] Resolved plugin [id: 'kotlin-android']
[        ] Resolved plugin [id: 'dev.flutter.flutter-gradle-plugin']
[        ] Resolved plugin [id: 'com.google.gms.google-services']
[        ] Using default execution profile
[        ] Build ae37ecf0-c183-40ab-9c82-18fa2381f2bf is started
[        ] Using Kotlin Gradle Plugin gradle813 variant
[        ] C/C++: android.ndkVersion from module build.gradle is [28.2.13676358]
[        ] C/C++: android.ndkPath from module build.gradle is not set
[        ] C/C++: ndk.dir in local.properties is not set
[        ] C/C++: Not considering ANDROID_NDK_HOME because support was removed after deprecation period.
[        ] C/C++: sdkFolder is /Users/devaananth/Library/Android/sdk
[        ] C/C++: android.ndkVersion from module build.gradle is [28.2.13676358]
[        ] C/C++: android.ndkPath from module build.gradle is not set
[        ] C/C++: ndk.dir in local.properties is not set
[        ] C/C++: Not considering ANDROID_NDK_HOME because support was removed after deprecation period.
[        ] C/C++: sdkFolder is /Users/devaananth/Library/Android/sdk
[        ] C/C++: android.ndkVersion from module build.gradle is [28.2.13676358]
[        ] C/C++: android.ndkPath from module build.gradle is not set
[        ] C/C++: ndk.dir in local.properties is not set
[        ] C/C++: Not considering ANDROID_NDK_HOME because support was removed after deprecation period.
[        ] C/C++: sdkFolder is /Users/devaananth/Library/Android/sdk
[        ] C/C++: android.ndkVersion from module build.gradle is [28.2.13676358]
[        ] C/C++: android.ndkPath from module build.gradle is not set
[        ] C/C++: ndk.dir in local.properties is not set
[        ] C/C++: Not considering ANDROID_NDK_HOME because support was removed after deprecation period.
[        ] C/C++: sdkFolder is /Users/devaananth/Library/Android/sdk
[        ] C/C++: android.ndkVersion from module build.gradle is [28.2.13676358]
[        ] C/C++: android.ndkPath from module build.gradle is not set
[        ] C/C++: ndk.dir in local.properties is not set
[        ] C/C++: Not considering ANDROID_NDK_HOME because support was removed after deprecation period.
[        ] C/C++: sdkFolder is /Users/devaananth/Library/Android/sdk
[        ] C/C++: android.ndkVersion from module build.gradle is [28.2.13676358]
[        ] C/C++: android.ndkPath from module build.gradle is not set
[        ] C/C++: ndk.dir in local.properties is not set
[        ] C/C++: Not considering ANDROID_NDK_HOME because support was removed after deprecation period.
[        ] C/C++: sdkFolder is /Users/devaananth/Library/Android/sdk
[        ] C/C++: android.ndkVersion from module build.gradle is [28.2.13676358]
[        ] C/C++: android.ndkPath from module build.gradle is not set
[        ] C/C++: ndk.dir in local.properties is not set
[        ] C/C++: Not considering ANDROID_NDK_HOME because support was removed after deprecation period.
[        ] C/C++: sdkFolder is /Users/devaananth/Library/Android/sdk
[        ] C/C++: android.ndkVersion from module build.gradle is [28.2.13676358]
[        ] C/C++: android.ndkPath from module build.gradle is not set
[        ] C/C++: ndk.dir in local.properties is not set
[        ] C/C++: Not considering ANDROID_NDK_HOME because support was removed after deprecation period.
[        ] C/C++: sdkFolder is /Users/devaananth/Library/Android/sdk
[        ] C/C++: android.ndkVersion from module build.gradle is [28.2.13676358]
[        ] C/C++: android.ndkPath from module build.gradle is not set
[        ] C/C++: ndk.dir in local.properties is not set
[        ] C/C++: Not considering ANDROID_NDK_HOME because support was removed after deprecation period.
[        ] C/C++: sdkFolder is /Users/devaananth/Library/Android/sdk
[        ] C/C++: android.ndkVersion from module build.gradle is [28.2.13676358]
[        ] C/C++: android.ndkPath from module build.gradle is not set
[        ] C/C++: ndk.dir in local.properties is not set
[        ] C/C++: Not considering ANDROID_NDK_HOME because support was removed after deprecation period.
[        ] C/C++: sdkFolder is /Users/devaananth/Library/Android/sdk
[        ] C/C++: android.ndkVersion from module build.gradle is [28.2.13676358]
[        ] C/C++: android.ndkPath from module build.gradle is not set
[        ] C/C++: ndk.dir in local.properties is not set
[        ] C/C++: Not considering ANDROID_NDK_HOME because support was removed after deprecation period.
[        ] C/C++: sdkFolder is /Users/devaananth/Library/Android/sdk
[        ] C/C++: android.ndkVersion from module build.gradle is [28.2.13676358]
[        ] C/C++: android.ndkPath from module build.gradle is not set
[        ] C/C++: ndk.dir in local.properties is not set
[        ] C/C++: Not considering ANDROID_NDK_HOME because support was removed after deprecation period.
[        ] C/C++: sdkFolder is /Users/devaananth/Library/Android/sdk
[        ] C/C++: android.ndkVersion from module build.gradle is [28.2.13676358]
[        ] C/C++: android.ndkPath from module build.gradle is not set
[        ] C/C++: ndk.dir in local.properties is not set
[        ] C/C++: Not considering ANDROID_NDK_HOME because support was removed after deprecation period.
[        ] C/C++: sdkFolder is /Users/devaananth/Library/Android/sdk
[        ] C/C++: android.ndkVersion from module build.gradle is [28.2.13676358]
[        ] C/C++: android.ndkPath from module build.gradle is not set
[        ] C/C++: ndk.dir in local.properties is not set
[        ] C/C++: Not considering ANDROID_NDK_HOME because support was removed after deprecation period.
[        ] C/C++: sdkFolder is /Users/devaananth/Library/Android/sdk
[        ] C/C++: android.ndkVersion from module build.gradle is [28.2.13676358]
[        ] C/C++: android.ndkPath from module build.gradle is not set
[        ] C/C++: ndk.dir in local.properties is not set
[        ] C/C++: Not considering ANDROID_NDK_HOME because support was removed after deprecation period.
[        ] C/C++: sdkFolder is /Users/devaananth/Library/Android/sdk
[        ] C/C++: android.ndkVersion from module build.gradle is [28.2.13676358]
[        ] C/C++: android.ndkPath from module build.gradle is not set
[        ] C/C++: ndk.dir in local.properties is not set
[        ] C/C++: Not considering ANDROID_NDK_HOME because support was removed after deprecation period.
[        ] C/C++: sdkFolder is /Users/devaananth/Library/Android/sdk
[        ] C/C++: android.ndkVersion from module build.gradle is [28.2.13676358]
[        ] C/C++: android.ndkPath from module build.gradle is not set
[        ] C/C++: ndk.dir in local.properties is not set
[        ] C/C++: Not considering ANDROID_NDK_HOME because support was removed after deprecation period.
[        ] C/C++: sdkFolder is /Users/devaananth/Library/Android/sdk
[        ] C/C++: android.ndkVersion from module build.gradle is [28.2.13676358]
[        ] C/C++: android.ndkPath from module build.gradle is not set
[        ] C/C++: ndk.dir in local.properties is not set
[        ] C/C++: Not considering ANDROID_NDK_HOME because support was removed after deprecation period.
[        ] C/C++: sdkFolder is /Users/devaananth/Library/Android/sdk
[        ] C/C++: android.ndkVersion from module build.gradle is [28.2.13676358]
[        ] C/C++: android.ndkPath from module build.gradle is not set
[        ] C/C++: ndk.dir in local.properties is not set
[        ] C/C++: Not considering ANDROID_NDK_HOME because support was removed after deprecation period.
[        ] C/C++: sdkFolder is /Users/devaananth/Library/Android/sdk
[   +1 ms] > Configure project :
[        ] Evaluating root project 'android' using build file '/Users/devaananth/VS_code/Hackathon_1/android/build.gradle.kts'.
[  +84 ms] > Configure project :cloud_firestore
[        ] Evaluating project ':cloud_firestore' using build file '/Users/devaananth/.pub-cache/hosted/pub.dev/cloud_firestore-6.2.0/android/build.gradle'.
[        ] Using default execution profile
[        ] > Configure project :firebase_auth
[        ] Evaluating project ':firebase_auth' using build file '/Users/devaananth/.pub-cache/hosted/pub.dev/firebase_auth-6.3.0/android/build.gradle'.
[        ] Using default execution profile
[        ] > Configure project :firebase_core
[        ] Evaluating project ':firebase_core' using build file '/Users/devaananth/.pub-cache/hosted/pub.dev/firebase_core-4.6.0/android/build.gradle'.
[        ] Using default execution profile
[ +100 ms] > Configure project :google_sign_in_android
[        ] Evaluating project ':google_sign_in_android' using build file '/Users/devaananth/.pub-cache/hosted/pub.dev/google_sign_in_android-6.2.1/android/build.gradle'.
[        ] Using default execution profile
[        ] All projects evaluated.
[        ] Task name matched 'assembleDebug'
[        ] Selected primary task 'assembleDebug' from project :
[        ] Adding -Xuse-inline-scopes-numbers Kotlin compiler flag for task :app:compileDebugKotlin
[ +101 ms] Tasks to be executed: [task ':app:DebugMinSdkCheck', task ':app:preBuild', task ':app:preDebugBuild', task ':app:mergeDebugNativeDebugMetadata', task ':app:checkKotlinGradlePluginConfigurationErrors', task ':app:compileFlutterBuildDebug', task ':app:packJniLibsflutterBuildDebug', task ':cloud_firestore:preBuild', task ':cloud_firestore:preDebugBuild', task ':cloud_firestore:writeDebugAarMetadata', task ':firebase_auth:preBuild', task ':firebase_auth:preDebugBuild', task ':firebase_auth:writeDebugAarMetadata', task ':firebase_core:preBuild', task ':firebase_core:preDebugBuild', task ':firebase_core:writeDebugAarMetadata', task ':google_sign_in_android:preBuild', task ':google_sign_in_android:preDebugBuild', task ':google_sign_in_android:writeDebugAarMetadata', task ':app:checkDebugAarMetadata', task ':app:cleanMergeDebugAssets', task ':app:mergeDebugShaders', task ':app:compileDebugShaders', task ':app:generateDebugAssets', task ':cloud_firestore:mergeDebugShaders', task ':cloud_firestore:compileDebugShaders', task ':cloud_firestore:generateDebugAssets', task ':cloud_firestore:mergeDebugAssets', task ':firebase_auth:mergeDebugShaders', task ':firebase_auth:compileDebugShaders', task ':firebase_auth:generateDebugAssets', task ':firebase_auth:mergeDebugAssets', task ':firebase_core:mergeDebugShaders', task ':firebase_core:compileDebugShaders', task ':firebase_core:generateDebugAssets', task ':firebase_core:mergeDebugAssets', task ':google_sign_in_android:mergeDebugShaders', task ':google_sign_in_android:compileDebugShaders', task ':google_sign_in_android:generateDebugAssets', task ':google_sign_in_android:mergeDebugAssets', task ':app:mergeDebugAssets', task ':app:copyFlutterAssetsDebug', task ':app:generateDebugResValues', task ':app:processDebugGoogleServices', task ':cloud_firestore:generateDebugResValues', task ':cloud_firestore:generateDebugResources', task ':cloud_firestore:packageDebugResources', task ':firebase_auth:generateDebugResValues', task ':firebase_auth:generateDebugResources', task ':firebase_auth:packageDebugResources', task ':firebase_core:generateDebugResValues', task ':firebase_core:generateDebugResources', task ':firebase_core:packageDebugResources', task ':google_sign_in_android:generateDebugResValues', task ':google_sign_in_android:generateDebugResources', task ':google_sign_in_android:packageDebugResources', task ':app:mapDebugSourceSetPaths', task ':app:generateDebugResources', task ':app:mergeDebugResources', task ':app:packageDebugResources', task ':app:parseDebugLocalResources', task ':app:createDebugCompatibleScreenManifests', task ':app:extractDeepLinksDebug', task ':cloud_firestore:extractDeepLinksDebug', task ':cloud_firestore:processDebugManifest', task ':firebase_auth:extractDeepLinksDebug', task ':firebase_auth:processDebugManifest', task ':firebase_core:extractDeepLinksDebug', task ':firebase_core:processDebugManifest', task ':google_sign_in_android:extractDeepLinksDebug', task ':google_sign_in_android:processDebugManifest', task ':app:processDebugMainManifest', task ':app:outputDebugAppLinkSettings', task ':app:processDebugManifest', task ':app:processDebugManifestForPackage', task ':cloud_firestore:compileDebugLibraryResources', task ':cloud_firestore:parseDebugLocalResources', task ':cloud_firestore:generateDebugRFile', task ':firebase_auth:compileDebugLibraryResources', task ':firebase_auth:parseDebugLocalResources', task ':firebase_auth:generateDebugRFile', task ':firebase_core:compileDebugLibraryResources', task ':firebase_core:parseDebugLocalResources', task ':firebase_core:generateDebugRFile', task ':google_sign_in_android:compileDebugLibraryResources', task ':google_sign_in_android:parseDebugLocalResources', task ':google_sign_in_android:generateDebugRFile', task ':app:processDebugResources', task ':cloud_firestore:generateDebugBuildConfig', task ':cloud_firestore:javaPreCompileDebug', task ':firebase_core:generateDebugBuildConfig', task ':firebase_core:javaPreCompileDebug', task ':firebase_core:compileDebugJavaWithJavac', task ':firebase_core:bundleLibCompileToJarDebug', task ':cloud_firestore:compileDebugJavaWithJavac', task ':cloud_firestore:bundleLibCompileToJarDebug', task ':firebase_auth:generateDebugBuildConfig', task ':firebase_auth:javaPreCompileDebug', task ':firebase_auth:compileDebugJavaWithJavac', task ':firebase_auth:bundleLibCompileToJarDebug', task ':google_sign_in_android:javaPreCompileDebug', task ':google_sign_in_android:compileDebugJavaWithJavac', task ':google_sign_in_android:bundleLibCompileToJarDebug', task ':app:compileDebugKotlin', task ':app:javaPreCompileDebug', task ':app:compileDebugJavaWithJavac', task ':app:compressDebugAssets', task ':cloud_firestore:bundleLibRuntimeToJarDebug', task ':firebase_auth:bundleLibRuntimeToJarDebug', task ':firebase_core:bundleLibRuntimeToJarDebug', task ':google_sign_in_android:bundleLibRuntimeToJarDebug', task ':app:desugarDebugFileDependencies', task ':app:dexBuilderDebug', task ':app:mergeDebugGlobalSynthetics', task ':app:processDebugJavaRes', task ':cloud_firestore:processDebugJavaRes', task ':firebase_auth:processDebugJavaRes', task ':firebase_core:processDebugJavaRes', task ':google_sign_in_android:processDebugJavaRes', task ':app:mergeDebugJavaResource', task ':app:checkDebugDuplicateClasses', task ':app:mergeExtDexDebug', task ':cloud_firestore:bundleLibRuntimeToDirDebug', task ':firebase_auth:bundleLibRuntimeToDirDebug', task ':firebase_core:bundleLibRuntimeToDirDebug', task ':google_sign_in_android:bundleLibRuntimeToDirDebug', task ':app:mergeLibDexDebug', task ':app:mergeProjectDexDebug', task ':app:configureCMakeDebug[arm64-v8a]', task ':app:buildCMakeDebug[arm64-v8a]', task ':app:configureCMakeDebug[armeabi-v7a]', task ':app:buildCMakeDebug[armeabi-v7a]', task ':app:configureCMakeDebug[x86_64]', task ':app:buildCMakeDebug[x86_64]', task ':app:mergeDebugJniLibFolders', task ':cloud_firestore:mergeDebugJniLibFolders', task ':cloud_firestore:mergeDebugNativeLibs', task ':cloud_firestore:copyDebugJniLibsProjectOnly', task ':firebase_auth:mergeDebugJniLibFolders', task ':firebase_auth:mergeDebugNativeLibs', task ':firebase_auth:copyDebugJniLibsProjectOnly', task ':firebase_core:mergeDebugJniLibFolders', task ':firebase_core:mergeDebugNativeLibs', task ':firebase_core:copyDebugJniLibsProjectOnly', task ':google_sign_in_android:mergeDebugJniLibFolders', task ':google_sign_in_android:mergeDebugNativeLibs', task ':google_sign_in_android:copyDebugJniLibsProjectOnly', task ':app:mergeDebugNativeLibs', task ':app:stripDebugDebugSymbols', task ':app:validateSigningDebug', task ':app:writeDebugAppMetadata', task ':app:writeDebugSigningConfigVersions', task ':app:packageDebug', task ':app:createDebugApkListingFileRedirect', task ':app:assembleDebug', task ':cloud_firestore:stripDebugDebugSymbols', task ':cloud_firestore:copyDebugJniLibsProjectAndLocalJars', task ':cloud_firestore:extractDebugAnnotations', task ':cloud_firestore:extractDeepLinksForAarDebug', task ':cloud_firestore:mergeDebugGeneratedProguardFiles', task ':cloud_firestore:mergeDebugConsumerProguardFiles', task ':cloud_firestore:prepareDebugArtProfile', task ':cloud_firestore:prepareLintJarForPublish', task ':cloud_firestore:mergeDebugJavaResource', task ':cloud_firestore:syncDebugLibJars', task ':cloud_firestore:bundleDebugAar', task ':cloud_firestore:assembleDebug', task ':firebase_auth:stripDebugDebugSymbols', task ':firebase_auth:copyDebugJniLibsProjectAndLocalJars', task ':firebase_auth:extractDebugAnnotations', task ':firebase_auth:extractDeepLinksForAarDebug', task ':firebase_auth:mergeDebugGeneratedProguardFiles', task ':firebase_auth:mergeDebugConsumerProguardFiles', task ':firebase_auth:prepareDebugArtProfile', task ':firebase_auth:prepareLintJarForPublish', task ':firebase_auth:mergeDebugJavaResource', task ':firebase_auth:syncDebugLibJars', task ':firebase_auth:bundleDebugAar', task ':firebase_auth:assembleDebug', task ':firebase_core:stripDebugDebugSymbols', task ':firebase_core:copyDebugJniLibsProjectAndLocalJars', task ':firebase_core:extractDebugAnnotations', task ':firebase_core:extractDeepLinksForAarDebug', task ':firebase_core:mergeDebugGeneratedProguardFiles', task ':firebase_core:mergeDebugConsumerProguardFiles', task ':firebase_core:prepareDebugArtProfile', task ':firebase_core:prepareLintJarForPublish', task ':firebase_core:mergeDebugJavaResource', task ':firebase_core:syncDebugLibJars', task ':firebase_core:bundleDebugAar', task ':firebase_core:assembleDebug', task ':google_sign_in_android:stripDebugDebugSymbols', task ':google_sign_in_android:copyDebugJniLibsProjectAndLocalJars', task ':google_sign_in_android:extractDebugAnnotations', task ':google_sign_in_android:extractDeepLinksForAarDebug', task ':google_sign_in_android:mergeDebugGeneratedProguardFiles', task ':google_sign_in_android:mergeDebugConsumerProguardFiles', task ':google_sign_in_android:prepareDebugArtProfile', task ':google_sign_in_android:prepareLintJarForPublish', task ':google_sign_in_android:mergeDebugJavaResource', task ':google_sign_in_android:syncDebugLibJars', task ':google_sign_in_android:bundleDebugAar', task ':google_sign_in_android:assembleDebug']
[        ] Tasks that were excluded: []
[  +95 ms] work action Parameters of IdentityTransform (Thread[#3955,Execution worker Thread 7,5,main]) started.
[        ] work action Parameters of DexingNoClasspathTransform (Thread[#3955,Execution worker Thread 7,5,main]) started.
[        ] work action Parameters of DexingOutputSplitTransform (Thread[#3955,Execution worker Thread 7,5,main]) started.
[        ] work action Parameters of ClassesDirToClassesTransform (Thread[#3955,Execution worker Thread 7,5,main]) started.
[        ] work action Parameters of DexingOutputSplitTransform (Thread[#3948,included builds,5,main]) started.
[        ] Resolve mutations for :app:DebugMinSdkCheck (Thread[#3948,included builds,5,main]) started.
[        ] :app:DebugMinSdkCheck (Thread[#3948,included builds,5,main]) started.
[        ] > Task :app:DebugMinSdkCheck
[        ] Caching disabled for task ':app:DebugMinSdkCheck' because:
[        ]   Build cache is disabled
[        ] Task ':app:DebugMinSdkCheck' is not up-to-date because:
[        ]   Task has not declared any outputs despite executing actions.
[        ] Resolve mutations for :app:preBuild (Thread[#3948,included builds,5,main]) started.
[        ] :app:preBuild (Thread[#3948,included builds,5,main]) started.
[        ] > Task :app:preBuild UP-TO-DATE
[        ] Skipping task ':app:preBuild' as it has no actions.
[        ] Resolve mutations for :app:preDebugBuild (Thread[#3948,included builds,5,main]) started.
[        ] :app:preDebugBuild (Thread[#3948,included builds,5,main]) started.
[        ] > Task :app:preDebugBuild UP-TO-DATE
[        ] Skipping task ':app:preDebugBuild' as it has no actions.
[        ] Resolve mutations for :app:mergeDebugNativeDebugMetadata (Thread[#3948,included builds,5,main]) started.
[        ] :app:mergeDebugNativeDebugMetadata (Thread[#3948,included builds,5,main]) started.
[        ] > Task :app:mergeDebugNativeDebugMetadata NO-SOURCE
[        ] Skipping task ':app:mergeDebugNativeDebugMetadata' as it has no source files and no previous output files.
[        ] Resolve mutations for :app:checkKotlinGradlePluginConfigurationErrors (Thread[#3948,included builds,5,main]) started.
[        ] :app:checkKotlinGradlePluginConfigurationErrors (Thread[#3948,included builds,5,main]) started.
[        ] > Task :app:checkKotlinGradlePluginConfigurationErrors SKIPPED
[        ] Skipping task ':app:checkKotlinGradlePluginConfigurationErrors' as task onlyIf 'errorDiagnostics are present' is false.
[        ] Resolve mutations for :app:compileFlutterBuildDebug (Thread[#3948,included builds,5,main]) started.
[        ] :app:compileFlutterBuildDebug (Thread[#3948,included builds,5,main]) started.
[+2000 ms] > Task :app:compileFlutterBuildDebug
[        ] Caching disabled for task ':app:compileFlutterBuildDebug' because:
[        ]   Build cache is disabled
[        ]   Caching has not been enabled for the task
[        ] Task ':app:compileFlutterBuildDebug' is not up-to-date because:
[        ]   Task has failed previously.
[        ] Starting process 'command '/opt/homebrew/share/flutter/bin/flutter''. Working directory: /Users/devaananth/VS_code/Hackathon_1 Command: /opt/homebrew/share/flutter/bin/flutter --verbose assemble --no-version-check --depfile /Users/devaananth/VS_code/Hackathon_1/build/app/intermediates/flutter/debug/flutter_build.d --output /Users/devaananth/VS_code/Hackathon_1/build/app/intermediates/flutter/debug -dTargetFile=lib/main.dart -dTargetPlatform=android -dBuildMode=debug -dTrackWidgetCreation=true --DartDefines=RkxVVFRFUl9WRVJTSU9OPTMuMzguOQ==,RkxVVFRFUl9DSEFOTkVMPXN0YWJsZQ==,RkxVVFRFUl9HSVRfVVJMPWh0dHBzOi8vZ2l0aHViLmNvbS9mbHV0dGVyL2ZsdXR0ZXIuZ2l0,RkxVVFRFUl9GUkFNRVdPUktfUkVWSVNJT049NjczMjNkZTI4NQ==,RkxVVFRFUl9FTkdJTkVfUkVWSVNJT049NTg3YzE4Zjg3Mw==,RkxVVFRFUl9EQVJUX1ZFUlNJT049My4xMC44 -dFlavor= -dAndroidArchs=android-arm android-arm64 android-x64 -dMinSdkVersion=24 debug_android_application
[        ] Successfully started process 'command '/opt/homebrew/share/flutter/bin/flutter''
[        ] [ +111 ms] executing: sysctl hw.optional.arm64
[        ] [  +20 ms] Exit code 0 from: sysctl hw.optional.arm64
[        ] [        ] hw.optional.arm64: 1
[        ] [  +10 ms] Artifact Instance of 'MaterialFonts' is not required, skipping update.
[        ] [        ] Artifact Instance of 'GradleWrapper' is not required, skipping update.
[        ] [        ] Artifact Instance of 'AndroidGenSnapshotArtifacts' is not required, skipping update.
[        ] [        ] Artifact Instance of 'AndroidInternalBuildArtifacts' is not required, skipping update.
[        ] [        ] Artifact Instance of 'IOSEngineArtifacts' is not required, skipping update.
[        ] [        ] Artifact Instance of 'FlutterWebSdk' is not required, skipping update.
[        ] [        ] Artifact Instance of 'LegacyCanvasKitRemover' is not required, skipping update.
[        ] [        ] Artifact Instance of 'FlutterSdk' is not required, skipping update.
[        ] [        ] Artifact Instance of 'WindowsEngineArtifacts' is not required, skipping update.
[        ] [        ] Artifact Instance of 'MacOSEngineArtifacts' is not required, skipping update.
[        ] [        ] Artifact Instance of 'LinuxEngineArtifacts' is not required, skipping update.
[        ] [        ] Artifact Instance of 'LinuxFuchsiaSDKArtifacts' is not required, skipping update.
[        ] [        ] Artifact Instance of 'MacOSFuchsiaSDKArtifacts' is not required, skipping update.
[        ] [        ] Artifact Instance of 'FlutterRunnerSDKArtifacts' is not required, skipping update.
[        ] [        ] Artifact Instance of 'FlutterRunnerDebugSymbols' is not required, skipping update.
[        ] [        ] Artifact Instance of 'IosUsbArtifacts' is not required, skipping update.
[        ] [        ] Artifact Instance of 'IosUsbArtifacts' is not required, skipping update.
[        ] [        ] Artifact Instance of 'IosUsbArtifacts' is not required, skipping update.
[        ] [        ] Artifact Instance of 'IosUsbArtifacts' is not required, skipping update.
[        ] [        ] Artifact Instance of 'IosUsbArtifacts' is not required, skipping update.
[        ] [        ] Artifact Instance of 'IosUsbArtifacts' is not required, skipping update.
[        ] [        ] Artifact Instance of 'FontSubsetArtifacts' is not required, skipping update.
[        ] [        ] Artifact Instance of 'PubDependencies' is not required, skipping update.
[        ] [  +11 ms] Artifact Instance of 'AndroidGenSnapshotArtifacts' is not required, skipping update.
[        ] [        ] Artifact Instance of 'AndroidInternalBuildArtifacts' is not required, skipping update.
[        ] [        ] Artifact Instance of 'IOSEngineArtifacts' is not required, skipping update.
[        ] [        ] Artifact Instance of 'FlutterWebSdk' is not required, skipping update.
[        ] [        ] Artifact Instance of 'FlutterEngineStamp' is not required, skipping update.
[        ] [        ] Artifact Instance of 'LegacyCanvasKitRemover' is not required, skipping update.
[        ] [   +1 ms] Artifact Instance of 'WindowsEngineArtifacts' is not required, skipping update.
[        ] [        ] Artifact Instance of 'MacOSEngineArtifacts' is not required, skipping update.
[        ] [        ] Artifact Instance of 'LinuxEngineArtifacts' is not required, skipping update.
[        ] [        ] Artifact Instance of 'LinuxFuchsiaSDKArtifacts' is not required, skipping update.
[        ] [        ] Artifact Instance of 'MacOSFuchsiaSDKArtifacts' is not required, skipping update.
[        ] [        ] Artifact Instance of 'FlutterRunnerSDKArtifacts' is not required, skipping update.
[        ] [        ] Artifact Instance of 'FlutterRunnerDebugSymbols' is not required, skipping update.
[        ] [  +58 ms] Artifact Instance of 'MaterialFonts' is not required, skipping update.
[        ] [        ] Artifact Instance of 'GradleWrapper' is not required, skipping update.
[        ] [   +1 ms] Artifact Instance of 'AndroidInternalBuildArtifacts' is not required, skipping update.
[        ] [        ] Artifact Instance of 'IOSEngineArtifacts' is not required, skipping update.
[        ] [        ] Artifact Instance of 'FlutterWebSdk' is not required, skipping update.
[        ] [        ] Artifact Instance of 'FlutterEngineStamp' is not required, skipping update.
[        ] [        ] Artifact Instance of 'LegacyCanvasKitRemover' is not required, skipping update.
[        ] [        ] Artifact Instance of 'FlutterSdk' is not required, skipping update.
[        ] [        ] Artifact Instance of 'WindowsEngineArtifacts' is not required, skipping update.
[        ] [        ] Artifact Instance of 'MacOSEngineArtifacts' is not required, skipping update.
[        ] [        ] Artifact Instance of 'LinuxEngineArtifacts' is not required, skipping update.
[        ] [        ] Artifact Instance of 'LinuxFuchsiaSDKArtifacts' is not required, skipping update.
[        ] [        ] Artifact Instance of 'MacOSFuchsiaSDKArtifacts' is not required, skipping update.
[        ] [        ] Artifact Instance of 'FlutterRunnerSDKArtifacts' is not required, skipping update.
[        ] [        ] Artifact Instance of 'FlutterRunnerDebugSymbols' is not required, skipping update.
[        ] [        ] Artifact Instance of 'IosUsbArtifacts' is not required, skipping update.
[        ] [        ] Artifact Instance of 'IosUsbArtifacts' is not required, skipping update.
[        ] [        ] Artifact Instance of 'IosUsbArtifacts' is not required, skipping update.
[        ] [        ] Artifact Instance of 'IosUsbArtifacts' is not required, skipping update.
[        ] [        ] Artifact Instance of 'IosUsbArtifacts' is not required, skipping update.
[        ] [        ] Artifact Instance of 'IosUsbArtifacts' is not required, skipping update.
[        ] [        ] Artifact Instance of 'FontSubsetArtifacts' is not required, skipping update.
[        ] [        ] Artifact Instance of 'PubDependencies' is not required, skipping update.
[        ] [  +36 ms] Initializing file store
[        ] [   +1 ms] Done initializing file store
[        ] [  +35 ms] Skipping target: dart_build
[        ] [   +1 ms] Skipping target: gen_dart_plugin_registrant
[        ] [        ] Skipping target: install_code_assets
[        ] [        ] Skipping target: gen_localizations
[  +24 ms] [ +638 ms] kernel_snapshot_program: Starting due to {InvalidatedReasonKind.outputSetAddition: The following outputs were added to the output set: /Users/devaananth/VS_code/Hackathon_1/.dart_tool/flutter_build/99ff8d6577166a42fca1e16706397fb5/app.dill, InvalidatedReasonKind.inputChanged: The following inputs have updated contents: /opt/homebrew/share/flutter/packages/flutter_tools/lib/src/build_system/targets/common.dart,/opt/homebrew/share/flutter/bin/cache/engine.stamp,/opt/homebrew/share/flutter/bin/cache/engine.stamp,/opt/homebrew/share/flutter/bin/cache/engine.stamp,/opt/homebrew/share/flutter/bin/cache/engine.stamp,/Users/devaananth/VS_code/Hackathon_1/lib/main.dart,/opt/homebrew/share/flutter/packages/flutter/lib/src/dart_plugin_registrant.dart,/opt/homebrew/share/flutter/packages/flutter/lib/material.dart,/Users/devaananth/.pub-cache/hosted/pub.dev/firebase_core-4.6.0/lib/firebase_core.dart,/Users/devaananth/.pub-cache/hosted/pub.dev/provider-6.1.5+1/lib/provider.dart,/Users/devaananth/VS_code/Hackathon_1/lib/features/home/home_provider.dart,/Users/devaananth/VS_code/Hackathon_1/lib/features/auth/providers/auth_provider.dart,/Users/devaananth/VS_code/Hackathon_1/lib/features/auth/screens/auth_options_screen.dart,/Users/devaananth/VS_code/Hackathon_1/lib/features/home/home_screen.dart,/Users/devaananth/VS_code/Hackathon_1/lib/firebase_options.dart,/Users/devaananth/.pub-cache/hosted/pub.dev/google_sign_in_android-6.2.1/lib/google_sign_in_android.dart,/Users/devaananth/.pub-cache/hosted/pub.dev/google_sign_in_ios-5.9.0/lib/google_sign_in_ios.dart,/opt/homebrew/share/flutter/packages/flutter/lib/src/material/about.dart,/opt/homebrew/share/flutter/packages/flutter/lib/src/material/action_buttons.dart,/opt/homebrew/share/flutter/packages/flutter/lib/src/material/action_chip.dart,/opt/homebrew/share/flutter/packages/flutter/lib/src/material/action_icons_theme.dart,/opt/homebrew/share/flutter/packages/flutter/lib/src/material/adaptive_text_selection_toolbar.dart,/opt/homebrew/share/flutter/packages/flutter/lib/src/material/animated_icons.dart,/opt/homebrew/share/flutter/packages/flutter/lib/src/material/app.dart,/opt/homebrew/share/flutter/packages/flutter/lib/src/material/app_bar.dart,/opt/homebrew/share/flutter/packages/flutter/lib/src/material/app_bar_theme.dart,/opt/homebrew/share/flutter/packages/flutter/lib/src/material/arc.dart,/opt/homebrew/share/flutter/packages/flutter/lib/src/material/autocomplete.dart,/opt/homebrew/share/flutter/packages/flutter/lib/src/material/badge.dart,/opt/homebrew/share/flutter/packages/flutter/lib/src/material/badge_theme.dart,/opt/homebrew/share/flutter/packages/flutter/lib/src/material/banner.dart,/opt/homebrew/share/flutter/packages/flutter/lib/src/material/banner_theme.dart,/opt/homebrew/share/flutter/packages/flutter/lib/src/material/bottom_app_bar.dart,/opt/homebrew/share/flutter/packages/flutter/lib/src/material/bottom_app_bar_theme.dart,/opt/homebrew/share/flutter/packages/flutter/lib/src/material/bottom_navigation_bar.dart,/opt/homebrew/share/flutter/packages/flutter/lib/src/material/bottom_navigation_bar_theme.dart,/opt/homebrew/share/flutter/packages/flutter/lib/src/material/bottom_sheet.dart,/opt/homebrew/share/flutter/packages/flutter/lib/src/material/bottom_sheet_theme.dart,/opt/homebrew/share/flutter/packages/flutter/lib/src/material/button.dart,/opt/homebrew/share/flutter/packages/flutter/lib/src/material/button_bar.dart,/opt/homebrew/share/flutter/packages/flutter/lib/src/material/button_bar_theme.dart,/opt/homebrew/share/flutter/packages/flutter/lib/src/material/button_style.dart,/opt/homebrew/share/flutter/packages/flutter/lib/src/material/button_style_button.dart,/opt/homebrew/share/flutter/packages/flutter/lib/src/material/button_theme.dart,/opt/homebrew/share/flutter/packages/flutter/lib/src/material/calendar_date_picker.dart,/opt/homebrew/share/flutter/packages/flutter/lib/src/material/card.dart,/opt/homebrew/share/flutter/packages/flutter/lib/src/material/card_theme.dart,/opt/homebrew/share/flutter/packages/flutter/lib/src/material/carousel.dart,/opt/homebrew/share/flutter/packages/flutter/lib/src/material/carousel_theme.dart,/opt/homebrew/share/flutter/packages/flutter/lib/src/material/checkbox.dart,/opt/homebrew/share/flutter/packages/flutter/lib/src/material/checkbox_list_tile.dart,/opt/homebrew/share/flutter/packages/flutter/lib/src/material/checkbox_theme.dart,/opt/homebrew/share/flutter/packages/flutter/lib/src/material/chip.dart,/opt/homebrew/share/flutter/packages/flutter/lib/src/material/chip_theme.dart,/opt/homebrew/share/flutter/packages/flutter/lib/src/material/choice_chip.dart,/opt/homebrew/share/flutter/packages/flutter/lib/src/material/circle_avatar.dart,/opt/homebrew/share/flutter/packages/flutter/lib/src/material/color_scheme.dart,/opt/homebrew/share/flutter/packages/flutter/lib/src/material/colors.dart,/opt/homebrew/share/flutter/packages/flutter/lib/src/material/constants.dart,/opt/homebrew/share/flutter/packages/flutter/lib/src/material/curves.dart,/opt/homebrew/share/flutter/packages/flutter/lib/src/material/data_table.dart,/opt/homebrew/share/flutter/packages/flutter/lib/src/material/data_table_source.dart,/opt/homebrew/share/flutter/packages/flutter/lib/src/material/data_table_theme.dart,/opt/homebrew/share/flutter/packages/flutter/lib/src/material/date.dart,/opt/homebrew/share/flutter/packages/flutter/lib/src/material/date_picker.dart,/opt/homebrew/share/flutter/packages/flutter/lib/src/material/date_picker_theme.dart,/opt/homebrew/share/flutter/packages/flutter/lib/src/material/debug.dart,/opt/homebrew/share/flutter/packages/flutter/lib/src/material/desktop_text_selection.dart,/opt/homebrew/share/flutter/packages/flutter/lib/src/material/desktop_text_selection_toolbar.dart,/opt/homebrew/share/flutter/packages/flutter/lib/src/material/desktop_text_selection_toolbar_button.dart,/opt/homebrew/share/flutter/packages/flutter/lib/src/material/dialog.dart,/opt/homebrew/share/flutter/packages/flutter/lib/src/material/dialog_theme.dart,/opt/homebrew/share/flutter/packages/flutter/lib/src/material/divider.dart,/opt/homebrew/share/flutter/packages/flutter/lib/src/material/divider_theme.dart,/opt/homebrew/share/flutter/packages/flutter/lib/src/material/drawer.dart,/opt/homebrew/share/flutter/packages/flutter/lib/src/material/drawer_header.dart,/opt/homebrew/share/flutter/packages/flutter/lib/src/material/drawer_theme.dart,/opt/homebrew/share/flutter/packages/flutter/lib/src/material/dropdown.dart,/opt/homebrew/share/flutter/packages/flutter/lib/src/material/dropdown_menu.dart,/opt/homebrew/share/flutter/packages/flutter/lib/src/material/dropdown_menu_form_field.dart,/opt/homebrew/share/flutter/packages/flutter/lib/src/material/dropdown_menu_theme.dart,/opt/homebrew/share/flutter/packages/flutter/lib/src/material/elevated_button.dart,/opt/homebrew/share/flutter/packages/flutter/lib/src/material/elevated_button_theme.dart,/opt/homebrew/share/flutter/packages/flutter/lib/src/material/elevation_overlay.dart,/opt/homebrew/share/flutter/packages/flutter/lib/src/material/expand_icon.dart,/opt/homebrew/share/flutter/packages/flutter/lib/src/material/expansion_panel.dart,/opt/homebrew/share/flutter/packages/flutter/lib/src/material/expansion_tile.dart,/opt/homebrew/share/flutter/packages/flutter/lib/src/material/expansion_tile_theme.dart,/opt/homebrew/share/flutter/packages/flutter/lib/src/material/filled_button.dart,/opt/homebrew/share/flutter/packages/flutter/lib/src/material/filled_button_theme.dart,/opt/homebrew/share/flutter/packages/flutter/lib/src/material/filter_chip.dart,/opt/homebrew/share/flutter/packages/flutter/lib/src/material/flexible_space_bar.dart,/opt/homebrew/share/flutter/packages/flutter/lib/src/material/floating_action_button.dart,/opt/homebrew/share/flutter/packages/flutter/lib/src/material/floating_action_button_location.dart,/opt/homebrew/share/flutter/packages/flutter/lib/src/material/floating_action_button_theme.dart,/opt/homebrew/share/flutter/packages/flutter/lib/src/material/grid_tile.dart,/opt/homebrew/share/flutter/packages/flutter/lib/src/material/grid_tile_bar.dart,/opt/homebrew/share/flutter/packages/flutter/lib/src/material/icon_button.dart,/opt/homebrew/share/flutter/packages/flutter/lib/src/material/icon_button_theme.dart,/opt/homebrew/share/flutter/packages/flutter/lib/src/material/icons.dart,/opt/homebrew/share/flutter/packages/flutter/lib/src/material/ink_decoration.dart,/opt/homebrew/share/flutter/packages/flutter/lib/src/material/ink_highlight.dart,/opt/homebrew/share/flutter/packages/flutter/lib/src/material/ink_ripple.dart,/opt/homebrew/share/flutter/packages/flutter/lib/src/material/ink_sparkle.dart,/opt/homebrew/share/flutter/packages/flutter/lib/src/material/ink_splash.dart,/opt/homebrew/share/flutter/packages/flutter/lib/src/material/ink_well.dart,/opt/homebrew/share/flutter/packages/flutter/lib/src/material/input_border.dart,/opt/homebrew/share/flutter/packages/flutter/lib/src/material/input_chip.dart,/opt/homebrew/share/flutter/packages/flutter/lib/src/material/input_date_picker_form_field.dart,/opt/homebrew/share/flutter/packages/flutter/lib/src/material/input_decorator.dart,/opt/homebrew/share/flutter/packages/flutter/lib/src/material/list_tile.dart,/opt/homebrew/share/flutter/packages/flutter/lib/src/material/list_tile_theme.dart,/opt/homebrew/share/flutter/packages/flutter/lib/src/material/magnifier.dart,/opt/homebrew/share/flutter/packages/flutter/lib/src/material/material.dart,/opt/homebrew/share/flutter/packages/flutter/lib/src/material/material_button.dart,/opt/homebrew/share/flutter/packages/flutter/lib/src/material/material_localizations.dart,/opt/homebrew/share/flutter/packages/flutter/lib/src/material/material_state.dart,/opt/homebrew/share/flutter/packages/flutter/lib/src/material/material_state_mixin.dart,/opt/homebrew/share/flutter/packages/flutter/lib/src/material/menu_anchor.dart,/opt/homebrew/share/flutter/packages/flutter/lib/src/material/menu_bar_theme.dart,/opt/homebrew/share/flutter/packages/flutter/lib/src/material/menu_button_theme.dart,/opt/homebrew/share/flutter/packages/flutter/lib/src/material/menu_style.dart,/opt/homebrew/share/flutter/packages/flutter/lib/src/material/menu_theme.dart,/opt/homebrew/share/flutter/packages/flutter/lib/src/material/mergeable_material.dart,/opt/homebrew/share/flutter/packages/flutter/lib/src/material/motion.dart,/opt/homebrew/share/flutter/packages/flutter/lib/src/material/navigation_bar.dart,/opt/homebrew/share/flutter/packages/flutter/lib/src/material/navigation_bar_theme.dart,/opt/homebrew/share/flutter/packages/flutter/lib/src/material/navigation_drawer.dart,/opt/homebrew/share/flutter/packages/flutter/lib/src/material/navigation_drawer_theme.dart,/opt/homebrew/share/flutter/packages/flutter/lib/src/material/navigation_rail.dart,/opt/homebrew/share/flutter/packages/flutter/lib/src/material/navigation_rail_theme.dart,/opt/homebrew/share/flutter/packages/flutter/lib/src/material/no_splash.dart,/opt/homebrew/share/flutter/packages/flutter/lib/src/material/outlined_button.dart,/opt/homebrew/share/flutter/packages/flutter/lib/src/material/outlined_button_theme.dart,/opt/homebrew/share/flutter/packages/flutter/lib/src/material/page.dart,/opt/homebrew/share/flutter/packages/flutter/lib/src/material/page_transitions_theme.dart,/opt/homebrew/share/flutter/packages/flutter/lib/src/material/paginated_data_table.dart,/opt/homebrew/share/flutter/packages/flutter/lib/src/material/popup_menu.dart,/opt/homebrew/share/flutter/packages/flutter/lib/src/material/popup_menu_theme.dart,/opt/homebrew/share/flutter/packages/flutter/lib/src/material/predictive_back_page_transitions_builder.dart,/opt/homebrew/share/flutter/packages/flutter/lib/src/material/progress_indicator.dart,/opt/homebrew/share/flutter/packages/flutter/lib/src/material/progress_indicator_theme.dart,/opt/homebrew/share/flutter/packages/flutter/lib/src/material/radio.dart,/opt/homebrew/share/flutter/packages/flutter/lib/src/material/radio_list_tile.dart,/opt/homebrew/share/flutter/packages/flutter/lib/src/material/radio_theme.dart,/opt/homebrew/share/flutter/packages/flutter/lib/src/material/range_slider.dart,/opt/homebrew/share/flutter/packages/flutter/lib/src/material/range_slider_parts.dart,/opt/homebrew/share/flutter/packages/flutter/lib/src/material/refresh_indicator.dart,/opt/homebrew/share/flutter/packages/flutter/lib/src/material/reorderable_list.dart,/opt/homebrew/share/flutter/packages/flutter/lib/src/material/scaffold.dart,/opt/homebrew/share/flutter/packages/flutter/lib/src/material/scrollbar.dart,/opt/homebrew/share/flutter/packages/flutter/lib/src/material/scrollbar_theme.dart,/opt/homebrew/share/flutter/packages/flutter/lib/src/material/search.dart,/opt/homebrew/share/flutter/packages/flutter/lib/src/material/search_anchor.dart,/opt/homebrew/share/flutter/packages/flutter/lib/src/material/search_bar_theme.dart,/opt/homebrew/share/flutter/packages/flutter/lib/src/material/search_view_theme.dart,/opt/homebrew/share/flutter/packages/flutter/lib/src/material/segmented_button.dart,/opt/homebrew/share/flutter/packages/flutter/lib/src/material/segmented_button_theme.dart,/opt/homebrew/share/flutter/packages/flutter/lib/src/material/selectable_text.dart,/opt/homebrew/share/flutter/packages/flutter/lib/src/material/selection_area.dart,/opt/homebrew/share/flutter/packages/flutter/lib/src/material/shadows.dart,/opt/homebrew/share/flutter/packages/flutter/lib/src/material/slider.dart,/opt/homebrew/share/flutter/packages/flutter/lib/src/material/slider_parts.dart,/opt/homebrew/share/flutter/packages/flutter/lib/src/material/slider_theme.dart,/opt/homebrew/share/flutter/packages/flutter/lib/src/material/slider_value_indicator_shape.dart,/opt/homebrew/share/flutter/packages/flutter/lib/src/material/snack_bar.dart,/opt/homebrew/share/flutter/packages/flutter/lib/src/material/snack_bar_theme.dart,/opt/homebrew/share/flutter/packages/flutter/lib/src/material/spell_check_suggestions_toolbar.dart,/opt/homebrew/share/flutter/packages/flutter/lib/src/material/spell_check_suggestions_toolbar_layout_delegate.dart,/opt/homebrew/share/flutter/packages/flutter/lib/src/material/stepper.dart,/opt/homebrew/share/flutter/packages/flutter/lib/src/material/switch.dart,/opt/homebrew/share/flutter/packages/flutter/lib/src/material/switch_list_tile.dart,/opt/homebrew/share/flutter/packages/flutter/lib/src/material/switch_theme.dart,/opt/homebrew/share/flutter/packages/flutter/lib/src/material/tab_bar_theme.dart,/opt/homebrew/share/flutter/packages/flutter/lib/src/material/tab_controller.dart,/opt/homebrew/share/flutter/packages/flutter/lib/src/material/tab_indicator.dart,/opt/homebrew/share/flutter/packages/flutter/lib/src/material/tabs.dart,/opt/homebrew/share/flutter/packages/flutter/lib/src/material/text_button.dart,/opt/homebrew/share/flutter/packages/flutter/lib/src/material/text_button_theme.dart,/opt/homebrew/share/flutter/packages/flutter/lib/src/material/text_field.dart,/opt/homebrew/share/flutter/packages/flutter/lib/src/material/text_form_field.dart,/opt/homebrew/share/flutter/packages/flutter/lib/src/material/text_selection.dart,/opt/homebrew/share/flutter/packages/flutter/lib/src/material/text_selection_theme.dart,/opt/homebrew/share/flutter/packages/flutter/lib/src/material/text_selection_toolbar.dart,/opt/homebrew/share/flutter/packages/flutter/lib/src/material/text_selection_toolbar_text_button.dart,/opt/homebrew/share/flutter/packages/flutter/lib/src/material/text_theme.dart,/opt/homebrew/share/flutter/packages/flutter/lib/src/material/theme.dart,/opt/homebrew/share/flutter/packages/flutter/lib/src/material/theme_data.dart,/opt/homebrew/share/flutter/packages/flutter/lib/src/material/time.dart,/opt/homebrew/share/flutter/packages/flutter/lib/src/material/time_picker.dart,/opt/homebrew/share/flutter/packages/flutter/lib/src/material/time_picker_theme.dart,/opt/homebrew/share/flutter/packages/flutter/lib/src/material/toggle_buttons.dart,/opt/homebrew/share/flutter/packages/flutter/lib/src/material/toggle_buttons_theme.dart,/opt/homebrew/share/flutter/packages/flutter/lib/src/material/tooltip.dart,/opt/homebrew/share/flutter/packages/flutter/lib/src/material/tooltip_theme.dart,/opt/homebrew/share/flutter/packages/flutter/lib/src/material/tooltip_visibility.dart,/opt/homebrew/share/flutter/packages/flutter/lib/src/material/typography.dart,/opt/homebrew/share/flutter/packages/flutter/lib/src/material/user_accounts_drawer_header.dart,/opt/homebrew/share/flutter/packages/flutter/lib/widgets.dart,/Users/devaananth/.pub-cache/hosted/pub.dev/firebase_core_platform_interface-6.0.3/lib/firebase_core_platform_interface.dart,/opt/homebrew/share/flutter/packages/flutter/lib/foundation.dart,/Users/devaananth/.pub-cache/hosted/pub.dev/firebase_core-4.6.0/lib/src/firebase.dart,/Users/devaananth/.pub-cache/hosted/pub.dev/firebase_core-4.6.0/lib/src/firebase_app.dart,/Users/devaananth/.pub-cache/hosted/pub.dev/firebase_core-4.6.0/lib/src/port_mapping.dart,/Users/devaananth/.pub-cache/hosted/pub.dev/provider-6.1.5+1/lib/src/async_provider.dart,/Users/devaananth/.pub-cache/hosted/pub.dev/provider-6.1.5+1/lib/src/change_notifier_provider.dart,/Users/devaananth/.pub-cache/hosted/pub.dev/provider-6.1.5+1/lib/src/consumer.dart,/Users/devaananth/.pub-cache/hosted/pub.dev/provider-6.1.5+1/lib/src/listenable_provider.dart,/Users/devaananth/.pub-cache/hosted/pub.dev/provider-6.1.5+1/lib/src/provider.dart,/Users/devaananth/.pub-cache/hosted/pub.dev/provider-6.1.5+1/lib/src/proxy_provider.dart,/Users/devaananth/.pub-cache/hosted/pub.dev/provider-6.1.5+1/lib/src/reassemble_handler.dart,/Users/devaananth/.pub-cache/hosted/pub.dev/provider-6.1.5+1/lib/src/selector.dart,/Users/devaananth/.pub-cache/hosted/pub.dev/provider-6.1.5+1/lib/src/value_listenable_provider.dart,/Users/devaananth/VS_code/Hackathon_1/lib/models/system_status.dart,/Users/devaananth/VS_code/Hackathon_1/lib/models/incident.dart,/Users/devaananth/VS_code/Hackathon_1/lib/services/firestore_service.dart,/Users/devaananth/.pub-cache/hosted/pub.dev/firebase_auth-6.3.0/lib/firebase_auth.dart,/Users/devaananth/VS_code/Hackathon_1/lib/models/app_user.dart,/Users/devaananth/VS_code/Hackathon_1/lib/services/auth_service.dart,/Users/devaananth/VS_code/Hackathon_1/lib/services/user_repository.dart,/Users/devaananth/VS_code/Hackathon_1/lib/features/auth/screens/email_link_input_screen.dart,/Users/devaananth/VS_code/Hackathon_1/lib/core/theme/app_colors.dart,/Users/devaananth/VS_code/Hackathon_1/lib/features/home/widgets/status_header.dart,/Users/devaananth/VS_code/Hackathon_1/lib/features/home/widgets/map_preview_card.dart,/Users/devaananth/VS_code/Hackathon_1/lib/features/home/widgets/alert_card.dart,/Users/devaananth/VS_code/Hackathon_1/lib/features/home/widgets/info_card.dart,/Users/devaananth/VS_code/Hackathon_1/lib/features/home/widgets/sos_section.dart,/Users/devaananth/VS_code/Hackathon_1/lib/features/home/widgets/bottom_nav.dart,/Users/devaananth/.pub-cache/hosted/pub.dev/google_sign_in_platform_interface-2.5.0/lib/google_sign_in_platform_interface.dart,/Users/devaananth/.pub-cache/hosted/pub.dev/google_sign_in_android-6.2.1/lib/src/messages.g.dart,/opt/homebrew/share/flutter/packages/flutter/lib/services.dart,/Users/devaananth/.pub-cache/hosted/pub.dev/google_sign_in_ios-5.9.0/lib/src/messages.g.dart,/opt/homebrew/share/flutter/packages/flutter/lib/cupertino.dart,/opt/homebrew/share/flutter/packages/flutter/lib/scheduler.dart,/opt/homebrew/share/flutter/packages/flutter/lib/src/material/back_button.dart,/opt/homebrew/share/flutter/packages/flutter/lib/rendering.dart,/opt/homebrew/share/flutter/packages/flutter/lib/src/material/animated_icons/animated_icons.dart,/opt/homebrew/share/flutter/packages/flutter/lib/src/material/animated_icons/animated_icons_data.dart,/opt/homebrew/share/flutter/packages/flutter/lib/src/material/animated_icons/data/add_event.g.dart,/opt/homebrew/share/flutter/packages/flutter/lib/src/material/animated_icons/data/arrow_menu.g.dart,/opt/homebrew/share/flutter/packages/flutter/lib/src/material/animated_icons/data/close_menu.g.dart,/opt/homebrew/share/flutter/packages/flutter/lib/src/material/animated_icons/data/ellipsis_search.g.dart,/opt/homebrew/share/flutter/packages/flutter/lib/src/material/animated_icons/data/event_add.g.dart,/opt/homebrew/share/flutter/packages/flutter/lib/src/material/animated_icons/data/home_menu.g.dart,/opt/homebrew/share/flutter/packages/flutter/lib/src/material/animated_icons/data/list_view.g.dart,/opt/homebrew/share/flutter/packages/flutter/lib/src/material/animated_icons/data/menu_arrow.g.dart,/opt/homebrew/share/flutter/packages/flutter/lib/src/material/animated_icons/data/menu_close.g.dart,/opt/homebrew/share/flutter/packages/flutter/lib/src/material/animated_icons/data/menu_home.g.dart,/opt/homebrew/share/flutter/packages/flutter/lib/src/material/animated_icons/data/pause_play.g.dart,/opt/homebrew/share/flutter/packages/flutter/lib/src/material/animated_icons/data/play_pause.g.dart,/opt/homebrew/share/flutter/packages/flutter/lib/src/material/animated_icons/data/search_ellipsis.g.dart,/opt/homebrew/share/flutter/packages/flutter/lib/src/material/animated_icons/data/view_list.g.dart,/opt/homebrew/share/flutter/packages/flutter/lib/animation.dart,/Users/devaananth/.pub-cache/hosted/pub.dev/vector_math-2.2.0/lib/vector_math_64.dart,/opt/homebrew/share/flutter/packages/flutter/lib/gestures.dart,/Users/devaananth/.pub-cache/hosted/pub.dev/collection-1.19.1/lib/collection.dart,/Users/devaananth/.pub-cache/hosted/pub.dev/material_color_utilities-0.11.1/lib/material_color_utilities.dart,/opt/homebrew/share/flutter/packages/flutter/lib/painting.dart,/Users/devaananth/.pub-cache/hosted/pub.dev/characters-1.4.0/lib/characters.dart,/opt/homebrew/share/flutter/packages/flutter/lib/src/widgets/actions.dart,/opt/homebrew/share/flutter/packages/flutter/lib/src/widgets/adapter.dart,/opt/homebrew/share/flutter/packages/flutter/lib/src/widgets/animated_cross_fade.dart,/opt/homebrew/share/flutter/packages/flutter/lib/src/widgets/animated_scroll_view.dart,/opt/homebrew/share/flutter/packages/flutter/lib/src/widgets/animated_size.dart,/opt/homebrew/share/flutter/packages/flutter/lib/src/widgets/animated_switcher.dart,/opt/homebrew/share/flutter/packages/flutter/lib/src/widgets/annotated_region.dart,/opt/homebrew/share/flutter/packages/flutter/lib/src/widgets/app.dart,/opt/homebrew/share/flutter/packages/flutter/lib/src/widgets/app_lifecycle_listener.dart,/opt/homebrew/share/flutter/packages/flutter/lib/src/widgets/async.dart,/opt/homebrew/share/flutter/packages/flutter/lib/src/widgets/autocomplete.dart,/opt/homebrew/share/flutter/packages/flutter/lib/src/widgets/autofill.dart,/opt/homebrew/share/flutter/packages/flutter/lib/src/widgets/automatic_keep_alive.dart,/opt/homebrew/share/flutter/packages/flutter/lib/src/widgets/banner.dart,/opt/homebrew/share/flutter/packages/flutter/lib/src/widgets/basic.dart,/opt/homebrew/share/flutter/packages/flutter/lib/src/widgets/binding.dart,/opt/homebrew/share/flutter/packages/flutter/lib/src/widgets/bottom_navigation_bar_item.dart,/opt/homebrew/share/flutter/packages/flutter/lib/src/widgets/color_filter.dart,/opt/homebrew/share/flutter/packages/flutter/lib/src/widgets/container.dart,/opt/homebrew/share/flutter/packages/flutter/lib/src/widgets/context_menu_button_item.dart,/opt/homebrew/share/flutter/packages/flutter/lib/src/widgets/context_menu_controller.dart,/opt/homebrew/share/flutter/packages/flutter/lib/src/widgets/date.dart,/opt/homebrew/share/flutter/packages/flutter/lib/src/widgets/debug.dart,/opt/homebrew/share/flutter/packages/flutter/lib/src/widgets/decorated_sliver.dart,/opt/homebrew/share/flutter/packages/flutter/lib/src/widgets/default_selection_style.dart,/opt/homebrew/share/flutter/packages/flutter/lib/src/widgets/default_text_editing_shortcuts.dart,/opt/homebrew/share/flutter/packages/flutter/lib/src/widgets/desktop_text_selection_toolbar_layout_delegate.dart,/opt/homebrew/share/flutter/packages/flutter/lib/src/widgets/dismissible.dart,/opt/homebrew/share/flutter/packages/flutter/lib/src/widgets/display_feature_sub_screen.dart,/opt/homebrew/share/flutter/packages/flutter/lib/src/widgets/disposable_build_context.dart,/opt/homebrew/share/flutter/packages/flutter/lib/src/widgets/drag_boundary.dart,/opt/homebrew/share/flutter/packages/flutter/lib/src/widgets/drag_target.dart,/opt/homebrew/share/flutter/packages/flutter/lib/src/widgets/draggable_scrollable_sheet.dart,/opt/homebrew/share/flutter/packages/flutter/lib/src/widgets/dual_transition_builder.dart,/opt/homebrew/share/flutter/packages/flutter/lib/src/widgets/editable_text.dart,/opt/homebrew/share/flutter/packages/flutter/lib/src/widgets/expansible.dart,/opt/homebrew/share/flutter/packages/flutter/lib/src/widgets/fade_in_image.dart,/opt/homebrew/share/flutter/packages/flutter/lib/src/widgets/feedback.dart,/opt/homebrew/share/flutter/packages/flutter/lib/src/widgets/flutter_logo.dart,/opt/homebrew/share/flutter/packages/flutter/lib/src/widgets/focus_manager.dart,/opt/homebrew/share/flutter/packages/flutter/lib/src/widgets/focus_scope.dart,/opt/homebrew/share/flutter/packages/flutter/lib/src/widgets/focus_traversal.dart,/opt/homebrew/share/flutter/packages/flutter/lib/src/widgets/form.dart,/opt/homebrew/share/flutter/packages/flutter/lib/src/widgets/framework.dart,/opt/homebrew/share/flutter/packages/flutter/lib/src/widgets/gesture_detector.dart,/opt/homebrew/share/flutter/packages/flutter/lib/src/widgets/grid_paper.dart,/opt/homebrew/share/flutter/packages/flutter/lib/src/widgets/heroes.dart,/opt/homebrew/share/flutter/packages/flutter/lib/src/widgets/icon.dart,/opt/homebrew/share/flutter/packages/flutter/lib/src/widgets/icon_data.dart,/opt/homebrew/share/flutter/packages/flutter/lib/src/widgets/icon_theme.dart,/opt/homebrew/share/flutter/packages/flutter/lib/src/widgets/icon_theme_data.dart,/opt/homebrew/share/flutter/packages/flutter/lib/src/widgets/image.dart,/opt/homebrew/share/flutter/packages/flutter/lib/src/widgets/image_filter.dart,/opt/homebrew/share/flutter/packages/flutter/lib/src/widgets/image_icon.dart,/opt/homebrew/share/flutter/packages/flutter/lib/src/widgets/implicit_animations.dart,/opt/homebrew/share/flutter/packages/flutter/lib/src/widgets/inherited_model.dart,/opt/homebrew/share/flutter/packages/flutter/lib/src/widgets/inherited_notifier.dart,/opt/homebrew/share/flutter/packages/flutter/lib/src/widgets/inherited_theme.dart,/opt/homebrew/share/flutter/packages/flutter/lib/src/widgets/interactive_viewer.dart,/opt/homebrew/share/flutter/packages/flutter/lib/src/widgets/keyboard_listener.dart,/opt/homebrew/share/flutter/packages/flutter/lib/src/widgets/layout_builder.dart,/opt/homebrew/share/flutter/packages/flutter/lib/src/widgets/list_wheel_scroll_view.dart,/opt/homebrew/share/flutter/packages/flutter/lib/src/widgets/localizations.dart,/opt/homebrew/share/flutter/packages/flutter/lib/src/widgets/lookup_boundary.dart,/opt/homebrew/share/flutter/packages/flutter/lib/src/widgets/magnifier.dart,/opt/homebrew/share/flutter/packages/flutter/lib/src/widgets/media_query.dart,/opt/homebrew/share/flutter/packages/flutter/lib/src/widgets/modal_barrier.dart,/opt/homebrew/share/flutter/packages/flutter/lib/src/widgets/navigation_toolbar.dart,/opt/homebrew/share/flutter/packages/flutter/lib/src/widgets/navigator.dart,/opt/homebrew/share/flutter/packages/flutter/lib/src/widgets/navigator_pop_handler.dart,/opt/homebrew/share/flutter/packages/flutter/lib/src/widgets/nested_scroll_view.dart,/opt/homebrew/share/flutter/packages/flutter/lib/src/widgets/notification_listener.dart,/opt/homebrew/share/flutter/packages/flutter/lib/src/widgets/orientation_builder.dart,/opt/homebrew/share/flutter/packages/flutter/lib/src/widgets/overflow_bar.dart,/opt/homebrew/share/flutter/packages/flutter/lib/src/widgets/overlay.dart,/opt/homebrew/share/flutter/packages/flutter/lib/src/widgets/overscroll_indicator.dart,/opt/homebrew/share/flutter/packages/flutter/lib/src/widgets/page_storage.dart,/opt/homebrew/share/flutter/packages/flutter/lib/src/widgets/page_transitions_builder.dart,/opt/homebrew/share/flutter/packages/flutter/lib/src/widgets/page_view.dart,/opt/homebrew/share/flutter/packages/flutter/lib/src/widgets/pages.dart,/opt/homebrew/share/flutter/packages/flutter/lib/src/widgets/performance_overlay.dart,/opt/homebrew/share/flutter/packages/flutter/lib/src/widgets/pinned_header_sliver.dart,/opt/homebrew/share/flutter/packages/flutter/lib/src/widgets/placeholder.dart,/opt/homebrew/share/flutter/packages/flutter/lib/src/widgets/platform_menu_bar.dart,/opt/homebrew/share/flutter/packages/flutter/lib/src/widgets/platform_selectable_region_context_menu.dart,/opt/homebrew/share/flutter/packages/flutter/lib/src/widgets/platform_view.dart,/opt/homebrew/share/flutter/packages/flutter/lib/src/widgets/pop_scope.dart,/opt/homebrew/share/flutter/packages/flutter/lib/src/widgets/preferred_size.dart,/opt/homebrew/share/flutter/packages/flutter/lib/src/widgets/primary_scroll_controller.dart,/opt/homebrew/share/flutter/packages/flutter/lib/src/widgets/radio_group.dart,/opt/homebrew/share/flutter/packages/flutter/lib/src/widgets/raw_keyboard_listener.dart,/opt/homebrew/share/flutter/packages/flutter/lib/src/widgets/raw_menu_anchor.dart,/opt/homebrew/share/flutter/packages/flutter/lib/src/widgets/raw_radio.dart,/opt/homebrew/share/flutter/packages/flutter/lib/src/widgets/reorderable_list.dart,/opt/homebrew/share/flutter/packages/flutter/lib/src/widgets/restoration.dart,/opt/homebrew/share/flutter/packages/flutter/lib/src/widgets/restoration_properties.dart,/opt/homebrew/share/flutter/packages/flutter/lib/src/widgets/router.dart,/opt/homebrew/share/flutter/packages/flutter/lib/src/widgets/routes.dart,/opt/homebrew/share/flutter/packages/flutter/lib/src/widgets/safe_area.dart,/opt/homebrew/share/flutter/packages/flutter/lib/src/widgets/scroll_activity.dart,/opt/homebrew/share/flutter/packages/flutter/lib/src/widgets/scroll_aware_image_provider.dart,/opt/homebrew/share/flutter/packages/flutter/lib/src/widgets/scroll_configuration.dart,/opt/homebrew/share/flutter/packages/flutter/lib/src/widgets/scroll_context.dart,/opt/homebrew/share/flutter/packages/flutter/lib/src/widgets/scroll_controller.dart,/opt/homebrew/share/flutter/packages/flutter/lib/src/widgets/scroll_delegate.dart,/opt/homebrew/share/flutter/packages/flutter/lib/src/widgets/scroll_metrics.dart,/opt/homebrew/share/flutter/packages/flutter/lib/src/widgets/scroll_notification.dart,/opt/homebrew/share/flutter/packages/flutter/lib/src/widgets/scroll_notification_observer.dart,/opt/homebrew/share/flutter/packages/flutter/lib/src/widgets/scroll_physics.dart,/opt/homebrew/share/flutter/packages/flutter/lib/src/widgets/scroll_position.dart,/opt/homebrew/share/flutter/packages/flutter/lib/src/widgets/scroll_position_with_single_context.dart,/opt/homebrew/share/flutter/packages/flutter/lib/src/widgets/scroll_simulation.dart,/opt/homebrew/share/flutter/packages/flutter/lib/src/widgets/scroll_view.dart,/opt/homebrew/share/flutter/packages/flutter/lib/src/widgets/scrollable.dart,/opt/homebrew/share/flutter/packages/flutter/lib/src/widgets/scrollable_helpers.dart,/opt/homebrew/share/flutter/packages/flutter/lib/src/widgets/scrollbar.dart,/opt/homebrew/share/flutter/packages/flutter/lib/src/widgets/selectable_region.dart,/opt/homebrew/share/flutter/packages/flutter/lib/src/widgets/selection_container.dart,/opt/homebrew/share/flutter/packages/flutter/lib/src/widgets/semantics_debugger.dart,/opt/homebrew/share/flutter/packages/flutter/lib/src/widgets/sensitive_content.dart,/opt/homebrew/share/flutter/packages/flutter/lib/src/widgets/service_extensions.dart,/opt/homebrew/share/flutter/packages/flutter/lib/src/widgets/shared_app_data.dart,/opt/homebrew/share/flutter/packages/flutter/lib/src/widgets/shortcuts.dart,/opt/homebrew/share/flutter/packages/flutter/lib/src/widgets/single_child_scroll_view.dart,/opt/homebrew/share/flutter/packages/flutter/lib/src/widgets/size_changed_layout_notifier.dart,/opt/homebrew/share/flutter/packages/flutter/lib/src/widgets/sliver.dart,/opt/homebrew/share/flutter/packages/flutter/lib/src/widgets/sliver_fill.dart,/opt/homebrew/share/flutter/packages/flutter/lib/src/widgets/sliver_floating_header.dart,/opt/homebrew/share/flutter/packages/flutter/lib/src/widgets/sliver_layout_builder.dart,/opt/homebrew/share/flutter/packages/flutter/lib/src/widgets/sliver_persistent_header.dart,/opt/homebrew/share/flutter/packages/flutter/lib/src/widgets/sliver_prototype_extent_list.dart,/opt/homebrew/share/flutter/packages/flutter/lib/src/widgets/sliver_resizing_header.dart,/opt/homebrew/share/flutter/packages/flutter/lib/src/widgets/sliver_tree.dart,/opt/homebrew/share/flutter/packages/flutter/lib/src/widgets/slotted_render_object_widget.dart,/opt/homebrew/share/flutter/packages/flutter/lib/src/widgets/snapshot_widget.dart,/opt/homebrew/share/flutter/packages/flutter/lib/src/widgets/spacer.dart,/opt/homebrew/share/flutter/packages/flutter/lib/src/widgets/spell_check.dart,/opt/homebrew/share/flutter/packages/flutter/lib/src/widgets/standard_component_type.dart,/opt/homebrew/share/flutter/packages/flutter/lib/src/widgets/status_transitions.dart,/opt/homebrew/share/flutter/packages/flutter/lib/src/widgets/stretch_effect.dart,/opt/homebrew/share/flutter/packages/flutter/lib/src/widgets/system_context_menu.dart,/opt/homebrew/share/flutter/packages/flutter/lib/src/widgets/table.dart,/opt/homebrew/share/flutter/packages/flutter/lib/src/widgets/tap_region.dart,/opt/homebrew/share/flutter/packages/flutter/lib/src/widgets/text.dart,/opt/homebrew/share/flutter/packages/flutter/lib/src/widgets/text_editing_intents.dart,/opt/homebrew/share/flutter/packages/flutter/lib/src/widgets/text_selection.dart,/opt/homebrew/share/flutter/packages/flutter/lib/src/widgets/text_selection_toolbar_anchors.dart,/opt/homebrew/share/flutter/packages/flutter/lib/src/widgets/text_selection_toolbar_layout_delegate.dart,/opt/homebrew/share/flutter/packages/flutter/lib/src/widgets/texture.dart,/opt/homebrew/share/flutter/packages/flutter/lib/src/widgets/ticker_provider.dart,/opt/homebrew/share/flutter/packages/flutter/lib/src/widgets/title.dart,/opt/homebrew/share/flutter/packages/flutter/lib/src/widgets/toggleable.dart,/opt/homebrew/share/flutter/packages/flutter/lib/src/widgets/transitions.dart,/opt/homebrew/share/flutter/packages/flutter/lib/src/widgets/tween_animation_builder.dart,/opt/homebrew/share/flutter/packages/flutter/lib/src/widgets/two_dimensional_scroll_view.dart,/opt/homebrew/share/flutter/packages/flutter/lib/src/widgets/two_dimensional_viewport.dart,/opt/homebrew/share/flutter/packages/flutter/lib/src/widgets/undo_history.dart,/opt/homebrew/share/flutter/packages/flutter/lib/src/widgets/unique_widget.dart,/opt/homebrew/share/flutter/packages/flutter/lib/src/widgets/value_listenable_builder.dart,/opt/homebrew/share/flutter/packages/flutter/lib/src/widgets/view.dart,/opt/homebrew/share/flutter/packages/flutter/lib/src/widgets/viewport.dart,/opt/homebrew/share/flutter/packages/flutter/lib/src/widgets/visibility.dart,/opt/homebrew/share/flutter/packages/flutter/lib/src/widgets/widget_inspector.dart,/opt/homebrew/share/flutter/packages/flutter/lib/src/widgets/widget_span.dart,/opt/homebrew/share/flutter/packages/flutter/lib/src/widgets/widget_state.dart,/opt/homebrew/share/flutter/packages/flutter/lib/src/widgets/will_pop_scope.dart,/Users/devaananth/.pub-cache/hosted/pub.dev/firebase_core_platform_interface-6.0.3/lib/src/pigeon/messages.pigeon.dart,/Users/devaananth/.pub-cache/hosted/pub.dev/plugin_platform_interface-2.1.8/lib/plugin_platform_interface.dart,/Users/devaananth/.pub-cache/hosted/pub.dev/firebase_core_platform_interface-6.0.3/lib/src/firebase_core_exceptions.dart,/Users/devaananth/.pub-cache/hosted/pub.dev/firebase_core_platform_interface-6.0.3/lib/src/firebase_exception.dart,/Users/devaananth/.pub-cache/hosted/pub.dev/firebase_core_platform_interface-6.0.3/lib/src/firebase_options.dart,/Users/devaananth/.pub-cache/hosted/pub.dev/firebase_core_platform_interface-6.0.3/lib/src/method_channel/method_channel_firebase.dart,/Users/devaananth/.pub-cache/hosted/pub.dev/firebase_core_platform_interface-6.0.3/lib/src/method_channel/method_channel_firebase_app.dart,/Users/devaananth/.pub-cache/hosted/pub.dev/firebase_core_platform_interface-6.0.3/lib/src/platform_interface/platform_interface_firebase.dart,/Users/devaananth/.pub-cache/hosted/pub.dev/firebase_core_platform_interface-6.0.3/lib/src/platform_interface/platform_interface_firebase_app.dart,/Users/devaananth/.pub-cache/hosted/pub.dev/firebase_core_platform_interface-6.0.3/lib/src/platform_interface/platform_interface_firebase_plugin.dart,/Users/devaananth/.pub-cache/hosted/pub.dev/meta-1.17.0/lib/meta.dart,/opt/homebrew/share/flutter/packages/flutter/lib/src/foundation/annotations.dart,/opt/homebrew/share/flutter/packages/flutter/lib/src/foundation/assertions.dart,/opt/homebrew/share/flutter/packages/flutter/lib/src/foundation/basic_types.dart,/opt/homebrew/share/flutter/packages/flutter/lib/src/foundation/binding.dart,/opt/homebrew/share/flutter/packages/flutter/lib/src/foundation/bitfield.dart,/opt/homebrew/share/flutter/packages/flutter/lib/src/foundation/capabilities.dart,/opt/homebrew/share/flutter/packages/flutter/lib/src/foundation/change_notifier.dart,/opt/homebrew/share/flutter/packages/flutter/lib/src/foundation/collections.dart,/opt/homebrew/share/flutter/packages/flutter/lib/src/foundation/consolidate_response.dart,/opt/homebrew/share/flutter/packages/flutter/lib/src/foundation/constants.dart,/opt/homebrew/share/flutter/packages/flutter/lib/src/foundation/debug.dart,/opt/homebrew/share/flutter/packages/flutter/lib/src/foundation/diagnostics.dart,/opt/homebrew/share/flutter/packages/flutter/lib/src/foundation/isolates.dart,/opt/homebrew/share/flutter/packages/flutter/lib/src/foundation/key.dart,/opt/homebrew/share/flutter/packages/flutter/lib/src/foundation/licenses.dart,/opt/homebrew/share/flutter/packages/flutter/lib/src/foundation/memory_allocations.dart,/opt/homebrew/share/flutter/packages/flutter/lib/src/foundation/node.dart,/opt/homebrew/share/flutter/packages/flutter/lib/src/foundation/object.dart,/opt/homebrew/share/flutter/packages/flutter/lib/src/foundation/observer_list.dart,/opt/homebrew/share/flutter/packages/flutter/lib/src/foundation/persistent_hash_map.dart,/opt/homebrew/share/flutter/packages/flutter/lib/src/foundation/platform.dart,/opt/homebrew/share/flutter/packages/flutter/lib/src/foundation/print.dart,/opt/homebrew/share/flutter/packages/flutter/lib/src/foundation/serialization.dart,/opt/homebrew/share/flutter/packages/flutter/lib/src/foundation/service_extensions.dart,/opt/homebrew/share/flutter/packages/flutter/lib/src/foundation/stack_frame.dart,/opt/homebrew/share/flutter/packages/flutter/lib/src/foundation/synchronous_future.dart,/opt/homebrew/share/flutter/packages/flutter/lib/src/foundation/timeline.dart,/opt/homebrew/share/flutter/packages/flutter/lib/src/foundation/unicode.dart,/Users/devaananth/.pub-cache/hosted/pub.dev/nested-1.0.0/lib/nested.dart,/Users/devaananth/.pub-cache/hosted/pub.dev/provider-6.1.5+1/lib/src/deferred_inherited_provider.dart,/Users/devaananth/.pub-cache/hosted/pub.dev/provider-6.1.5+1/lib/src/devtool.dart,/Users/devaananth/.pub-cache/hosted/pub.dev/provider-6.1.5+1/lib/src/inherited_provider.dart,/Users/devaananth/.pub-cache/hosted/pub.dev/cloud_firestore-6.2.0/lib/cloud_firestore.dart,/Users/devaananth/.pub-cache/hosted/pub.dev/firebase_auth_platform_interface-8.1.8/lib/firebase_auth_platform_interface.dart,/Users/devaananth/.pub-cache/hosted/pub.dev/firebase_auth-6.3.0/lib/src/confirmation_result.dart,/Users/devaananth/.pub-cache/hosted/pub.dev/firebase_auth-6.3.0/lib/src/firebase_auth.dart,/Users/devaananth/.pub-cache/hosted/pub.dev/firebase_auth-6.3.0/lib/src/multi_factor.dart,/Users/devaananth/.pub-cache/hosted/pub.dev/firebase_auth-6.3.0/lib/src/recaptcha_verifier.dart,/Users/devaananth/.pub-cache/hosted/pub.dev/firebase_auth-6.3.0/lib/src/user.dart,/Users/devaananth/.pub-cache/hosted/pub.dev/firebase_auth-6.3.0/lib/src/user_credential.dart,/Users/devaananth/.pub-cache/hosted/pub.dev/google_sign_in-6.3.0/lib/google_sign_in.dart,/Users/devaananth/.pub-cache/hosted/pub.dev/google_sign_in_platform_interface-2.5.0/lib/src/method_channel_google_sign_in.dart,/Users/devaananth/.pub-cache/hosted/pub.dev/google_sign_in_platform_interface-2.5.0/lib/src/types.dart,/opt/homebrew/share/flutter/packages/flutter/lib/src/services/asset_bundle.dart,/opt/homebrew/share/flutter/packages/flutter/lib/src/services/asset_manifest.dart,/opt/homebrew/share/flutter/packages/flutter/lib/src/services/autofill.dart,/opt/homebrew/share/flutter/packages/flutter/lib/src/services/binary_messenger.dart,/opt/homebrew/share/flutter/packages/flutter/lib/src/services/binding.dart,/opt/homebrew/share/flutter/packages/flutter/lib/src/services/browser_context_menu.dart,/opt/homebrew/share/flutter/packages/flutter/lib/src/services/clipboard.dart,/opt/homebrew/share/flutter/packages/flutter/lib/src/services/debug.dart,/opt/homebrew/share/flutter/packages/flutter/lib/src/services/deferred_component.dart,/opt/homebrew/share/flutter/packages/flutter/lib/src/services/flavor.dart,/opt/homebrew/share/flutter/packages/flutter/lib/src/services/flutter_version.dart,/opt/homebrew/share/flutter/packages/flutter/lib/src/services/font_loader.dart,/opt/homebrew/share/flutter/packages/flutter/lib/src/services/haptic_feedback.dart,/opt/homebrew/share/flutter/packages/flutter/lib/src/services/hardware_keyboard.dart,/opt/homebrew/share/flutter/packages/flutter/lib/src/services/keyboard_inserted_content.dart,/opt/homebrew/share/flutter/packages/flutter/lib/src/services/keyboard_key.g.dart,/opt/homebrew/share/flutter/packages/flutter/lib/src/services/keyboard_maps.g.dart,/opt/homebrew/share/flutter/packages/flutter/lib/src/services/live_text.dart,/opt/homebrew/share/flutter/packages/flutter/lib/src/services/message_codec.dart,/opt/homebrew/share/flutter/packages/flutter/lib/src/services/message_codecs.dart,/opt/homebrew/share/flutter/packages/flutter/lib/src/services/mouse_cursor.dart,/opt/homebrew/share/flutter/packages/flutter/lib/src/services/mouse_tracking.dart,/opt/homebrew/share/flutter/packages/flutter/lib/src/services/platform_channel.dart,/opt/homebrew/share/flutter/packages/flutter/lib/src/services/platform_views.dart,/opt/homebrew/share/flutter/packages/flutter/lib/src/services/predictive_back_event.dart,/opt/homebrew/share/flutter/packages/flutter/lib/src/services/process_text.dart,/opt/homebrew/share/flutter/packages/flutter/lib/src/services/raw_keyboard.dart,/opt/homebrew/share/flutter/packages/flutter/lib/src/services/raw_keyboard_android.dart,/opt/homebrew/share/flutter/packages/flutter/lib/src/services/raw_keyboard_fuchsia.dart,/opt/homebrew/share/flutter/packages/flutter/lib/src/services/raw_keyboard_ios.dart,/opt/homebrew/share/flutter/packages/flutter/lib/src/services/raw_keyboard_linux.dart,/opt/homebrew/share/flutter/packages/flutter/lib/src/services/raw_keyboard_macos.dart,/opt/homebrew/share/flutter/packages/flutter/lib/src/services/raw_keyboard_web.dart,/opt/homebrew/share/flutter/packages/flutter/lib/src/services/raw_keyboard_windows.dart,/opt/homebrew/share/flutter/packages/flutter/lib/src/services/restoration.dart,/opt/homebrew/share/flutter/packages/flutter/lib/src/services/scribe.dart,/opt/homebrew/share/flutter/packages/flutter/lib/src/services/sensitive_content.dart,/opt/homebrew/share/flutter/packages/flutter/lib/src/services/service_extensions.dart,/opt/homebrew/share/flutter/packages/flutter/lib/src/services/spell_check.dart,/opt/homebrew/share/flutter/packages/flutter/lib/src/services/system_channels.dart,/opt/homebrew/share/flutter/packages/flutter/lib/src/services/system_chrome.dart,/opt/homebrew/share/flutter/packages/flutter/lib/src/services/system_navigator.dart,/opt/homebrew/share/flutter/packages/flutter/lib/src/services/system_sound.dart,/opt/homebrew/share/flutter/packages/flutter/lib/src/services/text_boundary.dart,/opt/homebrew/share/flutter/packages/flutter/lib/src/services/text_editing.dart,/opt/homebrew/share/flutter/packages/flutter/lib/src/services/text_editing_delta.dart,/opt/homebrew/share/flutter/packages/flutter/lib/src/services/text_formatter.dart,/opt/homebrew/share/flutter/packages/flutter/lib/src/services/text_input.dart,/opt/homebrew/share/flutter/packages/flutter/lib/src/services/text_layout_metrics.dart,/opt/homebrew/share/flutter/packages/flutter/lib/src/services/undo_manager.dart,/opt/homebrew/share/flutter/packages/flutter/lib/src/cupertino/activity_indicator.dart,/opt/homebrew/share/flutter/packages/flutter/lib/src/cupertino/adaptive_text_selection_toolbar.dart,/opt/homebrew/share/flutter/packages/flutter/lib/src/cupertino/app.dart,/opt/homebrew/share/flutter/packages/flutter/lib/src/cupertino/bottom_tab_bar.dart,/opt/homebrew/share/flutter/packages/flutter/lib/src/cupertino/button.dart,/opt/homebrew/share/flutter/packages/flutter/lib/src/cupertino/checkbox.dart,/opt/homebrew/share/flutter/packages/flutter/lib/src/cupertino/colors.dart,/opt/homebrew/share/flutter/packages/flutter/lib/src/cupertino/constants.dart,/opt/homebrew/share/flutter/packages/flutter/lib/src/cupertino/context_menu.dart,/opt/homebrew/share/flutter/packages/flutter/lib/src/cupertino/context_menu_action.dart,/opt/homebrew/share/flutter/packages/flutter/lib/src/cupertino/date_picker.dart,/opt/homebrew/share/flutter/packages/flutter/lib/src/cupertino/debug.dart,/opt/homebrew/share/flutter/packages/flutter/lib/src/cupertino/desktop_text_selection.dart,/opt/homebrew/share/flutter/packages/flutter/lib/src/cupertino/desktop_text_selection_toolbar.dart,/opt/homebrew/share/flutter/packages/flutter/lib/src/cupertino/desktop_text_selection_toolbar_button.dart,/opt/homebrew/share/flutter/packages/flutter/lib/src/cupertino/dialog.dart,/opt/homebrew/share/flutter/packages/flutter/lib/src/cupertino/expansion_tile.dart,/opt/homebrew/share/flutter/packages/flutter/lib/src/cupertino/form_row.dart,/opt/homebrew/share/flutter/packages/flutter/lib/src/cupertino/form_section.dart,/opt/homebrew/share/flutter/packages/flutter/lib/src/cupertino/icon_theme_data.dart,/opt/homebrew/share/flutter/packages/flutter/lib/src/cupertino/icons.dart,/opt/homebrew/share/flutter/packages/flutter/lib/src/cupertino/interface_level.dart,/opt/homebrew/share/flutter/packages/flutter/lib/src/cupertino/list_section.dart,/opt/homebrew/share/flutter/packages/flutter/lib/src/cupertino/list_tile.dart,/opt/homebrew/share/flutter/packages/flutter/lib/src/cupertino/localizations.dart,/opt/homebrew/share/flutter/packages/flutter/lib/src/cupertino/magnifier.dart,/opt/homebrew/share/flutter/packages/flutter/lib/src/cupertino/nav_bar.dart,/opt/homebrew/share/flutter/packages/flutter/lib/src/cupertino/page_scaffold.dart,/opt/homebrew/share/flutter/packages/flutter/lib/src/cupertino/picker.dart,/opt/homebrew/share/flutter/packages/flutter/lib/src/cupertino/radio.dart,/opt/homebrew/share/flutter/packages/flutter/lib/src/cupertino/refresh.dart,/opt/homebrew/share/flutter/packages/flutter/lib/src/cupertino/route.dart,/opt/homebrew/share/flutter/packages/flutter/lib/src/cupertino/scrollbar.dart,/opt/homebrew/share/flutter/packages/flutter/lib/src/cupertino/search_field.dart,/opt/homebrew/share/flutter/packages/flutter/lib/src/cupertino/segmented_control.dart,/opt/homebrew/share/flutter/packages/flutter/lib/src/cupertino/sheet.dart,/opt/homebrew/share/flutter/packages/flutter/lib/src/cupertino/slider.dart,/opt/homebrew/share/flutter/packages/flutter/lib/src/cupertino/sliding_segmented_control.dart,/opt/homebrew/share/flutter/packages/flutter/lib/src/cupertino/spell_check_suggestions_toolbar.dart,/opt/homebrew/share/flutter/packages/flutter/lib/src/cupertino/switch.dart,/opt/homebrew/share/flutter/packages/flutter/lib/src/cupertino/tab_scaffold.dart,/opt/homebrew/share/flutter/packages/flutter/lib/src/cupertino/tab_view.dart,/opt/homebrew/share/flutter/packages/flutter/lib/src/cupertino/text_field.dart,/opt/homebrew/share/flutter/packages/flutter/lib/src/cupertino/text_form_field_row.dart,/opt/homebrew/share/flutter/packages/flutter/lib/src/cupertino/text_selection.dart,/opt/homebrew/share/flutter/packages/flutter/lib/src/cupertino/text_selection_toolbar.dart,/opt/homebrew/share/flutter/packages/flutter/lib/src/cupertino/text_selection_toolbar_button.dart,/opt/homebrew/share/flutter/packages/flutter/lib/src/cupertino/text_theme.dart,/opt/homebrew/share/flutter/packages/flutter/lib/src/cupertino/theme.dart,/opt/homebrew/share/flutter/packages/flutter/lib/src/cupertino/thumb_painter.dart,/opt/homebrew/share/flutter/packages/flutter/lib/src/scheduler/binding.dart,/opt/homebrew/share/flutter/packages/flutter/lib/src/scheduler/debug.dart,/opt/homebrew/share/flutter/packages/flutter/lib/src/scheduler/priority.dart,/opt/homebrew/share/flutter/packages/flutter/lib/src/scheduler/service_extensions.dart,/opt/homebrew/share/flutter/packages/flutter/lib/src/scheduler/ticker.dart,/opt/homebrew/share/flutter/packages/flutter/lib/semantics.dart,/opt/homebrew/share/flutter/packages/flutter/lib/src/rendering/animated_size.dart,/opt/homebrew/share/flutter/packages/flutter/lib/src/rendering/binding.dart,/opt/homebrew/share/flutter/packages/flutter/lib/src/rendering/box.dart,/opt/homebrew/share/flutter/packages/flutter/lib/src/rendering/custom_layout.dart,/opt/homebrew/share/flutter/packages/flutter/lib/src/rendering/custom_paint.dart,/opt/homebrew/share/flutter/packages/flutter/lib/src/rendering/debug.dart,/opt/homebrew/share/flutter/packages/flutter/lib/src/rendering/debug_overflow_indicator.dart,/opt/homebrew/share/flutter/packages/flutter/lib/src/rendering/decorated_sliver.dart,/opt/homebrew/share/flutter/packages/flutter/lib/src/rendering/editable.dart,/opt/homebrew/share/flutter/packages/flutter/lib/src/rendering/error.dart,/opt/homebrew/share/flutter/packages/flutter/lib/src/rendering/flex.dart,/opt/homebrew/share/flutter/packages/flutter/lib/src/rendering/flow.dart,/opt/homebrew/share/flutter/packages/flutter/lib/src/rendering/image.dart,/opt/homebrew/share/flutter/packages/flutter/lib/src/rendering/layer.dart,/opt/homebrew/share/flutter/packages/flutter/lib/src/rendering/layout_helper.dart,/opt/homebrew/share/flutter/packages/flutter/lib/src/rendering/list_body.dart,/opt/homebrew/share/flutter/packages/flutter/lib/src/rendering/list_wheel_viewport.dart,/opt/homebrew/share/flutter/packages/flutter/lib/src/rendering/mouse_tracker.dart,/opt/homebrew/share/flutter/packages/flutter/lib/src/rendering/object.dart,/opt/homebrew/share/flutter/packages/flutter/lib/src/rendering/paragraph.dart,/opt/homebrew/share/flutter/packages/flutter/lib/src/rendering/performance_overlay.dart,/opt/homebrew/share/flutter/packages/flutter/lib/src/rendering/platform_view.dart,/opt/homebrew/share/flutter/packages/flutter/lib/src/rendering/proxy_box.dart,/opt/homebrew/share/flutter/packages/flutter/lib/src/rendering/proxy_sliver.dart,/opt/homebrew/share/flutter/packages/flutter/lib/src/rendering/rotated_box.dart,/opt/homebrew/share/flutter/packages/flutter/lib/src/rendering/selection.dart,/opt/homebrew/share/flutter/packages/flutter/lib/src/rendering/service_extensions.dart,/opt/homebrew/share/flutter/packages/flutter/lib/src/rendering/shifted_box.dart,/opt/homebrew/share/flutter/packages/flutter/lib/src/rendering/sliver.dart,/opt/homebrew/share/flutter/packages/flutter/lib/src/rendering/sliver_fill.dart,/opt/homebrew/share/flutter/packages/flutter/lib/src/rendering/sliver_fixed_extent_list.dart,/opt/homebrew/share/flutter/packages/flutter/lib/src/rendering/sliver_grid.dart,/opt/homebrew/share/flutter/packages/flutter/lib/src/rendering/sliver_group.dart,/opt/homebrew/share/flutter/packages/flutter/lib/src/rendering/sliver_list.dart,/opt/homebrew/share/flutter/packages/flutter/lib/src/rendering/sliver_multi_box_adaptor.dart,/opt/homebrew/share/flutter/packages/flutter/lib/src/rendering/sliver_padding.dart,/opt/homebrew/share/flutter/packages/flutter/lib/src/rendering/sliver_persistent_header.dart,/opt/homebrew/share/flutter/packages/flutter/lib/src/rendering/sliver_tree.dart,/opt/homebrew/share/flutter/packages/flutter/lib/src/rendering/stack.dart,/opt/homebrew/share/flutter/packages/flutter/lib/src/rendering/table.dart,/opt/homebrew/share/flutter/packages/flutter/lib/src/rendering/table_border.dart,/opt/homebrew/share/flutter/packages/flutter/lib/src/rendering/texture.dart,/opt/homebrew/share/flutter/packages/flutter/lib/src/rendering/tweens.dart,/opt/homebrew/share/flutter/packages/flutter/lib/src/rendering/view.dart,/opt/homebrew/share/flutter/packages/flutter/lib/src/rendering/viewport.dart,/opt/homebrew/share/flutter/packages/flutter/lib/src/rendering/viewport_offset.dart,/opt/homebrew/share/flutter/packages/flutter/lib/src/rendering/wrap.dart,/opt/homebrew/share/flutter/packages/flutter/lib/src/animation/animation.dart,/opt/homebrew/share/flutter/packages/flutter/lib/src/animation/animation_controller.dart,/opt/homebrew/share/flutter/packages/flutter/lib/src/animation/animation_style.dart,/opt/homebrew/share/flutter/packages/flutter/lib/src/animation/animations.dart,/opt/homebrew/share/flutter/packages/flutter/lib/src/animation/curves.dart,/opt/homebrew/share/flutter/packages/flutter/lib/src/animation/listener_helpers.dart,/opt/homebrew/share/flutter/packages/flutter/lib/src/animation/tween.dart,/opt/homebrew/share/flutter/packages/flutter/lib/src/animation/tween_sequence.dart,/Users/devaananth/.pub-cache/hosted/pub.dev/vector_math-2.2.0/lib/src/vector_math_64/aabb2.dart,/Users/devaananth/.pub-cache/hosted/pub.dev/vector_math-2.2.0/lib/src/vector_math_64/aabb3.dart,/Users/devaananth/.pub-cache/hosted/pub.dev/vector_math-2.2.0/lib/src/vector_math_64/colors.dart,/Users/devaananth/.pub-cache/hosted/pub.dev/vector_math-2.2.0/lib/src/vector_math_64/constants.dart,/Users/devaananth/.pub-cache/hosted/pub.dev/vector_math-2.2.0/lib/src/vector_math_64/error_helpers.dart,/Users/devaananth/.pub-cache/hosted/pub.dev/vector_math-2.2.0/lib/src/vector_math_64/frustum.dart,/Users/devaananth/.pub-cache/hosted/pub.dev/vector_math-2.2.0/lib/src/vector_math_64/intersection_result.dart,/Users/devaananth/.pub-cache/hosted/pub.dev/vector_math-2.2.0/lib/src/vector_math_64/matrix2.dart,/Users/devaananth/.pub-cache/hosted/pub.dev/vector_math-2.2.0/lib/src/vector_math_64/matrix3.dart,/Users/devaananth/.pub-cache/hosted/pub.dev/vector_math-2.2.0/lib/src/vector_math_64/matrix4.dart,/Users/devaananth/.pub-cache/hosted/pub.dev/vector_math-2.2.0/lib/src/vector_math_64/noise.dart,/Users/devaananth/.pub-cache/hosted/pub.dev/vector_math-2.2.0/lib/src/vector_math_64/obb3.dart,/Users/devaananth/.pub-cache/hosted/pub.dev/vector_math-2.2.0/lib/src/vector_math_64/opengl.dart,/Users/devaananth/.pub-cache/hosted/pub.dev/vector_math-2.2.0/lib/src/vector_math_64/plane.dart,/Users/devaananth/.pub-cache/hosted/pub.dev/vector_math-2.2.0/lib/src/vector_math_64/quad.dart,/Users/devaananth/.pub-cache/hosted/pub.dev/vector_math-2.2.0/lib/src/vector_math_64/quaternion.dart,/Users/devaananth/.pub-cache/hosted/pub.dev/vector_math-2.2.0/lib/src/vector_math_64/ray.dart,/Users/devaananth/.pub-cache/hosted/pub.dev/vector_math-2.2.0/lib/src/vector_math_64/sphere.dart,/Users/devaananth/.pub-cache/hosted/pub.dev/vector_math-2.2.0/lib/src/vector_math_64/triangle.dart,/Users/devaananth/.pub-cache/hosted/pub.dev/vector_math-2.2.0/lib/src/vector_math_64/utilities.dart,/Users/devaananth/.pub-cache/hosted/pub.dev/vector_math-2.2.0/lib/src/vector_math_64/vector.dart,/Users/devaananth/.pub-cache/hosted/pub.dev/vector_math-2.2.0/lib/src/vector_math_64/vector2.dart,/Users/devaananth/.pub-cache/hosted/pub.dev/vector_math-2.2.0/lib/src/vector_math_64/vector3.dart,/Users/devaananth/.pub-cache/hosted/pub.dev/vector_math-2.2.0/lib/src/vector_math_64/vector4.dart,/opt/homebrew/share/flutter/packages/flutter/lib/src/gestures/arena.dart,/opt/homebrew/share/flutter/packages/flutter/lib/src/gestures/binding.dart,/opt/homebrew/share/flutter/packages/flutter/lib/src/gestures/constants.dart,/opt/homebrew/share/flutter/packages/flutter/lib/src/gestures/converter.dart,/opt/homebrew/share/flutter/packages/flutter/lib/src/gestures/debug.dart,/opt/homebrew/share/flutter/packages/flutter/lib/src/gestures/drag.dart,/opt/homebrew/share/flutter/packages/flutter/lib/src/gestures/drag_details.dart,/opt/homebrew/share/flutter/packages/flutter/lib/src/gestures/eager.dart,/opt/homebrew/share/flutter/packages/flutter/lib/src/gestures/events.dart,/opt/homebrew/share/flutter/packages/flutter/lib/src/gestures/force_press.dart,/opt/homebrew/share/flutter/packages/flutter/lib/src/gestures/gesture_details.dart,/opt/homebrew/share/flutter/packages/flutter/lib/src/gestures/gesture_settings.dart,/opt/homebrew/share/flutter/packages/flutter/lib/src/gestures/hit_test.dart,/opt/homebrew/share/flutter/packages/flutter/lib/src/gestures/long_press.dart,/opt/homebrew/share/flutter/packages/flutter/lib/src/gestures/lsq_solver.dart,/opt/homebrew/share/flutter/packages/flutter/lib/src/gestures/monodrag.dart,/opt/homebrew/share/flutter/packages/flutter/lib/src/gestures/multidrag.dart,/opt/homebrew/share/flutter/packages/flutter/lib/src/gestures/multitap.dart,/opt/homebrew/share/flutter/packages/flutter/lib/src/gestures/pointer_router.dart,/opt/homebrew/share/flutter/packages/flutter/lib/src/gestures/pointer_signal_resolver.dart,/opt/homebrew/share/flutter/packages/flutter/lib/src/gestures/recognizer.dart,/opt/homebrew/share/flutter/packages/flutter/lib/src/gestures/resampler.dart,/opt/homebrew/share/flutter/packages/flutter/lib/src/gestures/scale.dart,/opt/homebrew/share/flutter/packages/flutter/lib/src/gestures/tap.dart,/opt/homebrew/share/flutter/packages/flutter/lib/src/gestures/tap_and_drag.dart,/opt/homebrew/share/flutter/packages/flutter/lib/src/gestures/team.dart,/opt/homebrew/share/flutter/packages/flutter/lib/src/gestures/velocity_tracker.dart,/Users/devaananth/.pub-cache/hosted/pub.dev/collection-1.19.1/lib/src/algorithms.dart,/Users/devaananth/.pub-cache/hosted/pub.dev/collection-1.19.1/lib/src/boollist.dart,/Users/devaananth/.pub-cache/hosted/pub.dev/collection-1.19.1/lib/src/canonicalized_map.dart,/Users/devaananth/.pub-cache/hosted/pub.dev/collection-1.19.1/lib/src/combined_wrappers/combined_iterable.dart,/Users/devaananth/.pub-cache/hosted/pub.dev/collection-1.19.1/lib/src/combined_wrappers/combined_list.dart,/Users/devaananth/.pub-cache/hosted/pub.dev/collection-1.19.1/lib/src/combined_wrappers/combined_map.dart,/Users/devaananth/.pub-cache/hosted/pub.dev/collection-1.19.1/lib/src/comparators.dart,/Users/devaananth/.pub-cache/hosted/pub.dev/collection-1.19.1/lib/src/equality.dart,/Users/devaananth/.pub-cache/hosted/pub.dev/collection-1.19.1/lib/src/equality_map.dart,/Users/devaananth/.pub-cache/hosted/pub.dev/collection-1.19.1/lib/src/equality_set.dart,/Users/devaananth/.pub-cache/hosted/pub.dev/collection-1.19.1/lib/src/functions.dart,/Users/devaananth/.pub-cache/hosted/pub.dev/collection-1.19.1/lib/src/iterable_extensions.dart,/Users/devaananth/.pub-cache/hosted/pub.dev/collection-1.19.1/lib/src/iterable_zip.dart,/Users/devaananth/.pub-cache/hosted/pub.dev/collection-1.19.1/lib/src/list_extensions.dart,/Users/devaananth/.pub-cache/hosted/pub.dev/collection-1.19.1/lib/src/priority_queue.dart,/Users/devaananth/.pub-cache/hosted/pub.dev/collection-1.19.1/lib/src/queue_list.dart,/Users/devaananth/.pub-cache/hosted/pub.dev/collection-1.19.1/lib/src/union_set.dart,/Users/devaananth/.pub-cache/hosted/pub.dev/collection-1.19.1/lib/src/union_set_controller.dart,/Users/devaananth/.pub-cache/hosted/pub.dev/collection-1.19.1/lib/src/unmodifiable_wrappers.dart,/Users/devaananth/.pub-cache/hosted/pub.dev/collection-1.19.1/lib/src/wrappers.dart,/Users/devaananth/.pub-cache/hosted/pub.dev/material_color_utilities-0.11.1/lib/blend/blend.dart,/Users/devaananth/.pub-cache/hosted/pub.dev/material_color_utilities-0.11.1/lib/contrast/contrast.dart,/Users/devaananth/.pub-cache/hosted/pub.dev/material_color_utilities-0.11.1/lib/dislike/dislike_analyzer.dart,/Users/devaananth/.pub-cache/hosted/pub.dev/material_color_utilities-0.11.1/lib/dynamiccolor/dynamic_color.dart,/Users/devaananth/.pub-cache/hosted/pub.dev/material_color_utilities-0.11.1/lib/dynamiccolor/dynamic_scheme.dart,/Users/devaananth/.pub-cache/hosted/pub.dev/material_color_utilities-0.11.1/lib/dynamiccolor/material_dynamic_colors.dart,/Users/devaananth/.pub-cache/hosted/pub.dev/material_color_utilities-0.11.1/lib/dynamiccolor/variant.dart,/Users/devaananth/.pub-cache/hosted/pub.dev/material_color_utilities-0.11.1/lib/hct/cam16.dart,/Users/devaananth/.pub-cache/hosted/pub.dev/material_color_utilities-0.11.1/lib/hct/hct.dart,/Users/devaananth/.pub-cache/hosted/pub.dev/material_color_utilities-0.11.1/lib/hct/viewing_conditions.dart,/Users/devaananth/.pub-cache/hosted/pub.dev/material_color_utilities-0.11.1/lib/palettes/core_palette.dart,/Users/devaananth/.pub-cache/hosted/pub.dev/material_color_utilities-0.11.1/lib/palettes/tonal_palette.dart,/Users/devaananth/.pub-cache/hosted/pub.dev/material_color_utilities-0.11.1/lib/quantize/quantizer.dart,/Users/devaananth/.pub-cache/hosted/pub.dev/material_color_utilities-0.11.1/lib/quantize/quantizer_celebi.dart,/Users/devaananth/.pub-cache/hosted/pub.dev/material_color_utilities-0.11.1/lib/quantize/quantizer_map.dart,/Users/devaananth/.pub-cache/hosted/pub.dev/material_color_utilities-0.11.1/lib/quantize/quantizer_wsmeans.dart,/Users/devaananth/.pub-cache/hosted/pub.dev/material_color_utilities-0.11.1/lib/quantize/quantizer_wu.dart,/Users/devaananth/.pub-cache/hosted/pub.dev/material_color_utilities-0.11.1/lib/scheme/scheme.dart,/Users/devaananth/.pub-cache/hosted/pub.dev/material_color_utilities-0.11.1/lib/scheme/scheme_content.dart,/Users/devaananth/.pub-cache/hosted/pub.dev/material_color_utilities-0.11.1/lib/scheme/scheme_expressive.dart,/Users/devaananth/.pub-cache/hosted/pub.dev/material_color_utilities-0.11.1/lib/scheme/scheme_fidelity.dart,/Users/devaananth/.pub-cache/hosted/pub.dev/material_color_utilities-0.11.1/lib/scheme/scheme_fruit_salad.dart,/Users/devaananth/.pub-cache/hosted/pub.dev/material_color_utilities-0.11.1/lib/scheme/scheme_monochrome.dart,/Users/devaananth/.pub-cache/hosted/pub.dev/material_color_utilities-0.11.1/lib/scheme/scheme_neutral.dart,/Users/devaananth/.pub-cache/hosted/pub.dev/material_color_utilities-0.11.1/lib/scheme/scheme_rainbow.dart,/Users/devaananth/.pub-cache/hosted/pub.dev/material_color_utilities-0.11.1/lib/scheme/scheme_tonal_spot.dart,/Users/devaananth/.pub-cache/hosted/pub.dev/material_color_utilities-0.11.1/lib/scheme/scheme_vibrant.dart,/Users/devaananth/.pub-cache/hosted/pub.dev/material_color_utilities-0.11.1/lib/score/score.dart,/Users/devaananth/.pub-cache/hosted/pub.dev/material_color_utilities-0.11.1/lib/temperature/temperature_cache.dart,/Users/devaananth/.pub-cache/hosted/pub.dev/material_color_utilities-0.11.1/lib/utils/color_utils.dart,/Users/devaananth/.pub-cache/hosted/pub.dev/material_color_utilities-0.11.1/lib/utils/math_utils.dart,/Users/devaananth/.pub-cache/hosted/pub.dev/material_color_utilities-0.11.1/lib/utils/string_utils.dart,/opt/homebrew/share/flutter/packages/flutter/lib/src/painting/alignment.dart,/opt/homebrew/share/flutter/packages/flutter/lib/src/painting/basic_types.dart,/opt/homebrew/share/flutter/packages/flutter/lib/src/painting/beveled_rectangle_border.dart,/opt/homebrew/share/flutter/packages/flutter/lib/src/painting/binding.dart,/opt/homebrew/share/flutter/packages/flutter/lib/src/painting/border_radius.dart,/opt/homebrew/share/flutter/packages/flutter/lib/src/painting/borders.dart,/opt/homebrew/share/flutter/packages/flutter/lib/src/painting/box_border.dart,/opt/homebrew/share/flutter/packages/flutter/lib/src/painting/box_decoration.dart,/opt/homebrew/share/flutter/packages/flutter/lib/src/painting/box_fit.dart,/opt/homebrew/share/flutter/packages/flutter/lib/src/painting/box_shadow.dart,/opt/homebrew/share/flutter/packages/flutter/lib/src/painting/circle_border.dart,/opt/homebrew/share/flutter/packages/flutter/lib/src/painting/clip.dart,/opt/homebrew/share/flutter/packages/flutter/lib/src/painting/colors.dart,/opt/homebrew/share/flutter/packages/flutter/lib/src/painting/continuous_rectangle_border.dart,/opt/homebrew/share/flutter/packages/flutter/lib/src/painting/debug.dart,/opt/homebrew/share/flutter/packages/flutter/lib/src/painting/decoration.dart,/opt/homebrew/share/flutter/packages/flutter/lib/src/painting/decoration_image.dart,/opt/homebrew/share/flutter/packages/flutter/lib/src/painting/edge_insets.dart,/opt/homebrew/share/flutter/packages/flutter/lib/src/painting/flutter_logo.dart,/opt/homebrew/share/flutter/packages/flutter/lib/src/painting/fractional_offset.dart,/opt/homebrew/share/flutter/packages/flutter/lib/src/painting/geometry.dart,/opt/homebrew/share/flutter/packages/flutter/lib/src/painting/gradient.dart,/opt/homebrew/share/flutter/packages/flutter/lib/src/painting/image_cache.dart,/opt/homebrew/share/flutter/packages/flutter/lib/src/painting/image_decoder.dart,/opt/homebrew/share/flutter/packages/flutter/lib/src/painting/image_provider.dart,/opt/homebrew/share/flutter/packages/flutter/lib/src/painting/image_resolution.dart,/opt/homebrew/share/flutter/packages/flutter/lib/src/painting/image_stream.dart,/opt/homebrew/share/flutter/packages/flutter/lib/src/painting/inline_span.dart,/opt/homebrew/share/flutter/packages/flutter/lib/src/painting/linear_border.dart,/opt/homebrew/share/flutter/packages/flutter/lib/src/painting/matrix_utils.dart,/opt/homebrew/share/flutter/packages/flutter/lib/src/painting/notched_shapes.dart,/opt/homebrew/share/flutter/packages/flutter/lib/src/painting/oval_border.dart,/opt/homebrew/share/flutter/packages/flutter/lib/src/painting/paint_utilities.dart,/opt/homebrew/share/flutter/packages/flutter/lib/src/painting/placeholder_span.dart,/opt/homebrew/share/flutter/packages/flutter/lib/src/painting/rounded_rectangle_border.dart,/opt/homebrew/share/flutter/packages/flutter/lib/src/painting/shader_warm_up.dart,/opt/homebrew/share/flutter/packages/flutter/lib/src/painting/shape_decoration.dart,/opt/homebrew/share/flutter/packages/flutter/lib/src/painting/stadium_border.dart,/opt/homebrew/share/flutter/packages/flutter/lib/src/painting/star_border.dart,/opt/homebrew/share/flutter/packages/flutter/lib/src/painting/strut_style.dart,/opt/homebrew/share/flutter/packages/flutter/lib/src/painting/text_painter.dart,/opt/homebrew/share/flutter/packages/flutter/lib/src/painting/text_scaler.dart,/opt/homebrew/share/flutter/packages/flutter/lib/src/painting/text_span.dart,/opt/homebrew/share/flutter/packages/flutter/lib/src/painting/text_style.dart,/Users/devaananth/.pub-cache/hosted/pub.dev/characters-1.4.0/lib/src/characters.dart,/Users/devaananth/.pub-cache/hosted/pub.dev/characters-1.4.0/lib/src/extensions.dart,/opt/homebrew/share/flutter/packages/flutter/lib/src/widgets/constants.dart,/opt/homebrew/share/flutter/packages/flutter/lib/src/foundation/_features.dart,/opt/homebrew/share/flutter/packages/flutter/lib/src/widgets/_window.dart,/opt/homebrew/share/flutter/packages/flutter/lib/src/widgets/_web_browser_detection_io.dart,/opt/homebrew/share/flutter/packages/flutter/lib/src/painting/_web_image_info_io.dart,/opt/homebrew/share/flutter/packages/flutter/lib/src/widgets/_web_image_io.dart,/opt/homebrew/share/flutter/packages/flutter/lib/physics.dart,/opt/homebrew/share/flutter/packages/flutter/lib/src/widgets/_platform_selectable_region_context_menu_io.dart,/opt/homebrew/share/flutter/packages/flutter/lib/src/widgets/_html_element_view_io.dart,/Users/devaananth/.pub-cache/hosted/pub.dev/meta-1.17.0/lib/meta_meta.dart,/opt/homebrew/share/flutter/packages/flutter/lib/src/foundation/_bitfield_io.dart,/opt/homebrew/share/flutter/packages/flutter/lib/src/foundation/_capabilities_io.dart,/opt/homebrew/share/flutter/packages/flutter/lib/src/foundation/_isolates_io.dart,/opt/homebrew/share/flutter/packages/flutter/lib/src/foundation/_platform_io.dart,/opt/homebrew/share/flutter/packages/flutter/lib/src/foundation/_timeline_io.dart,/Users/devaananth/.pub-cache/hosted/pub.dev/cloud_firestore_platform_interface-7.1.0/lib/cloud_firestore_platform_interface.dart,/Users/devaananth/.pub-cache/hosted/pub.dev/cloud_firestore-6.2.0/lib/src/aggregate_query.dart,/Users/devaananth/.pub-cache/hosted/pub.dev/cloud_firestore-6.2.0/lib/src/aggregate_query_snapshot.dart,/Users/devaananth/.pub-cache/hosted/pub.dev/cloud_firestore-6.2.0/lib/src/collection_reference.dart,/Users/devaananth/.pub-cache/hosted/pub.dev/cloud_firestore-6.2.0/lib/src/document_change.dart,/Users/devaananth/.pub-cache/hosted/pub.dev/cloud_firestore-6.2.0/lib/src/document_reference.dart,/Users/devaananth/.pub-cache/hosted/pub.dev/cloud_firestore-6.2.0/lib/src/document_snapshot.dart,/Users/devaananth/.pub-cache/hosted/pub.dev/cloud_firestore-6.2.0/lib/src/field_value.dart,/Users/devaananth/.pub-cache/hosted/pub.dev/cloud_firestore-6.2.0/lib/src/filters.dart,/Users/devaananth/.pub-cache/hosted/pub.dev/cloud_firestore-6.2.0/lib/src/firestore.dart,/Users/devaananth/.pub-cache/hosted/pub.dev/cloud_firestore-6.2.0/lib/src/load_bundle_task.dart,/Users/devaananth/.pub-cache/hosted/pub.dev/cloud_firestore-6.2.0/lib/src/load_bundle_task_snapshot.dart,/Users/devaananth/.pub-cache/hosted/pub.dev/cloud_firestore-6.2.0/lib/src/persistent_cache_index_manager.dart,/Users/devaananth/.pub-cache/hosted/pub.dev/cloud_firestore-6.2.0/lib/src/query.dart,/Users/devaananth/.pub-cache/hosted/pub.dev/cloud_firestore-6.2.0/lib/src/query_document_snapshot.dart,/Users/devaananth/.pub-cache/hosted/pub.dev/cloud_firestore-6.2.0/lib/src/query_snapshot.dart,/Users/devaananth/.pub-cache/hosted/pub.dev/cloud_firestore-6.2.0/lib/src/snapshot_metadata.dart,/Users/devaananth/.pub-cache/hosted/pub.dev/cloud_firestore-6.2.0/lib/src/transaction.dart,/Users/devaananth/.pub-cache/hosted/pub.dev/cloud_firestore-6.2.0/lib/src/utils/codec_utility.dart,/Users/devaananth/.pub-cache/hosted/pub.dev/cloud_firestore-6.2.0/lib/src/write_batch.dart,/Users/devaananth/.pub-cache/hosted/pub.dev/firebase_auth_platform_interface-8.1.8/lib/src/action_code_info.dart,/Users/devaananth/.pub-cache/hosted/pub.dev/firebase_auth_platform_interface-8.1.8/lib/src/action_code_settings.dart,/Users/devaananth/.pub-cache/hosted/pub.dev/firebase_auth_platform_interface-8.1.8/lib/src/additional_user_info.dart,/Users/devaananth/.pub-cache/hosted/pub.dev/firebase_auth_platform_interface-8.1.8/lib/src/auth_credential.dart,/Users/devaananth/.pub-cache/hosted/pub.dev/firebase_auth_platform_interface-8.1.8/lib/src/auth_provider.dart,/Users/devaananth/.pub-cache/hosted/pub.dev/firebase_auth_platform_interface-8.1.8/lib/src/firebase_auth_exception.dart,/Users/devaananth/.pub-cache/hosted/pub.dev/firebase_auth_platform_interface-8.1.8/lib/src/firebase_auth_multi_factor_exception.dart,/Users/devaananth/.pub-cache/hosted/pub.dev/firebase_auth_platform_interface-8.1.8/lib/src/id_token_result.dart,/Users/devaananth/.pub-cache/hosted/pub.dev/firebase_auth_platform_interface-8.1.8/lib/src/pigeon/messages.pigeon.dart,/Users/devaananth/.pub-cache/hosted/pub.dev/firebase_auth_platform_interface-8.1.8/lib/src/platform_interface/platform_interface_confirmation_result.dart,/Users/devaananth/.pub-cache/hosted/pub.dev/firebase_auth_platform_interface-8.1.8/lib/src/platform_interface/platform_interface_firebase_auth.dart,/Users/devaananth/.pub-cache/hosted/pub.dev/firebase_auth_platform_interface-8.1.8/lib/src/platform_interface/platform_interface_multi_factor.dart,/Users/devaananth/.pub-cache/hosted/pub.dev/firebase_auth_platform_interface-8.1.8/lib/src/platform_interface/platform_interface_recaptcha_verifier_factory.dart,/Users/devaananth/.pub-cache/hosted/pub.dev/firebase_auth_platform_interface-8.1.8/lib/src/platform_interface/platform_interface_user.dart,/Users/devaananth/.pub-cache/hosted/pub.dev/firebase_auth_platform_interface-8.1.8/lib/src/platform_interface/platform_interface_user_credential.dart,/Users/devaananth/.pub-cache/hosted/pub.dev/firebase_auth_platform_interface-8.1.8/lib/src/providers/apple_auth.dart,/Users/devaananth/.pub-cache/hosted/pub.dev/firebase_auth_platform_interface-8.1.8/lib/src/providers/email_auth.dart,/Users/devaananth/.pub-cache/hosted/pub.dev/firebase_auth_platform_interface-8.1.8/lib/src/providers/facebook_auth.dart,/Users/devaananth/.pub-cache/hosted/pub.dev/firebase_auth_platform_interface-8.1.8/lib/src/providers/game_center_auth.dart,/Users/devaananth/.pub-cache/hosted/pub.dev/firebase_auth_platform_interface-8.1.8/lib/src/providers/github_auth.dart,/Users/devaananth/.pub-cache/hosted/pub.dev/firebase_auth_platform_interface-8.1.8/lib/src/providers/google_auth.dart,/Users/devaananth/.pub-cache/hosted/pub.dev/firebase_auth_platform_interface-8.1.8/lib/src/providers/microsoft_auth.dart,/Users/devaananth/.pub-cache/hosted/pub.dev/firebase_auth_platform_interface-8.1.8/lib/src/providers/oauth.dart,/Users/devaananth/.pub-cache/hosted/pub.dev/firebase_auth_platform_interface-8.1.8/lib/src/providers/phone_auth.dart,/Users/devaananth/.pub-cache/hosted/pub.dev/firebase_auth_platform_interface-8.1.8/lib/src/providers/saml_auth.dart,/Users/devaananth/.pub-cache/hosted/pub.dev/firebase_auth_platform_interface-8.1.8/lib/src/providers/twitter_auth.dart,/Users/devaananth/.pub-cache/hosted/pub.dev/firebase_auth_platform_interface-8.1.8/lib/src/providers/yahoo_auth.dart,/Users/devaananth/.pub-cache/hosted/pub.dev/firebase_auth_platform_interface-8.1.8/lib/src/providers/play_games_auth.dart,/Users/devaananth/.pub-cache/hosted/pub.dev/firebase_auth_platform_interface-8.1.8/lib/src/types.dart,/Users/devaananth/.pub-cache/hosted/pub.dev/firebase_auth_platform_interface-8.1.8/lib/src/user_info.dart,/Users/devaananth/.pub-cache/hosted/pub.dev/firebase_auth_platform_interface-8.1.8/lib/src/user_metadata.dart,/Users/devaananth/.pub-cache/hosted/pub.dev/firebase_auth_platform_interface-8.1.8/lib/src/password_policy/password_policy_api.dart,/Users/devaananth/.pub-cache/hosted/pub.dev/firebase_auth_platform_interface-8.1.8/lib/src/password_policy/password_policy_impl.dart,/Users/devaananth/.pub-cache/hosted/pub.dev/firebase_auth_platform_interface-8.1.8/lib/src/password_policy/password_policy.dart,/Users/devaananth/.pub-cache/hosted/pub.dev/firebase_auth_platform_interface-8.1.8/lib/src/password_policy/password_validation_status.dart,/Users/devaananth/.pub-cache/hosted/pub.dev/google_sign_in-6.3.0/lib/src/common.dart,/Users/devaananth/.pub-cache/hosted/pub.dev/google_sign_in-6.3.0/lib/widgets.dart,/Users/devaananth/.pub-cache/hosted/pub.dev/google_sign_in_platform_interface-2.5.0/lib/src/utils.dart,/opt/homebrew/share/flutter/packages/flutter/lib/src/services/_background_isolate_binary_messenger_io.dart,/opt/homebrew/share/flutter/packages/flutter/lib/src/semantics/binding.dart,/opt/homebrew/share/flutter/packages/flutter/lib/src/semantics/debug.dart,/opt/homebrew/share/flutter/packages/flutter/lib/src/semantics/semantics.dart,/opt/homebrew/share/flutter/packages/flutter/lib/src/semantics/semantics_event.dart,/opt/homebrew/share/flutter/packages/flutter/lib/src/semantics/semantics_service.dart,/Users/devaananth/.pub-cache/hosted/pub.dev/collection-1.19.1/lib/src/utils.dart,/Users/devaananth/.pub-cache/hosted/pub.dev/collection-1.19.1/lib/src/combined_wrappers/combined_iterator.dart,/Users/devaananth/.pub-cache/hosted/pub.dev/collection-1.19.1/lib/src/empty_unmodifiable_set.dart,/Users/devaananth/.pub-cache/hosted/pub.dev/material_color_utilities-0.11.1/lib/dynamiccolor/src/contrast_curve.dart,/Users/devaananth/.pub-cache/hosted/pub.dev/material_color_utilities-0.11.1/lib/dynamiccolor/src/tone_delta_pair.dart,/Users/devaananth/.pub-cache/hosted/pub.dev/material_color_utilities-0.11.1/lib/hct/src/hct_solver.dart,/Users/devaananth/.pub-cache/hosted/pub.dev/material_color_utilities-0.11.1/lib/quantize/src/point_provider_lab.dart,/Users/devaananth/.pub-cache/hosted/pub.dev/material_color_utilities-0.11.1/lib/quantize/src/point_provider.dart,/opt/homebrew/share/flutter/packages/flutter/lib/src/painting/_network_image_io.dart,/Users/devaananth/.pub-cache/hosted/pub.dev/characters-1.4.0/lib/src/characters_impl.dart,/opt/homebrew/share/flutter/packages/flutter/lib/src/widgets/_window_io.dart,/opt/homebrew/share/flutter/packages/flutter/lib/src/physics/clamped_simulation.dart,/opt/homebrew/share/flutter/packages/flutter/lib/src/physics/friction_simulation.dart,/opt/homebrew/share/flutter/packages/flutter/lib/src/physics/gravity_simulation.dart,/opt/homebrew/share/flutter/packages/flutter/lib/src/physics/simulation.dart,/opt/homebrew/share/flutter/packages/flutter/lib/src/physics/spring_simulation.dart,/opt/homebrew/share/flutter/packages/flutter/lib/src/physics/tolerance.dart,/opt/homebrew/share/flutter/packages/flutter/lib/src/physics/utils.dart,/Users/devaananth/.pub-cache/hosted/pub.dev/cloud_firestore_platform_interface-7.1.0/lib/src/internal/pointer.dart,/Users/devaananth/.pub-cache/hosted/pub.dev/cloud_firestore_platform_interface-7.1.0/lib/src/blob.dart,/Users/devaananth/.pub-cache/hosted/pub.dev/cloud_firestore_platform_interface-7.1.0/lib/src/field_path.dart,/Users/devaananth/.pub-cache/hosted/pub.dev/cloud_firestore_platform_interface-7.1.0/lib/src/field_path_type.dart,/Users/devaananth/.pub-cache/hosted/pub.dev/cloud_firestore_platform_interface-7.1.0/lib/src/filters.dart,/Users/devaananth/.pub-cache/hosted/pub.dev/cloud_firestore_platform_interface-7.1.0/lib/src/geo_point.dart,/Users/devaananth/.pub-cache/hosted/pub.dev/cloud_firestore_platform_interface-7.1.0/lib/src/get_options.dart,/Users/devaananth/.pub-cache/hosted/pub.dev/cloud_firestore_platform_interface-7.1.0/lib/src/load_bundle_task_state.dart,/Users/devaananth/.pub-cache/hosted/pub.dev/cloud_firestore_platform_interface-7.1.0/lib/src/persistence_settings.dart,/Users/devaananth/.pub-cache/hosted/pub.dev/cloud_firestore_platform_interface-7.1.0/lib/src/pigeon/messages.pigeon.dart,/Users/devaananth/.pub-cache/hosted/pub.dev/cloud_firestore_platform_interface-7.1.0/lib/src/platform_interface/platform_interface_aggregate_query.dart,/Users/devaananth/.pub-cache/hosted/pub.dev/cloud_firestore_platform_interface-7.1.0/lib/src/platform_interface/platform_interface_aggregate_query_snapshot.dart,/Users/devaananth/.pub-cache/hosted/pub.dev/cloud_firestore_platform_interface-7.1.0/lib/src/platform_interface/platform_interface_collection_reference.dart,/Users/devaananth/.pub-cache/hosted/pub.dev/cloud_firestore_platform_interface-7.1.0/lib/src/platform_interface/platform_interface_document_change.dart,/Users/devaananth/.pub-cache/hosted/pub.dev/cloud_firestore_platform_interface-7.1.0/lib/src/platform_interface/platform_interface_document_reference.dart,/Users/devaananth/.pub-cache/hosted/pub.dev/cloud_firestore_platform_interface-7.1.0/lib/src/platform_interface/platform_interface_document_snapshot.dart,/Users/devaananth/.pub-cache/hosted/pub.dev/cloud_firestore_platform_interface-7.1.0/lib/src/platform_interface/platform_interface_field_value.dart,/Users/devaananth/.pub-cache/hosted/pub.dev/cloud_firestore_platform_interface-7.1.0/lib/src/platform_interface/platform_interface_field_value_factory.dart,/Users/devaananth/.pub-cache/hosted/pub.dev/cloud_firestore_platform_interface-7.1.0/lib/src/platform_interface/platform_interface_firestore.dart,/Users/devaananth/.pub-cache/hosted/pub.dev/cloud_firestore_platform_interface-7.1.0/lib/src/platform_interface/platform_interface_index_definitions.dart,/Users/devaananth/.pub-cache/hosted/pub.dev/cloud_firestore_platform_interface-7.1.0/lib/src/platform_interface/platform_interface_load_bundle_task.dart,/Users/devaananth/.pub-cache/hosted/pub.dev/cloud_firestore_platform_interface-7.1.0/lib/src/platform_interface/platform_interface_load_bundle_task_snapshot.dart,/Users/devaananth/.pub-cache/hosted/pub.dev/cloud_firestore_platform_interface-7.1.0/lib/src/platform_interface/platform_interface_persistent_cache_index_manager.dart,/Users/devaananth/.pub-cache/hosted/pub.dev/cloud_firestore_platform_interface-7.1.0/lib/src/platform_interface/platform_interface_query.dart,/Users/devaananth/.pub-cache/hosted/pub.dev/cloud_firestore_platform_interface-7.1.0/lib/src/platform_interface/platform_interface_query_snapshot.dart,/Users/devaananth/.pub-cache/hosted/pub.dev/cloud_firestore_platform_interface-7.1.0/lib/src/platform_interface/platform_interface_transaction.dart,/Users/devaananth/.pub-cache/hosted/pub.dev/cloud_firestore_platform_interface-7.1.0/lib/src/platform_interface/platform_interface_write_batch.dart,/Users/devaananth/.pub-cache/hosted/pub.dev/cloud_firestore_platform_interface-7.1.0/lib/src/platform_interface/utils/load_bundle_task_state.dart,/Users/devaananth/.pub-cache/hosted/pub.dev/cloud_firestore_platform_interface-7.1.0/lib/src/set_options.dart,/Users/devaananth/.pub-cache/hosted/pub.dev/cloud_firestore_platform_interface-7.1.0/lib/src/settings.dart,/Users/devaananth/.pub-cache/hosted/pub.dev/cloud_firestore_platform_interface-7.1.0/lib/src/snapshot_metadata.dart,/Users/devaananth/.pub-cache/hosted/pub.dev/cloud_firestore_platform_interface-7.1.0/lib/src/timestamp.dart,/Users/devaananth/.pub-cache/hosted/pub.dev/cloud_firestore_platform_interface-7.1.0/lib/src/vector_value.dart,/Users/devaananth/.pub-cache/hosted/pub.dev/firebase_auth_platform_interface-8.1.8/lib/src/method_channel/method_channel_firebase_auth.dart,/Users/devaananth/.pub-cache/hosted/pub.dev/firebase_auth_platform_interface-8.1.8/lib/src/method_channel/method_channel_multi_factor.dart,/Users/devaananth/.pub-cache/hosted/pub.dev/http-1.6.0/lib/http.dart,/Users/devaananth/.pub-cache/hosted/pub.dev/google_sign_in-6.3.0/lib/src/fife.dart,/Users/devaananth/.pub-cache/hosted/pub.dev/characters-1.4.0/lib/src/grapheme_clusters/breaks.dart,/Users/devaananth/.pub-cache/hosted/pub.dev/characters-1.4.0/lib/src/grapheme_clusters/constants.dart,/Users/devaananth/.pub-cache/hosted/pub.dev/characters-1.4.0/lib/src/grapheme_clusters/table.dart,/opt/homebrew/share/flutter/packages/flutter/lib/src/widgets/_window_win32.dart,/Users/devaananth/.pub-cache/hosted/pub.dev/cloud_firestore_platform_interface-7.1.0/lib/src/method_channel/utils/firestore_message_codec.dart,/Users/devaananth/.pub-cache/hosted/pub.dev/cloud_firestore_platform_interface-7.1.0/lib/src/method_channel/method_channel_field_value_factory.dart,/Users/devaananth/.pub-cache/hosted/pub.dev/cloud_firestore_platform_interface-7.1.0/lib/src/method_channel/method_channel_firestore.dart,/Users/devaananth/.pub-cache/hosted/pub.dev/_flutterfire_internals-1.3.68/lib/_flutterfire_internals.dart,/Users/devaananth/.pub-cache/hosted/pub.dev/firebase_auth_platform_interface-8.1.8/lib/src/method_channel/utils/convert_auth_provider.dart,/Users/devaananth/.pub-cache/hosted/pub.dev/firebase_auth_platform_interface-8.1.8/lib/src/method_channel/method_channel_user.dart,/Users/devaananth/.pub-cache/hosted/pub.dev/firebase_auth_platform_interface-8.1.8/lib/src/method_channel/method_channel_user_credential.dart,/Users/devaananth/.pub-cache/hosted/pub.dev/firebase_auth_platform_interface-8.1.8/lib/src/method_channel/utils/exception.dart,/Users/devaananth/.pub-cache/hosted/pub.dev/firebase_auth_platform_interface-8.1.8/lib/src/method_channel/utils/pigeon_helper.dart,/Users/devaananth/.pub-cache/hosted/pub.dev/http-1.6.0/lib/src/client.dart,/Users/devaananth/.pub-cache/hosted/pub.dev/http-1.6.0/lib/src/exception.dart,/Users/devaananth/.pub-cache/hosted/pub.dev/http-1.6.0/lib/src/request.dart,/Users/devaananth/.pub-cache/hosted/pub.dev/http-1.6.0/lib/src/response.dart,/Users/devaananth/.pub-cache/hosted/pub.dev/http-1.6.0/lib/src/streamed_request.dart,/Users/devaananth/.pub-cache/hosted/pub.dev/http_parser-4.1.2/lib/http_parser.dart,/Users/devaananth/.pub-cache/hosted/pub.dev/http-1.6.0/lib/src/abortable.dart,/Users/devaananth/.pub-cache/hosted/pub.dev/http-1.6.0/lib/src/base_client.dart,/Users/devaananth/.pub-cache/hosted/pub.dev/http-1.6.0/lib/src/base_request.dart,/Users/devaananth/.pub-cache/hosted/pub.dev/http-1.6.0/lib/src/base_response.dart,/Users/devaananth/.pub-cache/hosted/pub.dev/http-1.6.0/lib/src/byte_stream.dart,/Users/devaananth/.pub-cache/hosted/pub.dev/http-1.6.0/lib/src/multipart_file.dart,/Users/devaananth/.pub-cache/hosted/pub.dev/http-1.6.0/lib/src/multipart_request.dart,/Users/devaananth/.pub-cache/hosted/pub.dev/http-1.6.0/lib/src/streamed_response.dart,/Users/devaananth/.pub-cache/hosted/pub.dev/cloud_firestore_platform_interface-7.1.0/lib/src/method_channel/method_channel_field_value.dart,/Users/devaananth/.pub-cache/hosted/pub.dev/cloud_firestore_platform_interface-7.1.0/lib/src/method_channel/method_channel_query.dart,/Users/devaananth/.pub-cache/hosted/pub.dev/cloud_firestore_platform_interface-7.1.0/lib/src/method_channel/method_channel_load_bundle_task.dart,/Users/devaananth/.pub-cache/hosted/pub.dev/cloud_firestore_platform_interface-7.1.0/lib/src/method_channel/method_channel_persistent_cache_index_manager.dart,/Users/devaananth/.pub-cache/hosted/pub.dev/cloud_firestore_platform_interface-7.1.0/lib/src/method_channel/method_channel_query_snapshot.dart,/Users/devaananth/.pub-cache/hosted/pub.dev/cloud_firestore_platform_interface-7.1.0/lib/src/method_channel/method_channel_collection_reference.dart,/Users/devaananth/.pub-cache/hosted/pub.dev/cloud_firestore_platform_interface-7.1.0/lib/src/method_channel/method_channel_document_reference.dart,/Users/devaananth/.pub-cache/hosted/pub.dev/cloud_firestore_platform_interface-7.1.0/lib/src/method_channel/method_channel_transaction.dart,/Users/devaananth/.pub-cache/hosted/pub.dev/cloud_firestore_platform_interface-7.1.0/lib/src/method_channel/method_channel_write_batch.dart,/Users/devaananth/.pub-cache/hosted/pub.dev/cloud_firestore_platform_interface-7.1.0/lib/src/method_channel/utils/exception.dart,/Users/devaananth/.pub-cache/hosted/pub.dev/_flutterfire_internals-1.3.68/lib/src/interop_shimmer.dart,/Users/devaananth/.pub-cache/hosted/pub.dev/_flutterfire_internals-1.3.68/lib/src/exception.dart,/Users/devaananth/.pub-cache/hosted/pub.dev/http-1.6.0/lib/src/io_client.dart,/Users/devaananth/.pub-cache/hosted/pub.dev/http-1.6.0/lib/src/utils.dart,/Users/devaananth/.pub-cache/hosted/pub.dev/http_parser-4.1.2/lib/src/authentication_challenge.dart,/Users/devaananth/.pub-cache/hosted/pub.dev/http_parser-4.1.2/lib/src/case_insensitive_map.dart,/Users/devaananth/.pub-cache/hosted/pub.dev/http_parser-4.1.2/lib/src/chunked_coding.dart,/Users/devaananth/.pub-cache/hosted/pub.dev/http_parser-4.1.2/lib/src/http_date.dart,/Users/devaananth/.pub-cache/hosted/pub.dev/http_parser-4.1.2/lib/src/media_type.dart,/Users/devaananth/.pub-cache/hosted/pub.dev/http-1.6.0/lib/src/multipart_file_io.dart,/Users/devaananth/.pub-cache/hosted/pub.dev/http-1.6.0/lib/src/boundary_characters.dart,/Users/devaananth/.pub-cache/hosted/pub.dev/cloud_firestore_platform_interface-7.1.0/lib/src/method_channel/method_channel_aggregate_query.dart,/Users/devaananth/.pub-cache/hosted/pub.dev/cloud_firestore_platform_interface-7.1.0/lib/src/method_channel/method_channel_document_change.dart,/Users/devaananth/.pub-cache/hosted/pub.dev/cloud_firestore_platform_interface-7.1.0/lib/src/method_channel/utils/auto_id_generator.dart,/Users/devaananth/.pub-cache/hosted/pub.dev/http-1.6.0/lib/src/io_streamed_response.dart,/Users/devaananth/.pub-cache/hosted/pub.dev/string_scanner-1.4.1/lib/string_scanner.dart,/Users/devaananth/.pub-cache/hosted/pub.dev/http_parser-4.1.2/lib/src/scan.dart,/Users/devaananth/.pub-cache/hosted/pub.dev/http_parser-4.1.2/lib/src/utils.dart,/Users/devaananth/.pub-cache/hosted/pub.dev/http_parser-4.1.2/lib/src/chunked_coding/decoder.dart,/Users/devaananth/.pub-cache/hosted/pub.dev/http_parser-4.1.2/lib/src/chunked_coding/encoder.dart,/Users/devaananth/.pub-cache/hosted/pub.dev/string_scanner-1.4.1/lib/src/exception.dart,/Users/devaananth/.pub-cache/hosted/pub.dev/string_scanner-1.4.1/lib/src/line_scanner.dart,/Users/devaananth/.pub-cache/hosted/pub.dev/string_scanner-1.4.1/lib/src/span_scanner.dart,/Users/devaananth/.pub-cache/hosted/pub.dev/string_scanner-1.4.1/lib/src/string_scanner.dart,/Users/devaananth/.pub-cache/hosted/pub.dev/source_span-1.10.2/lib/source_span.dart,/Users/devaananth/.pub-cache/hosted/pub.dev/typed_data-1.4.0/lib/typed_data.dart,/Users/devaananth/.pub-cache/hosted/pub.dev/http_parser-4.1.2/lib/src/chunked_coding/charcodes.dart,/Users/devaananth/.pub-cache/hosted/pub.dev/string_scanner-1.4.1/lib/src/charcode.dart,/Users/devaananth/.pub-cache/hosted/pub.dev/string_scanner-1.4.1/lib/src/utils.dart,/Users/devaananth/.pub-cache/hosted/pub.dev/string_scanner-1.4.1/lib/src/eager_span_scanner.dart,/Users/devaananth/.pub-cache/hosted/pub.dev/string_scanner-1.4.1/lib/src/relative_span_scanner.dart,/Users/devaananth/.pub-cache/hosted/pub.dev/source_span-1.10.2/lib/src/file.dart,/Users/devaananth/.pub-cache/hosted/pub.dev/source_span-1.10.2/lib/src/location.dart,/Users/devaananth/.pub-cache/hosted/pub.dev/source_span-1.10.2/lib/src/location_mixin.dart,/Users/devaananth/.pub-cache/hosted/pub.dev/source_span-1.10.2/lib/src/span.dart,/Users/devaananth/.pub-cache/hosted/pub.dev/source_span-1.10.2/lib/src/span_exception.dart,/Users/devaananth/.pub-cache/hosted/pub.dev/source_span-1.10.2/lib/src/span_mixin.dart,/Users/devaananth/.pub-cache/hosted/pub.dev/source_span-1.10.2/lib/src/span_with_context.dart,/Users/devaananth/.pub-cache/hosted/pub.dev/typed_data-1.4.0/lib/src/typed_queue.dart,/Users/devaananth/.pub-cache/hosted/pub.dev/typed_data-1.4.0/lib/typed_buffers.dart,/Users/devaananth/.pub-cache/hosted/pub.dev/path-1.9.1/lib/path.dart,/Users/devaananth/.pub-cache/hosted/pub.dev/term_glyph-1.2.2/lib/term_glyph.dart,/Users/devaananth/.pub-cache/hosted/pub.dev/source_span-1.10.2/lib/src/highlighter.dart,/Users/devaananth/.pub-cache/hosted/pub.dev/source_span-1.10.2/lib/src/utils.dart,/Users/devaananth/.pub-cache/hosted/pub.dev/typed_data-1.4.0/lib/src/typed_buffer.dart,/Users/devaananth/.pub-cache/hosted/pub.dev/path-1.9.1/lib/src/context.dart,/Users/devaananth/.pub-cache/hosted/pub.dev/path-1.9.1/lib/src/style.dart,/Users/devaananth/.pub-cache/hosted/pub.dev/path-1.9.1/lib/src/path_exception.dart,/Users/devaananth/.pub-cache/hosted/pub.dev/path-1.9.1/lib/src/path_map.dart,/Users/devaananth/.pub-cache/hosted/pub.dev/path-1.9.1/lib/src/path_set.dart,/Users/devaananth/.pub-cache/hosted/pub.dev/term_glyph-1.2.2/lib/src/generated/ascii_glyph_set.dart,/Users/devaananth/.pub-cache/hosted/pub.dev/term_glyph-1.2.2/lib/src/generated/glyph_set.dart,/Users/devaananth/.pub-cache/hosted/pub.dev/term_glyph-1.2.2/lib/src/generated/unicode_glyph_set.dart,/Users/devaananth/.pub-cache/hosted/pub.dev/term_glyph-1.2.2/lib/src/generated/top_level.dart,/Users/devaananth/.pub-cache/hosted/pub.dev/source_span-1.10.2/lib/src/charcode.dart,/Users/devaananth/.pub-cache/hosted/pub.dev/source_span-1.10.2/lib/src/colors.dart,/Users/devaananth/.pub-cache/hosted/pub.dev/path-1.9.1/lib/src/characters.dart,/Users/devaananth/.pub-cache/hosted/pub.dev/path-1.9.1/lib/src/internal_style.dart,/Users/devaananth/.pub-cache/hosted/pub.dev/path-1.9.1/lib/src/parsed_path.dart,/Users/devaananth/.pub-cache/hosted/pub.dev/path-1.9.1/lib/src/style/posix.dart,/Users/devaananth/.pub-cache/hosted/pub.dev/path-1.9.1/lib/src/style/url.dart,/Users/devaananth/.pub-cache/hosted/pub.dev/path-1.9.1/lib/src/style/windows.dart,/Users/devaananth/.pub-cache/hosted/pub.dev/path-1.9.1/lib/src/utils.dart}
[   +1 ms] [  +18 ms] /opt/homebrew/share/flutter/bin/cache/dart-sdk/bin/dartaotruntime /opt/homebrew/share/flutter/bin/cache/dart-sdk/bin/snapshots/frontend_server_aot.dart.snapshot --sdk-root /opt/homebrew/share/flutter/bin/cache/artifacts/engine/common/flutter_patched_sdk/ --target=flutter --no-print-incremental-dependencies -DFLUTTER_VERSION=3.38.9 -DFLUTTER_CHANNEL=stable -DFLUTTER_GIT_URL=https://github.com/flutter/flutter.git -DFLUTTER_FRAMEWORK_REVISION=67323de285 -DFLUTTER_ENGINE_REVISION=587c18f873 -DFLUTTER_DART_VERSION=3.10.8 -DFLUTTER_APP_FLAVOR= -Ddart.vm.profile=false -Ddart.vm.product=false --enable-asserts --track-widget-creation --no-link-platform --packages /Users/devaananth/VS_code/Hackathon_1/.dart_tool/package_config.json --output-dill /Users/devaananth/VS_code/Hackathon_1/.dart_tool/flutter_build/99ff8d6577166a42fca1e16706397fb5/app.dill --depfile /Users/devaananth/VS_code/Hackathon_1/.dart_tool/flutter_build/99ff8d6577166a42fca1e16706397fb5/kernel_snapshot_program.d --incremental --initialize-from-dill /Users/devaananth/VS_code/Hackathon_1/.dart_tool/flutter_build/99ff8d6577166a42fca1e16706397fb5/app.dill --source file:///Users/devaananth/VS_code/Hackathon_1/.dart_tool/flutter_build/dart_plugin_registrant.dart --source package:flutter/src/dart_plugin_registrant.dart -Dflutter.dart_plugin_registrant=file:///Users/devaananth/VS_code/Hackathon_1/.dart_tool/flutter_build/dart_plugin_registrant.dart --verbosity=error package:civic_pulse/main.dart
[ +370 ms] [+1224 ms] lib/features/home/home_screen.dart:29:38: Error: The method 'fetchSystemStatus' isn't defined for the type 'HomeProvider'.
[   +2 ms] [   +3 ms]  - 'HomeProvider' is from 'package:civic_pulse/features/home/home_provider.dart' ('lib/features/home/home_provider.dart').
[        ] [        ] Try correcting the name to the name of an existing method, or defining a method named 'fetchSystemStatus'.
[        ] [        ]                   await homeProvider.fetchSystemStatus();
[        ] [        ]                                      ^^^^^^^^^^^^^^^^^
[  +88 ms] [ +123 ms] Persisting file store
[        ] [   +8 ms] Done persisting file store
[ +100 ms] [   +2 ms] Target kernel_snapshot_program failed: Exception
[        ]            #0      KernelSnapshot.build (package:flutter_tools/src/build_system/targets/common.dart:289:7)
[        ]            <asynchronous suspension>
[        ]            #1      _BuildInstance._invokeInternal (package:flutter_tools/src/build_system/build_system.dart:895:9)
[        ]            <asynchronous suspension>
[        ]            #2      Future.wait.<anonymous closure> (dart:async/future.dart:546:21)
[        ]            <asynchronous suspension>
[        ]            #3      _BuildInstance.invokeTarget (package:flutter_tools/src/build_system/build_system.dart:833:32)
[        ]            <asynchronous suspension>
[        ]            #4      FlutterBuildSystem.build (package:flutter_tools/src/build_system/build_system.dart:653:16)
[        ]            <asynchronous suspension>
[        ]            #5      AssembleCommand.runCommand (package:flutter_tools/src/commands/assemble.dart:361:32)
[        ]            <asynchronous suspension>
[        ]            #6      FlutterCommand.run.<anonymous closure> (package:flutter_tools/src/runner/flutter_command.dart:1559:27)
[        ]            <asynchronous suspension>
[        ]            #7      AppContext.run.<anonymous closure> (package:flutter_tools/src/base/context.dart:154:19)
[        ]            <asynchronous suspension>
[        ]            #8      CommandRunner.runCommand (package:args/command_runner.dart:212:13)
[        ]            <asynchronous suspension>
[        ]            #9      FlutterCommandRunner.runCommand.<anonymous closure> (package:flutter_tools/src/runner/flutter_command_runner.dart:487:9)
[        ]            <asynchronous suspension>
[        ]            #10     AppContext.run.<anonymous closure> (package:flutter_tools/src/base/context.dart:154:19)
[        ]            <asynchronous suspension>
[        ]            #11     FlutterCommandRunner.runCommand (package:flutter_tools/src/runner/flutter_command_runner.dart:422:5)
[        ]            <asynchronous suspension>
[        ]            #12     run.<anonymous closure>.<anonymous closure> (package:flutter_tools/runner.dart:104:11)
[        ]            <asynchronous suspension>
[        ]            #13     AppContext.run.<anonymous closure> (package:flutter_tools/src/base/context.dart:154:19)
[        ]            <asynchronous suspension>
[        ]            #14     main (package:flutter_tools/executable.dart:103:3)
[        ]            <asynchronous suspension>
[        ] [  +23 ms] 
[        ]            #0      throwToolExit (package:flutter_tools/src/base/common.dart:34:3)
[        ]            #1      AssembleCommand.runCommand (package:flutter_tools/src/commands/assemble.dart:379:7)
[        ]            <asynchronous suspension>
[        ]            #2      FlutterCommand.run.<anonymous closure> (package:flutter_tools/src/runner/flutter_command.dart:1559:27)
[        ]            <asynchronous suspension>
[        ]            #3      AppContext.run.<anonymous closure> (package:flutter_tools/src/base/context.dart:154:19)
[        ]            <asynchronous suspension>
[        ]            #4      CommandRunner.runCommand (package:args/command_runner.dart:212:13)
[        ]            <asynchronous suspension>
[        ]            #5      FlutterCommandRunner.runCommand.<anonymous closure> (package:flutter_tools/src/runner/flutter_command_runner.dart:487:9)
[        ]            <asynchronous suspension>
[        ]            #6      AppContext.run.<anonymous closure> (package:flutter_tools/src/base/context.dart:154:19)
[        ]            <asynchronous suspension>
[        ]            #7      FlutterCommandRunner.runCommand (package:flutter_tools/src/runner/flutter_command_runner.dart:422:5)
[        ]            <asynchronous suspension>
[        ]            #8      run.<anonymous closure>.<anonymous closure> (package:flutter_tools/runner.dart:104:11)
[        ]            <asynchronous suspension>
[        ]            #9      AppContext.run.<anonymous closure> (package:flutter_tools/src/base/context.dart:154:19)
[        ]            <asynchronous suspension>
[        ]            #10     main (package:flutter_tools/executable.dart:103:3)
[        ]            <asynchronous suspension>
[        ] [        ] "flutter assemble" took 2,168ms.
[        ] [   +4 ms] executing: sw_vers -productName
[        ] [  +15 ms] Exit code 0 from: sw_vers -productName
[        ] [        ] macOS
[        ] [        ] executing: sw_vers -productVersion
[        ] [  +13 ms] Exit code 0 from: sw_vers -productVersion
[        ] [        ] 26.4
[        ] [        ] executing: sw_vers -buildVersion
[        ] [  +13 ms] Exit code 0 from: sw_vers -buildVersion
[        ] [        ] 25E246
[        ] [        ] executing: uname -m
[        ] [   +5 ms] Exit code 0 from: uname -m
[        ] [        ] arm64
[        ] [        ] Running 1 shutdown hook
[        ] [        ] Shutdown hooks complete
[ +192 ms] [ +155 ms] exiting with code 1
[        ] > Task :app:compileFlutterBuildDebug FAILED
[        ] Build ae37ecf0-c183-40ab-9c82-18fa2381f2bf is closed
[        ] [Incubating] Problems report is available at: file:///Users/devaananth/VS_code/Hackathon_1/build/reports/problems/problems-report.html
[        ] FAILURE: Build failed with an exception.
[        ] * What went wrong:
[        ] Execution failed for task ':app:compileFlutterBuildDebug'.
[        ] > Process 'command '/opt/homebrew/share/flutter/bin/flutter'' finished with non-zero exit value 1
[        ] * Try:
[        ] > Run with --debug option to get more log output.
[        ] > Run with --scan to get full insights.
[        ] > Get more help at https://help.gradle.org.
[        ] * Exception is:
[        ] org.gradle.api.tasks.TaskExecutionException: Execution failed for task ':app:compileFlutterBuildDebug'.
[        ] 	at org.gradle.api.internal.tasks.execution.ExecuteActionsTaskExecuter.lambda$executeIfValid$1(ExecuteActionsTaskExecuter.java:130)
[        ] 	at org.gradle.internal.Try$Failure.ifSuccessfulOrElse(Try.java:293)
[        ] 	at org.gradle.api.internal.tasks.execution.ExecuteActionsTaskExecuter.executeIfValid(ExecuteActionsTaskExecuter.java:128)
[        ] 	at org.gradle.api.internal.tasks.execution.ExecuteActionsTaskExecuter.execute(ExecuteActionsTaskExecuter.java:116)
[        ] 	at org.gradle.api.internal.tasks.execution.ProblemsTaskPathTrackingTaskExecuter.execute(ProblemsTaskPathTrackingTaskExecuter.java:41)
[        ] 	at org.gradle.api.internal.tasks.execution.FinalizePropertiesTaskExecuter.execute(FinalizePropertiesTaskExecuter.java:46)
[        ] 	at org.gradle.api.internal.tasks.execution.ResolveTaskExecutionModeExecuter.execute(ResolveTaskExecutionModeExecuter.java:51)
[        ] 	at org.gradle.api.internal.tasks.execution.SkipTaskWithNoActionsExecuter.execute(SkipTaskWithNoActionsExecuter.java:57)
[        ] 	at org.gradle.api.internal.tasks.execution.SkipOnlyIfTaskExecuter.execute(SkipOnlyIfTaskExecuter.java:74)
[        ] 	at org.gradle.api.internal.tasks.execution.CatchExceptionTaskExecuter.execute(CatchExceptionTaskExecuter.java:36)
[        ] 	at org.gradle.api.internal.tasks.execution.EventFiringTaskExecuter$1.executeTask(EventFiringTaskExecuter.java:77)
[        ] 	at org.gradle.api.internal.tasks.execution.EventFiringTaskExecuter$1.call(EventFiringTaskExecuter.java:55)
[        ] 	at org.gradle.api.internal.tasks.execution.EventFiringTaskExecuter$1.call(EventFiringTaskExecuter.java:52)
[        ] 	at org.gradle.internal.operations.DefaultBuildOperationRunner$CallableBuildOperationWorker.execute(DefaultBuildOperationRunner.java:210)
[        ] 	at org.gradle.internal.operations.DefaultBuildOperationRunner$CallableBuildOperationWorker.execute(DefaultBuildOperationRunner.java:205)
[        ] 	at org.gradle.internal.operations.DefaultBuildOperationRunner$2.execute(DefaultBuildOperationRunner.java:67)
[        ] 	at org.gradle.internal.operations.DefaultBuildOperationRunner$2.execute(DefaultBuildOperationRunner.java:60)
[        ] 	at org.gradle.internal.operations.DefaultBuildOperationRunner.execute(DefaultBuildOperationRunner.java:167)
[        ] 	at org.gradle.internal.operations.DefaultBuildOperationRunner.execute(DefaultBuildOperationRunner.java:60)
[        ] 	at org.gradle.internal.operations.DefaultBuildOperationRunner.call(DefaultBuildOperationRunner.java:54)
[        ] 	at org.gradle.api.internal.tasks.execution.EventFiringTaskExecuter.execute(EventFiringTaskExecuter.java:52)
[        ] 	at org.gradle.execution.plan.LocalTaskNodeExecutor.execute(LocalTaskNodeExecutor.java:42)
[        ] 	at org.gradle.execution.taskgraph.DefaultTaskExecutionGraph$InvokeNodeExecutorsAction.execute(DefaultTaskExecutionGraph.java:331)
[        ] 	at org.gradle.execution.taskgraph.DefaultTaskExecutionGraph$InvokeNodeExecutorsAction.execute(DefaultTaskExecutionGraph.java:318)
[        ] 	at org.gradle.execution.taskgraph.DefaultTaskExecutionGraph$BuildOperationAwareExecutionAction.lambda$execute$0(DefaultTaskExecutionGraph.java:314)
[        ] 	at org.gradle.internal.operations.CurrentBuildOperationRef.with(CurrentBuildOperationRef.java:85)
[        ] 	at org.gradle.execution.taskgraph.DefaultTaskExecutionGraph$BuildOperationAwareExecutionAction.execute(DefaultTaskExecutionGraph.java:314)
[        ] 	at org.gradle.execution.taskgraph.DefaultTaskExecutionGraph$BuildOperationAwareExecutionAction.execute(DefaultTaskExecutionGraph.java:303)
[        ] 	at org.gradle.execution.plan.DefaultPlanExecutor$ExecutorWorker.execute(DefaultPlanExecutor.java:459)
[        ] 	at org.gradle.execution.plan.DefaultPlanExecutor$ExecutorWorker.run(DefaultPlanExecutor.java:376)
[        ] 	at org.gradle.execution.plan.DefaultPlanExecutor.process(DefaultPlanExecutor.java:111)
[        ] 	at org.gradle.execution.taskgraph.DefaultTaskExecutionGraph.executeWithServices(DefaultTaskExecutionGraph.java:138)
[        ] 	at org.gradle.execution.taskgraph.DefaultTaskExecutionGraph.execute(DefaultTaskExecutionGraph.java:123)
[        ] 	at org.gradle.execution.SelectedTaskExecutionAction.execute(SelectedTaskExecutionAction.java:35)
[        ] 	at org.gradle.execution.DryRunBuildExecutionAction.execute(DryRunBuildExecutionAction.java:51)
[        ] 	at org.gradle.execution.BuildOperationFiringBuildWorkerExecutor$ExecuteTasks.call(BuildOperationFiringBuildWorkerExecutor.java:54)
[        ] 	at org.gradle.execution.BuildOperationFiringBuildWorkerExecutor$ExecuteTasks.call(BuildOperationFiringBuildWorkerExecutor.java:43)
[        ] 	at org.gradle.internal.operations.DefaultBuildOperationRunner$CallableBuildOperationWorker.execute(DefaultBuildOperationRunner.java:210)
[        ] 	at org.gradle.internal.operations.DefaultBuildOperationRunner$CallableBuildOperationWorker.execute(DefaultBuildOperationRunner.java:205)
[        ] 	at org.gradle.internal.operations.DefaultBuildOperationRunner$2.execute(DefaultBuildOperationRunner.java:67)
[        ] 	at org.gradle.internal.operations.DefaultBuildOperationRunner$2.execute(DefaultBuildOperationRunner.java:60)
[        ] 	at org.gradle.internal.operations.DefaultBuildOperationRunner.execute(DefaultBuildOperationRunner.java:167)
[        ] 	at org.gradle.internal.operations.DefaultBuildOperationRunner.execute(DefaultBuildOperationRunner.java:60)
[        ] 	at org.gradle.internal.operations.DefaultBuildOperationRunner.call(DefaultBuildOperationRunner.java:54)
[        ] 	at org.gradle.execution.BuildOperationFiringBuildWorkerExecutor.execute(BuildOperationFiringBuildWorkerExecutor.java:40)
[        ] 	at org.gradle.internal.build.DefaultBuildLifecycleController.lambda$executeTasks$10(DefaultBuildLifecycleController.java:313)
[        ] 	at org.gradle.internal.model.StateTransitionController.doTransition(StateTransitionController.java:266)
[        ] 	at org.gradle.internal.model.StateTransitionController.lambda$tryTransition$8(StateTransitionController.java:177)
[        ] 	at org.gradle.internal.work.DefaultSynchronizer.withLock(DefaultSynchronizer.java:46)
[        ] 	at org.gradle.internal.model.StateTransitionController.tryTransition(StateTransitionController.java:177)
[        ] 	at org.gradle.internal.build.DefaultBuildLifecycleController.executeTasks(DefaultBuildLifecycleController.java:304)
[        ] 	at org.gradle.internal.build.DefaultBuildWorkGraphController$DefaultBuildWorkGraph.runWork(DefaultBuildWorkGraphController.java:220)
[        ] 	at org.gradle.internal.work.DefaultWorkerLeaseService.withLocks(DefaultWorkerLeaseService.java:263)
[        ] 	at org.gradle.internal.work.DefaultWorkerLeaseService.runAsWorkerThread(DefaultWorkerLeaseService.java:127)
[        ] 	at org.gradle.composite.internal.DefaultBuildController.doRun(DefaultBuildController.java:181)
[        ] 	at org.gradle.composite.internal.DefaultBuildController.access$000(DefaultBuildController.java:50)
[        ] 	at org.gradle.composite.internal.DefaultBuildController$BuildOpRunnable.lambda$run$0(DefaultBuildController.java:198)
[        ] 	at org.gradle.internal.operations.CurrentBuildOperationRef.with(CurrentBuildOperationRef.java:85)
[        ] 	at org.gradle.composite.internal.DefaultBuildController$BuildOpRunnable.run(DefaultBuildController.java:198)
[        ] 	at java.base/java.util.concurrent.Executors$RunnableAdapter.call(Unknown Source)
[        ] 	at java.base/java.util.concurrent.FutureTask.run(Unknown Source)
[        ] 	at org.gradle.internal.concurrent.ExecutorPolicy$CatchAndRecordFailures.onExecute(ExecutorPolicy.java:64)
[        ] 	at org.gradle.internal.concurrent.AbstractManagedExecutor$1.run(AbstractManagedExecutor.java:48)
[        ] 	at java.base/java.util.concurrent.ThreadPoolExecutor.runWorker(Unknown Source)
[        ] 	at java.base/java.util.concurrent.ThreadPoolExecutor$Worker.run(Unknown Source)
[        ] 	at java.base/java.lang.Thread.run(Unknown Source)
[        ] Caused by: org.gradle.process.internal.ExecException: Process 'command '/opt/homebrew/share/flutter/bin/flutter'' finished with non-zero exit value 1
[        ] 	at org.gradle.process.internal.DefaultExecHandle$ExecResultImpl.assertNormalExitValue(DefaultExecHandle.java:442)
[        ] 	at org.gradle.process.internal.DefaultExecAction.execute(DefaultExecAction.java:49)
[        ] 	at org.gradle.process.internal.DefaultExecActionFactory.exec(DefaultExecActionFactory.java:216)
[        ] 	at org.gradle.process.internal.DefaultExecOperations.exec(DefaultExecOperations.java:37)
[        ] 	at com.flutter.gradle.tasks.BaseFlutterTaskHelper.buildBundle(BaseFlutterTaskHelper.kt:159)
[        ] 	at com.flutter.gradle.tasks.BaseFlutterTask.buildBundle(BaseFlutterTask.kt:143)
[        ] 	at com.flutter.gradle.tasks.FlutterTaskHelper.build$gradle(FlutterTaskHelper.kt:90)
[        ] 	at com.flutter.gradle.tasks.FlutterTask.build(FlutterTask.kt:51)
[        ] 	at java.base/jdk.internal.reflect.DirectMethodHandleAccessor.invoke(Unknown Source)
[        ] 	at java.base/java.lang.reflect.Method.invoke(Unknown Source)
[        ] 	at org.gradle.internal.reflect.JavaMethod.invoke(JavaMethod.java:125)
[        ] 	at org.gradle.api.internal.project.taskfactory.StandardTaskAction.doExecute(StandardTaskAction.java:58)
[        ] 	at org.gradle.api.internal.project.taskfactory.StandardTaskAction.execute(StandardTaskAction.java:51)
[        ] 	at org.gradle.api.internal.project.taskfactory.StandardTaskAction.execute(StandardTaskAction.java:29)
[        ] 	at org.gradle.api.internal.tasks.execution.TaskExecution$3.run(TaskExecution.java:244)
[        ] 	at org.gradle.internal.operations.DefaultBuildOperationRunner$1.execute(DefaultBuildOperationRunner.java:30)
[        ] 	at org.gradle.internal.operations.DefaultBuildOperationRunner$1.execute(DefaultBuildOperationRunner.java:27)
[        ] 	at org.gradle.internal.operations.DefaultBuildOperationRunner$2.execute(DefaultBuildOperationRunner.java:67)
[        ] 	at org.gradle.internal.operations.DefaultBuildOperationRunner$2.execute(DefaultBuildOperationRunner.java:60)
[        ] 	at org.gradle.internal.operations.DefaultBuildOperationRunner.execute(DefaultBuildOperationRunner.java:167)
[        ] 	at org.gradle.internal.operations.DefaultBuildOperationRunner.execute(DefaultBuildOperationRunner.java:60)
[        ] 	at org.gradle.internal.operations.DefaultBuildOperationRunner.run(DefaultBuildOperationRunner.java:48)
[        ] 	at org.gradle.api.internal.tasks.execution.TaskExecution.executeAction(TaskExecution.java:229)
[        ] 	at org.gradle.api.internal.tasks.execution.TaskExecution.executeActions(TaskExecution.java:212)
[        ] 	at org.gradle.api.internal.tasks.execution.TaskExecution.executeWithPreviousOutputFiles(TaskExecution.java:195)
[        ] 	at org.gradle.api.internal.tasks.execution.TaskExecution.execute(TaskExecution.java:162)
[        ] 	at org.gradle.internal.execution.steps.ExecuteStep.executeInternal(ExecuteStep.java:105)
[        ] 	at org.gradle.internal.execution.steps.ExecuteStep.access$000(ExecuteStep.java:44)
[        ] 	at org.gradle.internal.execution.steps.ExecuteStep$1.call(ExecuteStep.java:59)
[        ] 	at org.gradle.internal.execution.steps.ExecuteStep$1.call(ExecuteStep.java:56)
[        ] 	at org.gradle.internal.operations.DefaultBuildOperationRunner$CallableBuildOperationWorker.execute(DefaultBuildOperationRunner.java:210)
[        ] 	at org.gradle.internal.operations.DefaultBuildOperationRunner$CallableBuildOperationWorker.execute(DefaultBuildOperationRunner.java:205)
[        ] 	at org.gradle.internal.operations.DefaultBuildOperationRunner$2.execute(DefaultBuildOperationRunner.java:67)
[        ] 	at org.gradle.internal.operations.DefaultBuildOperationRunner$2.execute(DefaultBuildOperationRunner.java:60)
[        ] 	at org.gradle.internal.operations.DefaultBuildOperationRunner.execute(DefaultBuildOperationRunner.java:167)
[        ] 	at org.gradle.internal.operations.DefaultBuildOperationRunner.execute(DefaultBuildOperationRunner.java:60)
[        ] 	at org.gradle.internal.operations.DefaultBuildOperationRunner.call(DefaultBuildOperationRunner.java:54)
[        ] 	at org.gradle.internal.execution.steps.ExecuteStep.execute(ExecuteStep.java:56)
[        ] 	at org.gradle.internal.execution.steps.ExecuteStep.execute(ExecuteStep.java:44)
[        ] 	at org.gradle.internal.execution.steps.CancelExecutionStep.execute(CancelExecutionStep.java:42)
[        ] 	at org.gradle.internal.execution.steps.TimeoutStep.executeWithoutTimeout(TimeoutStep.java:75)
[        ] 	at org.gradle.internal.execution.steps.TimeoutStep.execute(TimeoutStep.java:55)
[        ] 	at org.gradle.internal.execution.steps.PreCreateOutputParentsStep.execute(PreCreateOutputParentsStep.java:50)
[        ] 	at org.gradle.internal.execution.steps.PreCreateOutputParentsStep.execute(PreCreateOutputParentsStep.java:28)
[        ] 	at org.gradle.internal.execution.steps.RemovePreviousOutputsStep.execute(RemovePreviousOutputsStep.java:67)
[        ] 	at org.gradle.internal.execution.steps.RemovePreviousOutputsStep.execute(RemovePreviousOutputsStep.java:37)
[        ] 	at org.gradle.internal.execution.steps.BroadcastChangingOutputsStep.execute(BroadcastChangingOutputsStep.java:61)
[        ] 	at org.gradle.internal.execution.steps.BroadcastChangingOutputsStep.execute(BroadcastChangingOutputsStep.java:26)
[        ] 	at org.gradle.internal.execution.steps.CaptureOutputsAfterExecutionStep.execute(CaptureOutputsAfterExecutionStep.java:69)
[        ] 	at org.gradle.internal.execution.steps.CaptureOutputsAfterExecutionStep.execute(CaptureOutputsAfterExecutionStep.java:46)
[        ] 	at org.gradle.internal.execution.steps.ResolveInputChangesStep.execute(ResolveInputChangesStep.java:40)
[        ] 	at org.gradle.internal.execution.steps.ResolveInputChangesStep.execute(ResolveInputChangesStep.java:29)
[        ] 	at org.gradle.internal.execution.steps.BuildCacheStep.executeWithoutCache(BuildCacheStep.java:189)
[        ] 	at org.gradle.internal.execution.steps.BuildCacheStep.lambda$execute$1(BuildCacheStep.java:75)
[        ] 	at org.gradle.internal.Either$Right.fold(Either.java:175)
[        ] 	at org.gradle.internal.execution.caching.CachingState.fold(CachingState.java:62)
[        ] 	at org.gradle.internal.execution.steps.BuildCacheStep.execute(BuildCacheStep.java:73)
[        ] 	at org.gradle.internal.execution.steps.BuildCacheStep.execute(BuildCacheStep.java:48)
[        ] 	at org.gradle.internal.execution.steps.StoreExecutionStateStep.execute(StoreExecutionStateStep.java:46)
[        ] 	at org.gradle.internal.execution.steps.StoreExecutionStateStep.execute(StoreExecutionStateStep.java:35)
[        ] 	at org.gradle.internal.execution.steps.SkipUpToDateStep.executeBecause(SkipUpToDateStep.java:75)
[        ] 	at org.gradle.internal.execution.steps.SkipUpToDateStep.lambda$execute$2(SkipUpToDateStep.java:53)
[        ] 	at java.base/java.util.Optional.orElseGet(Unknown Source)
[        ] 	at org.gradle.internal.execution.steps.SkipUpToDateStep.execute(SkipUpToDateStep.java:53)
[        ] 	at org.gradle.internal.execution.steps.SkipUpToDateStep.execute(SkipUpToDateStep.java:35)
[        ] 	at org.gradle.internal.execution.steps.legacy.MarkSnapshottingInputsFinishedStep.execute(MarkSnapshottingInputsFinishedStep.java:37)
[        ] 	at org.gradle.internal.execution.steps.legacy.MarkSnapshottingInputsFinishedStep.execute(MarkSnapshottingInputsFinishedStep.java:27)
[        ] 	at org.gradle.internal.execution.steps.ResolveIncrementalCachingStateStep.executeDelegate(ResolveIncrementalCachingStateStep.java:49)
[        ] 	at org.gradle.internal.execution.steps.ResolveIncrementalCachingStateStep.executeDelegate(ResolveIncrementalCachingStateStep.java:27)
[        ] 	at org.gradle.internal.execution.steps.AbstractResolveCachingStateStep.execute(AbstractResolveCachingStateStep.java:71)
[        ] 	at org.gradle.internal.execution.steps.AbstractResolveCachingStateStep.execute(AbstractResolveCachingStateStep.java:39)
[        ] 	at org.gradle.internal.execution.steps.ResolveChangesStep.execute(ResolveChangesStep.java:65)
[        ] 	at org.gradle.internal.execution.steps.ResolveChangesStep.execute(ResolveChangesStep.java:36)
[        ] 	at org.gradle.internal.execution.steps.ValidateStep.execute(ValidateStep.java:107)
[        ] 	at org.gradle.internal.execution.steps.ValidateStep.execute(ValidateStep.java:56)
[        ] 	at org.gradle.internal.execution.steps.AbstractCaptureStateBeforeExecutionStep.execute(AbstractCaptureStateBeforeExecutionStep.java:64)
[        ] 	at org.gradle.internal.execution.steps.AbstractCaptureStateBeforeExecutionStep.execute(AbstractCaptureStateBeforeExecutionStep.java:43)
[        ] 	at org.gradle.internal.execution.steps.AbstractSkipEmptyWorkStep.executeWithNonEmptySources(AbstractSkipEmptyWorkStep.java:125)
[        ] 	at org.gradle.internal.execution.steps.AbstractSkipEmptyWorkStep.execute(AbstractSkipEmptyWorkStep.java:56)
[        ] 	at org.gradle.internal.execution.steps.AbstractSkipEmptyWorkStep.execute(AbstractSkipEmptyWorkStep.java:36)
[        ] 	at org.gradle.internal.execution.steps.legacy.MarkSnapshottingInputsStartedStep.execute(MarkSnapshottingInputsStartedStep.java:38)
[        ] 	at org.gradle.internal.execution.steps.LoadPreviousExecutionStateStep.execute(LoadPreviousExecutionStateStep.java:36)
[        ] 	at org.gradle.internal.execution.steps.LoadPreviousExecutionStateStep.execute(LoadPreviousExecutionStateStep.java:23)
[        ] 	at org.gradle.internal.execution.steps.HandleStaleOutputsStep.execute(HandleStaleOutputsStep.java:75)
[        ] 	at org.gradle.internal.execution.steps.HandleStaleOutputsStep.execute(HandleStaleOutputsStep.java:41)
[        ] 	at org.gradle.internal.execution.steps.AssignMutableWorkspaceStep.lambda$execute$0(AssignMutableWorkspaceStep.java:35)
[        ] 	at org.gradle.api.internal.tasks.execution.TaskExecution$4.withWorkspace(TaskExecution.java:289)
[        ] 	at org.gradle.internal.execution.steps.AssignMutableWorkspaceStep.execute(AssignMutableWorkspaceStep.java:31)
[        ] 	at org.gradle.internal.execution.steps.AssignMutableWorkspaceStep.execute(AssignMutableWorkspaceStep.java:22)
[        ] 	at org.gradle.internal.execution.steps.ChoosePipelineStep.execute(ChoosePipelineStep.java:40)
[        ] 	at org.gradle.internal.execution.steps.ChoosePipelineStep.execute(ChoosePipelineStep.java:23)
[        ] 	at org.gradle.internal.execution.steps.ExecuteWorkBuildOperationFiringStep.lambda$execute$2(ExecuteWorkBuildOperationFiringStep.java:67)
[        ] 	at java.base/java.util.Optional.orElseGet(Unknown Source)
[        ] 	at org.gradle.internal.execution.steps.ExecuteWorkBuildOperationFiringStep.execute(ExecuteWorkBuildOperationFiringStep.java:67)
[        ] 	at org.gradle.internal.execution.steps.ExecuteWorkBuildOperationFiringStep.execute(ExecuteWorkBuildOperationFiringStep.java:39)
[        ] 	at org.gradle.internal.execution.steps.IdentityCacheStep.execute(IdentityCacheStep.java:46)
[        ] 	at org.gradle.internal.execution.steps.IdentityCacheStep.execute(IdentityCacheStep.java:34)
[        ] 	at org.gradle.internal.execution.steps.IdentifyStep.execute(IdentifyStep.java:48)
[        ] 	at org.gradle.internal.execution.steps.IdentifyStep.execute(IdentifyStep.java:35)
[        ] 	at org.gradle.internal.execution.impl.DefaultExecutionEngine$1.execute(DefaultExecutionEngine.java:64)
[        ] 	at org.gradle.api.internal.tasks.execution.ExecuteActionsTaskExecuter.executeIfValid(ExecuteActionsTaskExecuter.java:127)
[        ] 	at org.gradle.api.internal.tasks.execution.ExecuteActionsTaskExecuter.execute(ExecuteActionsTaskExecuter.java:116)
[        ] 	at org.gradle.api.internal.tasks.execution.ProblemsTaskPathTrackingTaskExecuter.execute(ProblemsTaskPathTrackingTaskExecuter.java:41)
[        ] 	at org.gradle.api.internal.tasks.execution.FinalizePropertiesTaskExecuter.execute(FinalizePropertiesTaskExecuter.java:46)
[        ] 	at org.gradle.api.internal.tasks.execution.ResolveTaskExecutionModeExecuter.execute(ResolveTaskExecutionModeExecuter.java:51)
[        ] 	at org.gradle.api.internal.tasks.execution.SkipTaskWithNoActionsExecuter.execute(SkipTaskWithNoActionsExecuter.java:57)
[        ] 	at org.gradle.api.internal.tasks.execution.SkipOnlyIfTaskExecuter.execute(SkipOnlyIfTaskExecuter.java:74)
[        ] 	at org.gradle.api.internal.tasks.execution.CatchExceptionTaskExecuter.execute(CatchExceptionTaskExecuter.java:36)
[        ] 	at org.gradle.api.internal.tasks.execution.EventFiringTaskExecuter$1.executeTask(EventFiringTaskExecuter.java:77)
[        ] 	at org.gradle.api.internal.tasks.execution.EventFiringTaskExecuter$1.call(EventFiringTaskExecuter.java:55)
[        ] 	at org.gradle.api.internal.tasks.execution.EventFiringTaskExecuter$1.call(EventFiringTaskExecuter.java:52)
[        ] 	at org.gradle.internal.operations.DefaultBuildOperationRunner$CallableBuildOperationWorker.execute(DefaultBuildOperationRunner.java:210)
[        ] 	at org.gradle.internal.operations.DefaultBuildOperationRunner$CallableBuildOperationWorker.execute(DefaultBuildOperationRunner.java:205)
[        ] 	at org.gradle.internal.operations.DefaultBuildOperationRunner$2.execute(DefaultBuildOperationRunner.java:67)
[        ] 	at org.gradle.internal.operations.DefaultBuildOperationRunner$2.execute(DefaultBuildOperationRunner.java:60)
[        ] 	at org.gradle.internal.operations.DefaultBuildOperationRunner.execute(DefaultBuildOperationRunner.java:167)
[        ] 	at org.gradle.internal.operations.DefaultBuildOperationRunner.execute(DefaultBuildOperationRunner.java:60)
[        ] 	at org.gradle.internal.operations.DefaultBuildOperationRunner.call(DefaultBuildOperationRunner.java:54)
[        ] 	at org.gradle.api.internal.tasks.execution.EventFiringTaskExecuter.execute(EventFiringTaskExecuter.java:52)
[        ] 	at org.gradle.execution.plan.LocalTaskNodeExecutor.execute(LocalTaskNodeExecutor.java:42)
[        ] 	at org.gradle.execution.taskgraph.DefaultTaskExecutionGraph$InvokeNodeExecutorsAction.execute(DefaultTaskExecutionGraph.java:331)
[        ] 	at org.gradle.execution.taskgraph.DefaultTaskExecutionGraph$InvokeNodeExecutorsAction.execute(DefaultTaskExecutionGraph.java:318)
[        ] 	at org.gradle.execution.taskgraph.DefaultTaskExecutionGraph$BuildOperationAwareExecutionAction.lambda$execute$0(DefaultTaskExecutionGraph.java:314)
[        ] 	at org.gradle.internal.operations.CurrentBuildOperationRef.with(CurrentBuildOperationRef.java:85)
[        ] 	at org.gradle.execution.taskgraph.DefaultTaskExecutionGraph$BuildOperationAwareExecutionAction.execute(DefaultTaskExecutionGraph.java:314)
[        ] 	at org.gradle.execution.taskgraph.DefaultTaskExecutionGraph$BuildOperationAwareExecutionAction.execute(DefaultTaskExecutionGraph.java:303)
[        ] 	at org.gradle.execution.plan.DefaultPlanExecutor$ExecutorWorker.execute(DefaultPlanExecutor.java:459)
[        ] 	at org.gradle.execution.plan.DefaultPlanExecutor$ExecutorWorker.run(DefaultPlanExecutor.java:376)
[        ] 	at org.gradle.execution.plan.DefaultPlanExecutor.process(DefaultPlanExecutor.java:111)
[        ] 	at org.gradle.execution.taskgraph.DefaultTaskExecutionGraph.executeWithServices(DefaultTaskExecutionGraph.java:138)
[        ] 	at org.gradle.execution.taskgraph.DefaultTaskExecutionGraph.execute(DefaultTaskExecutionGraph.java:123)
[        ] 	at org.gradle.execution.SelectedTaskExecutionAction.execute(SelectedTaskExecutionAction.java:35)
[        ] 	at org.gradle.execution.DryRunBuildExecutionAction.execute(DryRunBuildExecutionAction.java:51)
[        ] 	at org.gradle.execution.BuildOperationFiringBuildWorkerExecutor$ExecuteTasks.call(BuildOperationFiringBuildWorkerExecutor.java:54)
[        ] 	at org.gradle.execution.BuildOperationFiringBuildWorkerExecutor$ExecuteTasks.call(BuildOperationFiringBuildWorkerExecutor.java:43)
[        ] 	at org.gradle.internal.operations.DefaultBuildOperationRunner$CallableBuildOperationWorker.execute(DefaultBuildOperationRunner.java:210)
[        ] 	at org.gradle.internal.operations.DefaultBuildOperationRunner$CallableBuildOperationWorker.execute(DefaultBuildOperationRunner.java:205)
[        ] 	at org.gradle.internal.operations.DefaultBuildOperationRunner$2.execute(DefaultBuildOperationRunner.java:67)
[        ] 	at org.gradle.internal.operations.DefaultBuildOperationRunner$2.execute(DefaultBuildOperationRunner.java:60)
[        ] 	at org.gradle.internal.operations.DefaultBuildOperationRunner.execute(DefaultBuildOperationRunner.java:167)
[        ] 	at org.gradle.internal.operations.DefaultBuildOperationRunner.execute(DefaultBuildOperationRunner.java:60)
[        ] 	at org.gradle.internal.operations.DefaultBuildOperationRunner.call(DefaultBuildOperationRunner.java:54)
[        ] 	at org.gradle.execution.BuildOperationFiringBuildWorkerExecutor.execute(BuildOperationFiringBuildWorkerExecutor.java:40)
[        ] 	at org.gradle.internal.build.DefaultBuildLifecycleController.lambda$executeTasks$10(DefaultBuildLifecycleController.java:313)
[        ] 	at org.gradle.internal.model.StateTransitionController.doTransition(StateTransitionController.java:266)
[        ] 	at org.gradle.internal.model.StateTransitionController.lambda$tryTransition$8(StateTransitionController.java:177)
[        ] 	at org.gradle.internal.work.DefaultSynchronizer.withLock(DefaultSynchronizer.java:46)
[        ] 	at org.gradle.internal.model.StateTransitionController.tryTransition(StateTransitionController.java:177)
[        ] 	at org.gradle.internal.build.DefaultBuildLifecycleController.executeTasks(DefaultBuildLifecycleController.java:304)
[        ] 	at org.gradle.internal.build.DefaultBuildWorkGraphController$DefaultBuildWorkGraph.runWork(DefaultBuildWorkGraphController.java:220)
[        ] 	at org.gradle.internal.work.DefaultWorkerLeaseService.withLocks(DefaultWorkerLeaseService.java:263)
[        ] 	at org.gradle.internal.work.DefaultWorkerLeaseService.runAsWorkerThread(DefaultWorkerLeaseService.java:127)
[        ] 	at org.gradle.composite.internal.DefaultBuildController.doRun(DefaultBuildController.java:181)
[        ] 	at org.gradle.composite.internal.DefaultBuildController.access$000(DefaultBuildController.java:50)
[        ] 	at org.gradle.composite.internal.DefaultBuildController$BuildOpRunnable.lambda$run$0(DefaultBuildController.java:198)
[        ] 	at org.gradle.internal.operations.CurrentBuildOperationRef.with(CurrentBuildOperationRef.java:85)
[        ] 	at org.gradle.composite.internal.DefaultBuildController$BuildOpRunnable.run(DefaultBuildController.java:198)
[        ] 	at java.base/java.util.concurrent.Executors$RunnableAdapter.call(Unknown Source)
[        ] 	at java.base/java.util.concurrent.FutureTask.run(Unknown Source)
[        ] 	at org.gradle.internal.concurrent.ExecutorPolicy$CatchAndRecordFailures.onExecute(ExecutorPolicy.java:64)
[        ] 	at org.gradle.internal.concurrent.AbstractManagedExecutor$1.run(AbstractManagedExecutor.java:48)
[        ] 	at java.base/java.util.concurrent.ThreadPoolExecutor.runWorker(Unknown Source)
[        ] 	at java.base/java.util.concurrent.ThreadPoolExecutor$Worker.run(Unknown Source)
[        ] 	at java.base/java.lang.Thread.run(Unknown Source)
[        ] BUILD FAILED in 6s
[        ] Deprecated Gradle features were used in this build, making it incompatible with Gradle 9.0.
[        ] You can use '--warning-mode all' to show the individual deprecation warnings and determine if they come from your own scripts or plugins.
[        ] For more on this, please refer to https://docs.gradle.org/8.14/userguide/command_line_interface.html#sec:command_line_warnings in the Gradle documentation.
[        ] 6 actionable tasks: 2 executed, 4 up-to-date
[  +40 ms] Watched directory hierarchies: [/opt/homebrew/share/flutter/packages/flutter_tools/gradle, /Users/devaananth/VS_code/Hackathon_1/android]
[  +24 ms] Running Gradle task 'assembleDebug'... (completed in 6.6s)
[  +15 ms] "flutter apk" took 11,922ms.
[   +5 ms] executing: sw_vers -productName
[  +18 ms] Exit code 0 from: sw_vers -productName
[        ] macOS
[        ] executing: sw_vers -productVersion
[  +14 ms] Exit code 0 from: sw_vers -productVersion
[        ] 26.4
[        ] executing: sw_vers -buildVersion
[  +13 ms] Exit code 0 from: sw_vers -buildVersion
[        ] 25E246
[        ] executing: uname -m
[   +5 ms] Exit code 0 from: uname -m
[        ] arm64
[  +21 ms] Gradle task assembleDebug failed with exit code 1
[        ] 
           #0      throwToolExit (package:flutter_tools/src/base/common.dart:34:3)
           #1      AndroidGradleBuilder.buildGradleApp (package:flutter_tools/src/android/gradle.dart:592:7)
           <asynchronous suspension>
           #2      AndroidGradleBuilder.buildApk (package:flutter_tools/src/android/gradle.dart:234:5)
           <asynchronous suspension>
           #3      BuildApkCommand.runCommand (package:flutter_tools/src/commands/build_apk.dart:131:5)
           <asynchronous suspension>
           #4      FlutterCommand.run.<anonymous closure> (package:flutter_tools/src/runner/flutter_command.dart:1559:27)
           <asynchronous suspension>
           #5      AppContext.run.<anonymous closure> (package:flutter_tools/src/base/context.dart:154:19)
           <asynchronous suspension>
           #6      CommandRunner.runCommand (package:args/command_runner.dart:212:13)
           <asynchronous suspension>
           #7      FlutterCommandRunner.runCommand.<anonymous closure> (package:flutter_tools/src/runner/flutter_command_runner.dart:487:9)
           <asynchronous suspension>
           #8      AppContext.run.<anonymous closure> (package:flutter_tools/src/base/context.dart:154:19)
           <asynchronous suspension>
           #9      FlutterCommandRunner.runCommand (package:flutter_tools/src/runner/flutter_command_runner.dart:422:5)
           <asynchronous suspension>
           #10     run.<anonymous closure>.<anonymous closure> (package:flutter_tools/runner.dart:104:11)
           <asynchronous suspension>
           #11     AppContext.run.<anonymous closure> (package:flutter_tools/src/base/context.dart:154:19)
           <asynchronous suspension>
           #12     main (package:flutter_tools/executable.dart:103:3)
           <asynchronous suspension>


[        ] Running 1 shutdown hook
[   +1 ms] Shutdown hooks complete
[  +98 ms] exiting with code 1
